Найдённые в логах диалоги по описанию менеджеров
================================================================================

SCENARIO: Какие преимущества вашей подписки?
SESSION_ID: user_j0nf7og
--------------------------------------------------------------------------------
TURN 1
user_query: Какие преимущества вашей подписки?
agent_zero_turn_type: service_discovery_continue
agent_zero_subtype: 
classifier_source: direct_json
topic_ids: ["company_services_info"]
selected_action: company_services
answer_text: Здравствуйте! Подписка помогает автобизнесу работать с каталогами запчастей и технической информацией. Хотите, я расскажу о возможностях системы, сценариях использования и ограничениях?
followup_trace: {"is_followup": false, "followup_type": "unknown_followup", "input": "Какие преимущества вашей подписки?", "state_before": {"last_mentioned_brand": "", "last_topic_ids": [], "last_action_name": "", "last_bot_question_type": "unknown", "active_request_kind": "none", "manager_handoff_stage": "none"}, "inherited_brand": "", "suggested_topics": [], "reason": "No follow-up rule matched."}
dialog_act_trace: {}
shortlist_selected_scores: [{"topic_id": "epc_tariffs", "label_ru": "Тарифы EPC", "score": 1.317614, "lexical_score": 0.397614, "semantic_boost": 0.92, "semantic_penalty": 0.0, "continuity_boost": 0.0, "overlap": 0.333333, "jaccard": 0.052632, "avoid_overlap": 0.333333, "matched_tokens": ["подписк"], "score_breakdown": {"query": 0.245614, "meaning": 0.19, "brand_boost": 0.0, "query_boost": 0.92, "final": 1.317614}}, {"topic_id": "tis_tariffs", "label_ru": "Тарифы TIS", "score": 0.92, "lexical_score": 0.0, "semantic_boost": 0.92, "semantic_penalty": 0.0, "continuity_boost": 0.0, "overlap": 0.0, "jaccard": 0.0, "avoid_overlap": 0.0, "matched_tokens": [], "score_breakdown": {"query": 0.0, "meaning": 0.0, "brand_boost": 0.0, "query_boost": 0.92, "final": 0.92}}, {"topic_id": "company_services_info", "label_ru": "Возможности сервиса", "score": 0.735913, "lexical_score": 0.735913, "semantic_boost": 0.0, "semantic_penalty": 0.0, "continuity_boost": 0.0, "overlap": 0.666667, "jaccard": 0.074074, "avoid_overlap": 0.333333, "matched_tokens": ["каки", "преимуществ"], "score_breakdown": {"query": 0.590741, "meaning": 0.181466, "brand_boost": 0.0, "query_boost": 0.0, "final": 0.735913}}, {"topic_id": "subscription_renewal", "label_ru": "Продление подписки", "score": 0.613013, "lexical_score": 0.613013, "semantic_boost": 0.0, "semantic_penalty": 0.0, "continuity_boost": 0.0, "overlap": 0.333333, "jaccard": 0.083333, "avoid_overlap": 0.0, "matched_tokens": ["подписк"], "score_breakdown": {"query": 0.379167, "meaning": 0.292308, "brand_boost": 0.0, "query_boost": 0.0, "final": 0.613013}}, {"topic_id": "competitor_comparison", "label_ru": "Отличие от конкурентов", "score": 0.587047, "lexical_score": 0.587047, "semantic_boost": 0.0, "semantic_penalty": 0.0, "continuity_boost": 0.0, "overlap": 0.333333, "jaccard": 0.055556, "avoid_overlap": 0.0, "matched_tokens": ["преимуществ"], "score_breakdown": {"query": 0.363889, "meaning": 0.278947, "brand_boost": 0.0, "query_boost": 0.0, "final": 0.587047}}, {"topic_id": "purchase_ready", "label_ru": "Готовность к покупке", "score": 0.566966, "lexical_score": 0.566966, "semantic_boost": 0.0, "semantic_penalty": 0.0, "continuity_boost": 0.0, "overlap": 0.333333, "jaccard": 0.034483, "avoid_overlap": 0.0, "matched_tokens": ["подписк"], "score_breakdown": {"query": 0.352299, "meaning": 0.268333, "brand_boost": 0.0, "query_boost": 0.0, "final": 0.566966}}, {"topic_id": "payment_process", "label_ru": "Процесс оплаты", "score": 0.37, "lexical_score": 0.37, "semantic_boost": 0.0, "semantic_penalty": 0.0, "continuity_boost": 0.0, "overlap": 0.333333, "jaccard": 0.066667, "avoid_overlap": 0.0, "matched_tokens": ["каки"], "score_breakdown": {"query": 0.37, "meaning": 0.0, "brand_boost": 0.0, "query_boost": 0.0, "final": 0.37}}, {"topic_id": "catalog_list_request", "label_ru": "Список каталогов", "score": 0.363889, "lexical_score": 0.363889, "semantic_boost": 0.0, "semantic_penalty": 0.0, "continuity_boost": 0.0, "overlap": 0.333333, "jaccard": 0.055556, "avoid_overlap": 0.0, "matched_tokens": ["каки"], "score_breakdown": {"query": 0.363889, "meaning": 0.0, "brand_boost": 0.0, "query_boost": 0.0, "final": 0.363889}}]
shortlist_skipped: null
shortlist_skip_reason: null
state_before: {"client_type": "unknown", "legal_entity_confirmed": false, "purchase_active": false, "purchase_stage": "unknown", "last_question_type": "unknown", "last_primary_topic": "out_of_scope_request", "last_topic_ids": [], "last_secondary_topics": [], "dialog_phase": "discovery", "conversation_closed": false, "greeted": false, "active_flow": "none", "flow_step": "idle", "last_action_name": "", "same_action_repeats": 0, "manager_handoff_stage": "none", "evidence_status": "unknown", "active_request_kind": "none", "document_contact_collected": false, "last_bot_question_type": "unknown", "last_mentioned_brand": "", "last_focus_topic": "out_of_scope_request", "last_context_gist": "", "last_context_meaning": "", "last_context_fallback_used": false, "last_context_fallback_reason": "", "active_business_flow": "none", "active_pricing_flow": "none", "pricing_requested_product": "", "requested_brands": [], "recognized_brands": [], "unknown_brand_mentions": [], "missing_price_brands": [], "priced_brands": [], "pending_brand_mentions": [], "pricing_mode": "all", "pricing_flow": {}, "service_semantic_memory": {}, "slots": {}}
state_after_classification: {"client_type": "unknown", "legal_entity_confirmed": false, "purchase_active": false, "purchase_stage": "unknown", "last_question_type": "unknown", "last_primary_topic": "company_services_info", "last_topic_ids": ["company_services_info"], "last_secondary_topics": [], "dialog_phase": "discovery", "conversation_closed": false, "greeted": false, "active_flow": "none", "flow_step": "idle", "last_action_name": "", "same_action_repeats": 0, "manager_handoff_stage": "none", "evidence_status": "unknown", "active_request_kind": "company_services_info", "document_contact_collected": false, "last_bot_question_type": "unknown", "last_mentioned_brand": "", "last_focus_topic": "company_services_info", "last_context_gist": "Клиент спрашивает о преимуществах подписки на сервис.", "last_context_meaning": "Клиент повторно запрашивает информацию о преимуществах подписки.", "last_context_fallback_used": false, "last_context_fallback_reason": "", "active_business_flow": "none", "active_pricing_flow": "none", "pricing_requested_product": "", "requested_brands": [], "recognized_brands": [], "unknown_brand_mentions": [], "missing_price_brands": [], "priced_brands": [], "pending_brand_mentions": [], "pricing_mode": "all", "pricing_flow": {"active": false, "product": "", "mode": "all", "stage": "idle", "brand_mentions": [], "brand_items": [], "raw_brand_mentions": [], "requested_brand_keys": [], "recognized_brands": [], "unknown_brand_mentions": [], "priced_brands": [], "missing_price_brands": [], "pending_brand_mentions": [], "processed_brand_mentions": [], "remaining_brand_mentions": []}, "service_semantic_memory": {}, "slots": {}}
state_after_response: {"client_type": "unknown", "legal_entity_confirmed": false, "purchase_active": false, "purchase_stage": "unknown", "last_question_type": "unknown", "last_primary_topic": "company_services_info", "last_topic_ids": ["company_services_info"], "last_secondary_topics": [], "dialog_phase": "discovery", "conversation_closed": false, "greeted": false, "active_flow": "none", "flow_step": "idle", "last_action_name": "company_services", "same_action_repeats": 1, "manager_handoff_stage": "none", "evidence_status": "knowledge_context", "active_request_kind": "company_services_info", "document_contact_collected": false, "last_bot_question_type": "service_clarification", "last_mentioned_brand": "", "last_focus_topic": "company_services_info", "last_context_gist": "Клиент спрашивает о преимуществах подписки на сервис.", "last_context_meaning": "Клиент повторно запрашивает информацию о преимуществах подписки.", "last_context_fallback_used": false, "last_context_fallback_reason": "", "active_business_flow": "company_services", "active_pricing_flow": "none", "pricing_requested_product": "", "requested_brands": [], "recognized_brands": [], "unknown_brand_mentions": [], "missing_price_brands": [], "priced_brands": [], "pending_brand_mentions": [], "pricing_mode": "all", "pricing_flow": {"active": false, "product": "", "mode": "all", "stage": "idle", "brand_mentions": [], "brand_items": [], "raw_brand_mentions": [], "requested_brand_keys": [], "recognized_brands": [], "unknown_brand_mentions": [], "priced_brands": [], "missing_price_brands": [], "pending_brand_mentions": [], "processed_brand_mentions": [], "remaining_brand_mentions": []}, "service_semantic_memory": {"used_fact_ids": ["company_services_general"], "used_groups": ["service_intro"]}, "slots": {"used_service_fact_ids": ["company_services_general"], "used_service_semantic_groups": ["service_intro"]}}
answer_selection_trace: {"llm_answer": "Подписка помогает автобизнесу работать с каталогами запчастей и технической информацией. Хотите, я расскажу о возможностях системы, сценариях использования и ограничениях?", "fallback_answer": "Сервис помогает автобизнесу работать с каталогами запчастей и технической информацией. Могу кратко рассказать о возможностях системы, сценариях использования и ограничениях.", "deterministic_answer": "Сервис помогает автобизнесу работать с каталогами запчастей и технической информацией. Могу кратко рассказать о возможностях системы, сценариях использования и ограничениях.", "validator_passed": true, "selected_source": "llm", "selection_reason": "LLM answer preserved mandatory meaning and action compatibility.", "mandatory_blocks": [], "llm_validation": {}, "action_compatible": true, "validator_trace": {"is_valid": true, "blocker_hits": [], "missing_required": []}, "final_answer_source": "llm", "hard_deterministic_pricing": false, "hard_deterministic_service": false, "hard_locked_action": false}
pricing_flow_trace: {"active": false, "product": "", "mode": "all", "stage": "idle", "brand_mentions": [], "brand_items": [], "raw_brand_mentions": [], "requested_brand_keys": [], "recognized_brands": [], "unknown_brand_mentions": [], "priced_brands": [], "missing_price_brands": [], "pending_brand_mentions": [], "processed_brand_mentions": [], "remaining_brand_mentions": []}
product_context_trace: {"raw_query": "Какие преимущества вашей подписки?", "requested_products": [], "raw_brand_mentions": [], "mentioned_brands": [], "unknown_brand_mentions": [], "brand_display": [], "asks_price": false, "asks_availability": false, "asks_comparison": false, "partial_access_requested": false, "partial_package_requested": false, "partial_epc_requested": false, "inferred_product_context": "", "unsupported_brand_group": "", "unknown_brand_query": "", "tis_price_status": "not_requested", "fallback_price_blocks": []}

TURN 2
user_query: давай
agent_zero_turn_type: service_discovery_continue
agent_zero_subtype: 
classifier_source: dialog_act_router
topic_ids: ["company_services_info"]
selected_action: company_services
answer_text: Здравствуйте! К ключевым преимуществам сервиса относятся актуальные данные, стабильная работа и поддержка рабочих сценариев автобизнеса.
Сервис рассчитан на профессиональное использование в автобизнесе. Для работы требуется понимание каталогов и технической документации, а часть функций и подключение оформляются через стандартный процесс доступа.
Подбор деталей выполняется через наши каталоги. Чат-бот не подбирает запчасти напрямую, но подскажу, какой каталог лучше использовать.
followup_trace: {"is_followup": false, "followup_type": "unknown_followup", "input": "давай", "state_before": {"last_mentioned_brand": "", "last_topic_ids": ["company_services_info"], "last_action_name": "company_services", "last_bot_question_type": "service_clarification", "active_request_kind": "company_services_info", "manager_handoff_stage": "none"}, "inherited_brand": "", "suggested_topics": [], "reason": "No follow-up rule matched."}
dialog_act_trace: {"applied": true, "reason": "service_continuation", "topic_ids": ["company_services_info"], "action_name": "company_services", "turn_type": "service_discovery_continue", "turn_subtype": "", "user_query": "давай", "slot_snapshot": {}, "product_context": {"raw_query": "давай", "requested_products": [], "raw_brand_mentions": [], "mentioned_brands": [], "unknown_brand_mentions": [], "brand_display": [], "asks_price": false, "asks_availability": false, "asks_comparison": false, "partial_access_requested": false, "partial_package_requested": false, "partial_epc_requested": false, "inferred_product_context": "", "unsupported_brand_group": "", "unknown_brand_query": ""}, "state_before": {"client_type": "unknown", "legal_entity_confirmed": false, "purchase_active": false, "purchase_stage": "unknown", "last_question_type": "unknown", "last_primary_topic": "company_services_info", "last_topic_ids": ["company_services_info"], "last_secondary_topics": [], "dialog_phase": "discovery", "conversation_closed": false, "greeted": false, "active_flow": "none", "flow_step": "idle", "last_action_name": "company_services", "same_action_repeats": 1, "manager_handoff_stage": "none", "evidence_status": "knowledge_context", "active_request_kind": "company_services_info", "document_contact_collected": false, "last_bot_question_type": "service_clarification", "last_mentioned_brand": "", "last_focus_topic": "company_services_info", "last_context_gist": "Клиент спрашивает о преимуществах подписки на сервис.", "last_context_meaning": "Клиент повторно запрашивает информацию о преимуществах подписки.", "last_context_fallback_used": false, "last_context_fallback_reason": "", "active_business_flow": "company_services", "active_pricing_flow": "none", "pricing_requested_product": "", "requested_brands": [], "recognized_brands": [], "unknown_brand_mentions": [], "missing_price_brands": [], "priced_brands": [], "pending_brand_mentions": [], "pricing_mode": "all", "pricing_flow": {"active": false, "product": "", "mode": "all", "stage": "idle", "brand_mentions": [], "brand_items": [], "raw_brand_mentions": [], "requested_brand_keys": [], "recognized_brands": [], "unknown_brand_mentions": [], "priced_brands": [], "missing_price_brands": [], "pending_brand_mentions": [], "processed_brand_mentions": [], "remaining_brand_mentions": []}, "service_semantic_memory": {"used_fact_ids": ["company_services_general", "company_services_competitor_discount", "company_services_cons"], "used_groups": ["service_intro", "service_value", "service_limits"]}, "slots": {"used_service_fact_ids": ["company_services_general"], "used_service_semantic_groups": ["service_intro"]}}, "extra_state_patch": {"active_business_flow": "company_services", "last_primary_topic": "company_services_info", "last_topic_ids": ["company_services_info"], "last_secondary_topics": [], "last_focus_topic": "company_services_info", "active_request_kind": "company_services"}}
shortlist_selected_scores: null
shortlist_skipped: true
shortlist_skip_reason: "service_continuation"
state_before: {"client_type": "unknown", "legal_entity_confirmed": false, "purchase_active": false, "purchase_stage": "unknown", "last_question_type": "unknown", "last_primary_topic": "company_services_info", "last_topic_ids": ["company_services_info"], "last_secondary_topics": [], "dialog_phase": "discovery", "conversation_closed": false, "greeted": false, "active_flow": "none", "flow_step": "idle", "last_action_name": "company_services", "same_action_repeats": 1, "manager_handoff_stage": "none", "evidence_status": "knowledge_context", "active_request_kind": "company_services_info", "document_contact_collected": false, "last_bot_question_type": "service_clarification", "last_mentioned_brand": "", "last_focus_topic": "company_services_info", "last_context_gist": "Клиент спрашивает о преимуществах подписки на сервис.", "last_context_meaning": "Клиент повторно запрашивает информацию о преимуществах подписки.", "last_context_fallback_used": false, "last_context_fallback_reason": "", "active_business_flow": "company_services", "active_pricing_flow": "none", "pricing_requested_product": "", "requested_brands": [], "recognized_brands": [], "unknown_brand_mentions": [], "missing_price_brands": [], "priced_brands": [], "pending_brand_mentions": [], "pricing_mode": "all", "pricing_flow": {"active": false, "product": "", "mode": "all", "stage": "idle", "brand_mentions": [], "brand_items": [], "raw_brand_mentions": [], "requested_brand_keys": [], "recognized_brands": [], "unknown_brand_mentions": [], "priced_brands": [], "missing_price_brands": [], "pending_brand_mentions": [], "processed_brand_mentions": [], "remaining_brand_mentions": []}, "service_semantic_memory": {"used_fact_ids": ["company_services_general", "company_services_competitor_discount", "company_services_cons"], "used_groups": ["service_intro", "service_value", "service_limits"]}, "slots": {"used_service_fact_ids": ["company_services_general"], "used_service_semantic_groups": ["service_intro"]}}
state_after_classification: {"client_type": "unknown", "legal_entity_confirmed": false, "purchase_active": false, "purchase_stage": "unknown", "last_question_type": "unknown", "last_primary_topic": "company_services_info", "last_topic_ids": ["company_services_info"], "last_secondary_topics": [], "dialog_phase": "discovery", "conversation_closed": false, "greeted": false, "active_flow": "none", "flow_step": "idle", "last_action_name": "company_services", "same_action_repeats": 1, "manager_handoff_stage": "none", "evidence_status": "knowledge_context", "active_request_kind": "company_services", "document_contact_collected": false, "last_bot_question_type": "unknown", "last_mentioned_brand": "", "last_focus_topic": "company_services_info", "last_context_gist": "Клиент просит рассказать о преимуществах подписки и подтверждает готовность слушать.", "last_context_meaning": "Клиент подтверждает желание продолжить обсуждение и получить информацию.", "last_context_fallback_used": false, "last_context_fallback_reason": "", "active_business_flow": "company_services", "active_pricing_flow": "none", "pricing_requested_product": "", "requested_brands": [], "recognized_brands": [], "unknown_brand_mentions": [], "missing_price_brands": [], "priced_brands": [], "pending_brand_mentions": [], "pricing_mode": "all", "pricing_flow": {"active": false, "product": "", "mode": "all", "stage": "idle", "brand_mentions": [], "brand_items": [], "raw_brand_mentions": [], "requested_brand_keys": [], "recognized_brands": [], "unknown_brand_mentions": [], "priced_brands": [], "missing_price_brands": [], "pending_brand_mentions": [], "processed_brand_mentions": [], "remaining_brand_mentions": []}, "service_semantic_memory": {"used_fact_ids": ["company_services_general", "company_services_competitor_discount", "company_services_cons"], "used_groups": ["service_intro", "service_value", "service_limits"]}, "slots": {"used_service_fact_ids": ["company_services_general"], "used_service_semantic_groups": ["service_intro"]}}
state_after_response: {"client_type": "unknown", "legal_entity_confirmed": false, "purchase_active": false, "purchase_stage": "unknown", "last_question_type": "unknown", "last_primary_topic": "company_services_info", "last_topic_ids": ["company_services_info"], "last_secondary_topics": [], "dialog_phase": "discovery", "conversation_closed": false, "greeted": false, "active_flow": "none", "flow_step": "idle", "last_action_name": "company_services", "same_action_repeats": 2, "manager_handoff_stage": "none", "evidence_status": "knowledge_context", "active_request_kind": "company_services", "document_contact_collected": false, "last_bot_question_type": "unknown", "last_mentioned_brand": "", "last_focus_topic": "company_services_info", "last_context_gist": "Клиент просит рассказать о преимуществах подписки и подтверждает готовность слушать.", "last_context_meaning": "Клиент подтверждает желание продолжить обсуждение и получить информацию.", "last_context_fallback_used": false, "last_context_fallback_reason": "", "active_business_flow": "company_services", "active_pricing_flow": "none", "pricing_requested_product": "", "requested_brands": [], "recognized_brands": [], "unknown_brand_mentions": [], "missing_price_brands": [], "priced_brands": [], "pending_brand_mentions": [], "pricing_mode": "all", "pricing_flow": {"active": false, "product": "", "mode": "all", "stage": "idle", "brand_mentions": [], "brand_items": [], "raw_brand_mentions": [], "requested_brand_keys": [], "recognized_brands": [], "unknown_brand_mentions": [], "priced_brands": [], "missing_price_brands": [], "pending_brand_mentions": [], "processed_brand_mentions": [], "remaining_brand_mentions": []}, "service_semantic_memory": {"used_fact_ids": ["company_services_general", "company_services_competitor_discount", "company_services_cons"], "used_groups": ["service_intro", "service_value", "service_limits"]}, "slots": {"used_service_fact_ids": ["company_services_general", "company_services_competitor_discount", "company_services_cons"], "used_service_semantic_groups": ["service_intro", "service_value", "service_limits"]}}
answer_selection_trace: {"llm_answer": "Ключевые преимущества сервиса – актуальные данные, стабильная работа и поддержка рабочих сценариев автобизнеса. Сервис предназначен для профессионального использования, требует понимания каталогов и технической документации. Подбор деталей осуществляется через каталоги, чат-бот подскажет, какой каталог лучше использовать. Ограничений по количеству запросов нет.", "fallback_answer": "К ключевым преимуществам сервиса относятся актуальные данные, стабильная работа и поддержка рабочих сценариев автобизнеса.\nСервис рассчитан на профессиональное использование в автобизнесе. Для работы требуется понимание каталогов и технической документации, а часть функций и подключение оформляются через стандартный процесс доступа.", "deterministic_answer": "К ключевым преимуществам сервиса относятся актуальные данные, стабильная работа и поддержка рабочих сценариев автобизнеса.\nСервис рассчитан на профессиональное использование в автобизнесе. Для работы требуется понимание каталогов и технической документации, а часть функций и подключение оформляются через стандартный процесс доступа.\nПодбор деталей выполняется через наши каталоги. Чат-бот не подбирает запчасти напрямую, но подскажу, какой каталог лучше использовать.", "validator_passed": true, "selected_source": "deterministic", "selection_reason": "Deterministic service progression preserved anti-repeat semantics.", "mandatory_blocks": [], "llm_validation": {}, "action_compatible": true, "validator_trace": {"is_valid": true, "blocker_hits": [], "missing_required": []}, "final_answer_source": "deterministic", "hard_deterministic_pricing": false, "hard_deterministic_service": true, "hard_locked_action": false}
pricing_flow_trace: {"active": false, "product": "", "mode": "all", "stage": "idle", "brand_mentions": [], "brand_items": [], "raw_brand_mentions": [], "requested_brand_keys": [], "recognized_brands": [], "unknown_brand_mentions": [], "priced_brands": [], "missing_price_brands": [], "pending_brand_mentions": [], "processed_brand_mentions": [], "remaining_brand_mentions": []}
product_context_trace: {"raw_query": "давай", "requested_products": [], "raw_brand_mentions": [], "mentioned_brands": [], "unknown_brand_mentions": [], "brand_display": [], "asks_price": false, "asks_availability": false, "asks_comparison": false, "partial_access_requested": false, "partial_package_requested": false, "partial_epc_requested": false, "inferred_product_context": "", "unsupported_brand_group": "", "unknown_brand_query": "", "tis_price_status": "not_requested", "fallback_price_blocks": []}


SCENARIO: Какой каталог мне нужен для Mercedes?
SESSION_ID: user_uiaini5
--------------------------------------------------------------------------------
TURN 1
user_query: Какой каталог мне нужен для Mercedes?
agent_zero_turn_type: service_discovery_continue
agent_zero_subtype: brand_request
classifier_source: direct_json
topic_ids: ["specific_brand_check"]
selected_action: brand_availability
answer_text: Здравствуйте! Да, каталог по Mercedes-Benz доступен. Могу подсказать стоимость и варианты подключения.
followup_trace: {"is_followup": false, "followup_type": "unknown_followup", "input": "Какой каталог мне нужен для Mercedes?", "state_before": {"last_mentioned_brand": "", "last_topic_ids": [], "last_action_name": "", "last_bot_question_type": "unknown", "active_request_kind": "none", "manager_handoff_stage": "none"}, "inherited_brand": "", "suggested_topics": [], "reason": "No follow-up rule matched."}
dialog_act_trace: {}
shortlist_selected_scores: [{"topic_id": "specific_brand_check", "label_ru": "Проверка конкретного бренда", "score": 1.714, "lexical_score": 0.364, "semantic_boost": 1.35, "semantic_penalty": 0.0, "continuity_boost": 0.0, "overlap": 0.333333, "jaccard": 0.045455, "avoid_overlap": 0.333333, "matched_tokens": ["каталог"], "score_breakdown": {"query": 0.241667, "meaning": 0.152917, "brand_boost": 1.35, "query_boost": 0.0, "final": 1.714}}, {"topic_id": "catalog_list_request", "label_ru": "Список каталогов", "score": 0.545889, "lexical_score": 0.545889, "semantic_boost": 0.0, "semantic_penalty": 0.0, "continuity_boost": 0.0, "overlap": 0.333333, "jaccard": 0.055556, "avoid_overlap": 0.0, "matched_tokens": ["каталог"], "score_breakdown": {"query": 0.363889, "meaning": 0.2275, "brand_boost": 0.0, "query_boost": 0.0, "final": 0.545889}}, {"topic_id": "free_catalog_comparison", "label_ru": "Сравнение с бесплатными каталогами", "score": 0.534846, "lexical_score": 0.534846, "semantic_boost": 0.0, "semantic_penalty": 0.0, "continuity_boost": 0.0, "overlap": 0.333333, "jaccard": 0.043478, "avoid_overlap": 0.0, "matched_tokens": ["каталог"], "score_breakdown": {"query": 0.357246, "meaning": 0.222, "brand_boost": 0.0, "query_boost": 0.0, "final": 0.534846}}, {"topic_id": "partial_catalog_request", "label_ru": "Только один бренд", "score": 0.526492, "lexical_score": 0.526492, "semantic_boost": 0.0, "semantic_penalty": 0.0, "continuity_boost": 0.0, "overlap": 0.333333, "jaccard": 0.034483, "avoid_overlap": 0.0, "matched_tokens": ["каталог"], "score_breakdown": {"query": 0.352299, "meaning": 0.217742, "brand_boost": 0.0, "query_boost": 0.0, "final": 0.526492}}, {"topic_id": "data_accuracy_doubt", "label_ru": "Сомнение в точности данных", "score": 0.1776, "lexical_score": 0.1776, "semantic_boost": 0.0, "semantic_penalty": 0.0, "continuity_boost": 0.0, "overlap": 0.2, "jaccard": 0.04, "avoid_overlap": 0.0, "matched_tokens": ["информаци"], "score_breakdown": {"query": 0.0, "meaning": 0.222, "brand_boost": 0.0, "query_boost": 0.0, "final": 0.1776}}, {"topic_id": "api_integration", "label_ru": "API и интеграция", "score": 0.0, "lexical_score": 0.0, "semantic_boost": 0.0, "semantic_penalty": 0.0, "continuity_boost": 0.0, "overlap": 0.0, "jaccard": 0.0, "avoid_overlap": 0.333333, "matched_tokens": [], "score_breakdown": {"query": 0.0, "meaning": 0.0, "brand_boost": 0.0, "query_boost": 0.0, "final": 0.0}}, {"topic_id": "brand_list_request", "label_ru": "Список брендов", "score": 0.0, "lexical_score": 0.0, "semantic_boost": 0.0, "semantic_penalty": 0.0, "continuity_boost": 0.0, "overlap": 0.0, "jaccard": 0.0, "avoid_overlap": 0.0, "matched_tokens": [], "score_breakdown": {"query": 0.0, "meaning": 0.0, "brand_boost": 0.0, "query_boost": 0.0, "final": 0.0}}, {"topic_id": "company_services_info", "label_ru": "Возможности сервиса", "score": 0.0, "lexical_score": 0.0, "semantic_boost": 0.0, "semantic_penalty": 0.0, "continuity_boost": 0.0, "overlap": 0.0, "jaccard": 0.0, "avoid_overlap": 0.333333, "matched_tokens": [], "score_breakdown": {"query": 0.0, "meaning": 0.0, "brand_boost": 0.0, "query_boost": 0.0, "final": 0.0}}]
shortlist_skipped: null
shortlist_skip_reason: null
state_before: {"client_type": "unknown", "legal_entity_confirmed": false, "purchase_active": false, "purchase_stage": "unknown", "last_question_type": "unknown", "last_primary_topic": "out_of_scope_request", "last_topic_ids": [], "last_secondary_topics": [], "dialog_phase": "discovery", "conversation_closed": false, "greeted": false, "active_flow": "none", "flow_step": "idle", "last_action_name": "", "same_action_repeats": 0, "manager_handoff_stage": "none", "evidence_status": "unknown", "active_request_kind": "none", "document_contact_collected": false, "last_bot_question_type": "unknown", "last_mentioned_brand": "", "last_focus_topic": "out_of_scope_request", "last_context_gist": "", "last_context_meaning": "", "last_context_fallback_used": false, "last_context_fallback_reason": "", "active_business_flow": "none", "active_pricing_flow": "none", "pricing_requested_product": "", "requested_brands": [], "recognized_brands": [], "unknown_brand_mentions": [], "missing_price_brands": [], "priced_brands": [], "pending_brand_mentions": [], "pricing_mode": "all", "pricing_flow": {}, "service_semantic_memory": {}, "slots": {}}
state_after_classification: {"client_type": "unknown", "legal_entity_confirmed": false, "purchase_active": false, "purchase_stage": "unknown", "last_question_type": "unknown", "last_primary_topic": "specific_brand_check", "last_topic_ids": ["specific_brand_check"], "last_secondary_topics": [], "dialog_phase": "discovery", "conversation_closed": false, "greeted": false, "active_flow": "none", "flow_step": "idle", "last_action_name": "", "same_action_repeats": 0, "manager_handoff_stage": "none", "evidence_status": "unknown", "active_request_kind": "specific_brand_check", "document_contact_collected": false, "last_bot_question_type": "unknown", "last_mentioned_brand": "mercedes-benz", "last_focus_topic": "specific_brand_check", "last_context_gist": "Клиент спрашивает, какой каталог автозапчастей подходит для автомобилей Mercedes.", "last_context_meaning": "Клиент повторно запрашивает информацию о подходящем каталоге для Mercedes.", "last_context_fallback_used": false, "last_context_fallback_reason": "", "active_business_flow": "pricing_tis", "active_pricing_flow": "tis", "pricing_requested_product": "tis", "requested_brands": ["mercedes"], "recognized_brands": ["mercedes-benz"], "unknown_brand_mentions": [], "missing_price_brands": ["mercedes-benz"], "priced_brands": [], "pending_brand_mentions": ["MERCEDES-BENZ"], "pricing_mode": "all", "pricing_flow": {"active": true, "product": "tis", "mode": "all", "stage": "pricing_all", "brand_mentions": [{"raw_text": "Mercedes", "normalized_key": "mercedes", "recognized": true, "display_name": "MERCEDES-BENZ", "canonical_brand": "mercedes-benz"}], "brand_items": [{"canonical_brand": "mercedes-benz", "display_name": "MERCEDES-BENZ", "raw_surface": "Mercedes", "recognized": true, "has_price": false, "processed": false, "status": "missing_price"}], "raw_brand_mentions": ["Mercedes"], "requested_brand_keys": ["mercedes"], "recognized_brands": ["mercedes-benz"], "unknown_brand_mentions": [], "priced_brands": [], "missing_price_brands": ["mercedes-benz"], "pending_brand_mentions": ["MERCEDES-BENZ"], "processed_brand_mentions": [], "remaining_brand_mentions": ["MERCEDES-BENZ"]}, "service_semantic_memory": {}, "slots": {"raw_brand_mentions": ["Mercedes"], "brand_mentions": [{"raw_text": "Mercedes", "normalized_key": "mercedes", "recognized": true, "display_name": "MERCEDES-BENZ", "canonical_brand": "mercedes-benz"}], "requested_brand_keys": ["mercedes"], "brands": ["mercedes-benz"], "brand": "mercedes-benz", "brand_display": "Mercedes-Benz", "brand_display_list": ["Mercedes-Benz"], "last_brand_source": "query"}}
state_after_response: {"client_type": "unknown", "legal_entity_confirmed": false, "purchase_active": false, "purchase_stage": "unknown", "last_question_type": "unknown", "last_primary_topic": "specific_brand_check", "last_topic_ids": ["specific_brand_check"], "last_secondary_topics": [], "dialog_phase": "discovery", "conversation_closed": false, "greeted": false, "active_flow": "none", "flow_step": "idle", "last_action_name": "brand_availability", "same_action_repeats": 1, "manager_handoff_stage": "none", "evidence_status": "knowledge_context", "active_request_kind": "specific_brand_check", "document_contact_collected": false, "last_bot_question_type": "unknown", "last_mentioned_brand": "mercedes-benz", "last_focus_topic": "specific_brand_check", "last_context_gist": "Клиент спрашивает, какой каталог автозапчастей подходит для автомобилей Mercedes.", "last_context_meaning": "Клиент повторно запрашивает информацию о подходящем каталоге для Mercedes.", "last_context_fallback_used": false, "last_context_fallback_reason": "", "active_business_flow": "pricing_tis", "active_pricing_flow": "tis", "pricing_requested_product": "tis", "requested_brands": ["mercedes"], "recognized_brands": ["mercedes-benz"], "unknown_brand_mentions": [], "missing_price_brands": ["mercedes-benz"], "priced_brands": [], "pending_brand_mentions": ["MERCEDES-BENZ"], "pricing_mode": "all", "pricing_flow": {"active": true, "product": "tis", "mode": "all", "stage": "pricing_all", "brand_mentions": [{"raw_text": "Mercedes", "normalized_key": "mercedes", "recognized": true, "display_name": "MERCEDES-BENZ", "canonical_brand": "mercedes-benz"}], "brand_items": [{"canonical_brand": "mercedes-benz", "display_name": "MERCEDES-BENZ", "raw_surface": "Mercedes", "recognized": true, "has_price": false, "processed": false, "status": "missing_price"}], "raw_brand_mentions": ["Mercedes"], "requested_brand_keys": ["mercedes"], "recognized_brands": ["mercedes-benz"], "unknown_brand_mentions": [], "priced_brands": [], "missing_price_brands": ["mercedes-benz"], "pending_brand_mentions": ["MERCEDES-BENZ"], "processed_brand_mentions": [], "remaining_brand_mentions": ["MERCEDES-BENZ"]}, "service_semantic_memory": {}, "slots": {"raw_brand_mentions": ["Mercedes"], "brand_mentions": [{"raw_text": "Mercedes", "normalized_key": "mercedes", "recognized": true, "display_name": "MERCEDES-BENZ", "canonical_brand": "mercedes-benz"}], "requested_brand_keys": ["mercedes"], "brands": ["mercedes-benz"], "brand": "mercedes-benz", "brand_display": "Mercedes-Benz", "brand_display_list": ["Mercedes-Benz"], "last_brand_source": "query"}}
answer_selection_trace: {"llm_answer": "Да, каталог по Mercedes-Benz доступен. Могу подсказать стоимость и варианты подключения.", "fallback_answer": "mercedes-benz\nPRODUCT CONTEXT:", "deterministic_answer": "Да, каталог по бренду Mercedes-Benz доступен. Могу подсказать стоимость и варианты подключения.", "validator_passed": true, "selected_source": "llm", "selection_reason": "LLM answer preserved mandatory meaning and action compatibility.", "mandatory_blocks": [{"key": "brand_display", "required_phrases": ["Mercedes-Benz"], "semantic_tags": []}], "llm_validation": {"brand_display": true}, "action_compatible": true, "validator_trace": {"is_valid": true, "blocker_hits": [], "missing_required": []}, "final_answer_source": "llm", "hard_deterministic_pricing": false, "hard_deterministic_service": false, "hard_locked_action": false}
pricing_flow_trace: {"active": true, "product": "tis", "mode": "all", "stage": "pricing_all", "brand_mentions": [{"raw_text": "Mercedes", "normalized_key": "mercedes", "recognized": true, "display_name": "MERCEDES-BENZ", "canonical_brand": "mercedes-benz"}], "brand_items": [{"canonical_brand": "mercedes-benz", "display_name": "MERCEDES-BENZ", "raw_surface": "Mercedes", "recognized": true, "has_price": false, "processed": false, "status": "missing_price"}], "raw_brand_mentions": ["Mercedes"], "requested_brand_keys": ["mercedes"], "recognized_brands": ["mercedes-benz"], "unknown_brand_mentions": [], "priced_brands": [], "missing_price_brands": ["mercedes-benz"], "pending_brand_mentions": ["MERCEDES-BENZ"], "processed_brand_mentions": [], "remaining_brand_mentions": ["MERCEDES-BENZ"]}
product_context_trace: {"raw_query": "Какой каталог мне нужен для Mercedes?", "requested_products": [], "raw_brand_mentions": ["Mercedes"], "mentioned_brands": ["mercedes-benz"], "unknown_brand_mentions": [], "brand_display": ["Mercedes-Benz"], "asks_price": false, "asks_availability": true, "asks_comparison": false, "partial_access_requested": false, "partial_package_requested": false, "partial_epc_requested": false, "inferred_product_context": "tis", "unsupported_brand_group": "", "unknown_brand_query": "", "tis_price_status": "not_requested", "fallback_price_blocks": []}

TURN 2
user_query: давай
agent_zero_turn_type: service_discovery_continue
agent_zero_subtype: confirmation
classifier_source: direct_json
topic_ids: ["tis_tariffs"]
selected_action: tis_tariffs
answer_text: Здравствуйте! Стоимость TIS для Mercedes-Benz — 10000 руб.
followup_trace: {"is_followup": true, "followup_type": "brand_price_followup", "input": "давай", "state_before": {"last_mentioned_brand": "mercedes-benz", "last_topic_ids": ["specific_brand_check"], "last_action_name": "brand_availability", "last_bot_question_type": "unknown", "active_request_kind": "specific_brand_check", "manager_handoff_stage": "none"}, "inherited_brand": "mercedes-benz", "suggested_topics": ["tis_tariffs", "specific_brand_check"], "reason": "Short follow-up after brand availability answer with known brand."}
dialog_act_trace: {}
shortlist_selected_scores: [{"topic_id": "specific_brand_check", "label_ru": "Проверка конкретного бренда", "score": 0.984267, "lexical_score": 0.104267, "semantic_boost": 0.88, "semantic_penalty": 0.0, "continuity_boost": 0.0, "overlap": 0.166667, "jaccard": 0.04, "avoid_overlap": 0.166667, "matched_tokens": ["каталог"], "score_breakdown": {"query": 0.0, "meaning": 0.130333, "brand_boost": 0.0, "query_boost": 0.88, "final": 0.984267}}, {"topic_id": "tis_tariffs", "label_ru": "Тарифы TIS", "score": 0.88, "lexical_score": 0.0, "semantic_boost": 0.88, "semantic_penalty": 0.0, "continuity_boost": 0.0, "overlap": 0.0, "jaccard": 0.0, "avoid_overlap": 0.166667, "matched_tokens": [], "score_breakdown": {"query": 0.0, "meaning": 0.0, "brand_boost": 0.0, "query_boost": 0.88, "final": 0.88}}, {"topic_id": "catalog_list_request", "label_ru": "Список каталогов", "score": 0.154286, "lexical_score": 0.154286, "semantic_boost": 0.0, "semantic_penalty": 0.0, "continuity_boost": 0.0, "overlap": 0.166667, "jaccard": 0.047619, "avoid_overlap": 0.0, "matched_tokens": ["каталог"], "score_breakdown": {"query": 0.0, "meaning": 0.192857, "brand_boost": 0.0, "query_boost": 0.0, "final": 0.154286}}, {"topic_id": "free_catalog_comparison", "label_ru": "Сравнение с бесплатными каталогами", "score": 0.150256, "lexical_score": 0.150256, "semantic_boost": 0.0, "semantic_penalty": 0.0, "continuity_boost": 0.0, "overlap": 0.166667, "jaccard": 0.038462, "avoid_overlap": 0.0, "matched_tokens": ["каталог"], "score_breakdown": {"query": 0.0, "meaning": 0.187821, "brand_boost": 0.0, "query_boost": 0.0, "final": 0.150256}}, {"topic_id": "partial_catalog_request", "label_ru": "Только один бренд", "score": 0.147083, "lexical_score": 0.147083, "semantic_boost": 0.0, "semantic_penalty": 0.0, "continuity_boost": 0.0, "overlap": 0.166667, "jaccard": 0.03125, "avoid_overlap": 0.0, "matched_tokens": ["каталог"], "score_breakdown": {"query": 0.0, "meaning": 0.183854, "brand_boost": 0.0, "query_boost": 0.0, "final": 0.147083}}, {"topic_id": "legal_entity_purchase_flow", "label_ru": "Оформление для юрлица", "score": 0.142899, "lexical_score": 0.142899, "semantic_boost": 0.0, "semantic_penalty": 0.0, "continuity_boost": 0.0, "overlap": 0.166667, "jaccard": 0.021739, "avoid_overlap": 0.0, "matched_tokens": ["подтверждает"], "score_breakdown": {"query": 0.0, "meaning": 0.178623, "brand_boost": 0.0, "query_boost": 0.0, "final": 0.142899}}, {"topic_id": "api_integration", "label_ru": "API и интеграция", "score": 0.106667, "lexical_score": 0.106667, "semantic_boost": 0.0, "semantic_penalty": 0.0, "continuity_boost": 0.0, "overlap": 0.166667, "jaccard": 0.045455, "avoid_overlap": 0.166667, "matched_tokens": ["подключени"], "score_breakdown": {"query": 0.0, "meaning": 0.133333, "brand_boost": 0.0, "query_boost": 0.0, "final": 0.106667}}, {"topic_id": "brand_list_request", "label_ru": "Список брендов", "score": 0.0, "lexical_score": 0.0, "semantic_boost": 0.0, "semantic_penalty": 0.0, "continuity_boost": 0.0, "overlap": 0.0, "jaccard": 0.0, "avoid_overlap": 0.0, "matched_tokens": [], "score_breakdown": {"query": 0.0, "meaning": 0.0, "brand_boost": 0.0, "query_boost": 0.0, "final": 0.0}}]
shortlist_skipped: null
shortlist_skip_reason: null
state_before: {"client_type": "unknown", "legal_entity_confirmed": false, "purchase_active": false, "purchase_stage": "unknown", "last_question_type": "unknown", "last_primary_topic": "specific_brand_check", "last_topic_ids": ["specific_brand_check"], "last_secondary_topics": [], "dialog_phase": "discovery", "conversation_closed": false, "greeted": false, "active_flow": "none", "flow_step": "idle", "last_action_name": "brand_availability", "same_action_repeats": 1, "manager_handoff_stage": "none", "evidence_status": "knowledge_context", "active_request_kind": "specific_brand_check", "document_contact_collected": false, "last_bot_question_type": "unknown", "last_mentioned_brand": "mercedes-benz", "last_focus_topic": "specific_brand_check", "last_context_gist": "Клиент спрашивает, какой каталог автозапчастей подходит для автомобилей Mercedes.", "last_context_meaning": "Клиент повторно запрашивает информацию о подходящем каталоге для Mercedes.", "last_context_fallback_used": false, "last_context_fallback_reason": "", "active_business_flow": "pricing_tis", "active_pricing_flow": "tis", "pricing_requested_product": "tis", "requested_brands": ["mercedes"], "recognized_brands": ["mercedes-benz"], "unknown_brand_mentions": [], "missing_price_brands": ["mercedes-benz"], "priced_brands": [], "pending_brand_mentions": ["MERCEDES-BENZ"], "pricing_mode": "all", "pricing_flow": {"active": true, "product": "tis", "mode": "all", "stage": "pricing_all", "brand_mentions": [{"raw_text": "Mercedes", "normalized_key": "mercedes", "recognized": true, "display_name": "MERCEDES-BENZ", "canonical_brand": "mercedes-benz"}], "brand_items": [{"canonical_brand": "mercedes-benz", "display_name": "MERCEDES-BENZ", "raw_surface": "Mercedes", "recognized": true, "has_price": false, "processed": false, "status": "missing_price"}], "raw_brand_mentions": ["Mercedes"], "requested_brand_keys": ["mercedes"], "recognized_brands": ["mercedes-benz"], "unknown_brand_mentions": [], "priced_brands": [], "missing_price_brands": ["mercedes-benz"], "pending_brand_mentions": ["MERCEDES-BENZ"], "processed_brand_mentions": [], "remaining_brand_mentions": ["MERCEDES-BENZ"]}, "service_semantic_memory": {}, "slots": {"raw_brand_mentions": ["Mercedes"], "brand_mentions": [{"raw_text": "Mercedes", "normalized_key": "mercedes", "recognized": true, "display_name": "MERCEDES-BENZ", "canonical_brand": "mercedes-benz"}], "requested_brand_keys": ["mercedes"], "brands": ["mercedes-benz"], "brand": "mercedes-benz", "brand_display": "Mercedes-Benz", "brand_display_list": ["Mercedes-Benz"], "last_brand_source": "query"}}
state_after_classification: {"client_type": "unknown", "legal_entity_confirmed": false, "purchase_active": false, "purchase_stage": "unknown", "last_question_type": "unknown", "last_primary_topic": "tis_tariffs", "last_topic_ids": ["tis_tariffs"], "last_secondary_topics": [], "dialog_phase": "discovery", "conversation_closed": false, "greeted": false, "active_flow": "none", "flow_step": "idle", "last_action_name": "brand_availability", "same_action_repeats": 1, "manager_handoff_stage": "none", "evidence_status": "knowledge_context", "active_request_kind": "tis_tariffs", "document_contact_collected": false, "last_bot_question_type": "unknown", "last_mentioned_brand": "mercedes-benz", "last_focus_topic": "tis_tariffs", "last_context_gist": "Клиент интересуется стоимостью и вариантами подключения каталога Mercedes-Benz.", "last_context_meaning": "Клиент подтверждает желание узнать подробности о подключении каталога.", "last_context_fallback_used": false, "last_context_fallback_reason": "", "active_business_flow": "pricing_tis", "active_pricing_flow": "tis", "pricing_requested_product": "tis", "requested_brands": ["mercedes"], "recognized_brands": ["mercedes-benz"], "unknown_brand_mentions": [], "missing_price_brands": ["mercedes-benz"], "priced_brands": [], "pending_brand_mentions": ["MERCEDES-BENZ"], "pricing_mode": "all", "pricing_flow": {"active": true, "product": "tis", "mode": "all", "stage": "pricing_all", "brand_mentions": [{"raw_text": "Mercedes", "normalized_key": "mercedes", "recognized": true, "display_name": "MERCEDES-BENZ", "canonical_brand": "mercedes-benz"}], "brand_items": [{"canonical_brand": "mercedes-benz", "display_name": "MERCEDES-BENZ", "raw_surface": "Mercedes", "recognized": true, "has_price": false, "processed": false, "status": "missing_price"}], "raw_brand_mentions": ["Mercedes"], "requested_brand_keys": ["mercedes"], "recognized_brands": ["mercedes-benz"], "unknown_brand_mentions": [], "priced_brands": [], "missing_price_brands": ["mercedes-benz"], "pending_brand_mentions": ["MERCEDES-BENZ"], "processed_brand_mentions": [], "remaining_brand_mentions": ["MERCEDES-BENZ"]}, "service_semantic_memory": {}, "slots": {"raw_brand_mentions": ["Mercedes"], "brand_mentions": [{"raw_text": "Mercedes", "normalized_key": "mercedes", "recognized": true, "display_name": "MERCEDES-BENZ", "canonical_brand": "mercedes-benz"}], "requested_brand_keys": ["mercedes"], "brands": ["mercedes-benz"], "brand": "mercedes-benz", "brand_display": "Mercedes-Benz", "brand_display_list": ["Mercedes-Benz"], "last_brand_source": "session"}}
state_after_response: {"client_type": "unknown", "legal_entity_confirmed": false, "purchase_active": false, "purchase_stage": "unknown", "last_question_type": "unknown", "last_primary_topic": "tis_tariffs", "last_topic_ids": ["tis_tariffs"], "last_secondary_topics": [], "dialog_phase": "discovery", "conversation_closed": false, "greeted": false, "active_flow": "none", "flow_step": "idle", "last_action_name": "tis_tariffs", "same_action_repeats": 1, "manager_handoff_stage": "none", "evidence_status": "knowledge_context", "active_request_kind": "tis_tariffs", "document_contact_collected": false, "last_bot_question_type": "unknown", "last_mentioned_brand": "mercedes-benz", "last_focus_topic": "tis_tariffs", "last_context_gist": "Клиент интересуется стоимостью и вариантами подключения каталога Mercedes-Benz.", "last_context_meaning": "Клиент подтверждает желание узнать подробности о подключении каталога.", "last_context_fallback_used": false, "last_context_fallback_reason": "", "active_business_flow": "pricing_tis", "active_pricing_flow": "tis", "pricing_requested_product": "tis", "requested_brands": ["mercedes"], "recognized_brands": ["mercedes-benz"], "unknown_brand_mentions": [], "missing_price_brands": [], "priced_brands": ["mercedes-benz"], "pending_brand_mentions": [], "pricing_mode": "all", "pricing_flow": {"active": true, "product": "tis", "mode": "all", "stage": "pricing_all", "brand_mentions": [{"raw_text": "Mercedes", "normalized_key": "mercedes", "recognized": true, "display_name": "MERCEDES-BENZ", "canonical_brand": "mercedes-benz"}], "brand_items": [{"canonical_brand": "mercedes-benz", "display_name": "MERCEDES-BENZ", "raw_surface": "Mercedes", "recognized": true, "has_price": true, "processed": true, "status": "priced"}], "raw_brand_mentions": ["Mercedes"], "requested_brand_keys": ["mercedes"], "recognized_brands": ["mercedes-benz"], "unknown_brand_mentions": [], "priced_brands": ["mercedes-benz"], "missing_price_brands": [], "pending_brand_mentions": [], "processed_brand_mentions": ["MERCEDES-BENZ"], "remaining_brand_mentions": []}, "service_semantic_memory": {}, "slots": {"raw_brand_mentions": ["Mercedes"], "brand_mentions": [{"raw_text": "Mercedes", "normalized_key": "mercedes", "recognized": true, "display_name": "MERCEDES-BENZ", "canonical_brand": "mercedes-benz"}], "requested_brand_keys": ["mercedes"], "brands": ["mercedes-benz"], "brand": "mercedes-benz", "brand_display": "Mercedes-Benz", "brand_display_list": ["Mercedes-Benz"], "last_brand_source": "session"}}
answer_selection_trace: {"llm_answer": "Стоимость TIS для Mercedes-Benz — 10000 руб.", "fallback_answer": "mercedes-benz\nPRODUCT CONTEXT:", "deterministic_answer": "TIS для Mercedes-Benz — 10000 руб.", "validator_passed": true, "selected_source": "llm", "selection_reason": "LLM answer preserved mandatory meaning and action compatibility.", "mandatory_blocks": [{"key": "brand_display", "required_phrases": ["Mercedes-Benz"], "semantic_tags": []}], "llm_validation": {"brand_display": true}, "action_compatible": true, "validator_trace": {"is_valid": true, "blocker_hits": [], "missing_required": []}, "final_answer_source": "llm", "hard_deterministic_pricing": false, "hard_deterministic_service": false, "hard_locked_action": false}
pricing_flow_trace: {"active": true, "product": "tis", "mode": "all", "stage": "pricing_all", "brand_mentions": [{"raw_text": "Mercedes", "normalized_key": "mercedes", "recognized": true, "display_name": "MERCEDES-BENZ", "canonical_brand": "mercedes-benz"}], "brand_items": [{"canonical_brand": "mercedes-benz", "display_name": "MERCEDES-BENZ", "raw_surface": "Mercedes", "recognized": true, "has_price": false, "processed": false, "status": "missing_price"}], "raw_brand_mentions": ["Mercedes"], "requested_brand_keys": ["mercedes"], "recognized_brands": ["mercedes-benz"], "unknown_brand_mentions": [], "priced_brands": [], "missing_price_brands": ["mercedes-benz"], "pending_brand_mentions": ["MERCEDES-BENZ"], "processed_brand_mentions": [], "remaining_brand_mentions": ["MERCEDES-BENZ"]}
product_context_trace: {"raw_query": "давай", "requested_products": [], "raw_brand_mentions": [], "mentioned_brands": ["mercedes-benz"], "unknown_brand_mentions": [], "brand_display": ["Mercedes-Benz"], "asks_price": true, "asks_availability": false, "asks_comparison": false, "partial_access_requested": false, "partial_package_requested": false, "partial_epc_requested": false, "inferred_product_context": "tis", "unsupported_brand_group": "", "unknown_brand_query": "", "tis_price_status": "found", "fallback_price_blocks": []}


SCENARIO: Can I buy a subscription?
SESSION_ID: user_x00qgyj
--------------------------------------------------------------------------------
TURN 1
user_query: Can I buy a subscription?
agent_zero_turn_type: service_discovery_continue
agent_zero_subtype: subscription_inquiry
classifier_source: direct_json
topic_ids: ["purchase_ready"]
selected_action: ask_legal_status
answer_text: Здравствуйте! Мы работаем только с юридическими лицами и ИП. Подскажите, пожалуйста, вы представитель юридического лица?
followup_trace: {"is_followup": false, "followup_type": "unknown_followup", "input": "Can I buy a subscription?", "state_before": {"last_mentioned_brand": "", "last_topic_ids": [], "last_action_name": "", "last_bot_question_type": "unknown", "active_request_kind": "none", "manager_handoff_stage": "none"}, "inherited_brand": "", "suggested_topics": [], "reason": "No follow-up rule matched."}
dialog_act_trace: {}
shortlist_selected_scores: [{"topic_id": "subscription_renewal", "label_ru": "Продление подписки", "score": 0.473132, "lexical_score": 0.473132, "semantic_boost": 0.0, "semantic_penalty": 0.0, "continuity_boost": 0.0, "overlap": 0.25, "jaccard": 0.076923, "avoid_overlap": 0.0, "matched_tokens": ["subscription", "подписк"], "score_breakdown": {"query": 0.239286, "meaning": 0.292308, "brand_boost": 0.0, "query_boost": 0.0, "final": 0.473132}}, {"topic_id": "partial_catalog_request", "label_ru": "Только один бренд", "score": 0.430345, "lexical_score": 0.430345, "semantic_boost": 0.0, "semantic_penalty": 0.0, "continuity_boost": 0.0, "overlap": 0.5, "jaccard": 0.068966, "avoid_overlap": 0.0, "matched_tokens": ["купить", "можн"], "score_breakdown": {"query": 0.0, "meaning": 0.537931, "brand_boost": 0.0, "query_boost": 0.0, "final": 0.430345}}, {"topic_id": "purchase_ready", "label_ru": "Готовность к покупке", "score": 0.430345, "lexical_score": 0.430345, "semantic_boost": 0.0, "semantic_penalty": 0.0, "continuity_boost": 0.0, "overlap": 0.5, "jaccard": 0.068966, "avoid_overlap": 0.2, "matched_tokens": ["купить", "подписк"], "score_breakdown": {"query": 0.0, "meaning": 0.537931, "brand_boost": 0.0, "query_boost": 0.0, "final": 0.430345}}, {"topic_id": "payment_process", "label_ru": "Процесс оплаты", "score": 0.2275, "lexical_score": 0.2275, "semantic_boost": 0.0, "semantic_penalty": 0.0, "continuity_boost": 0.0, "overlap": 0.25, "jaccard": 0.0625, "avoid_overlap": 0.0, "matched_tokens": ["можн"], "score_breakdown": {"query": 0.0, "meaning": 0.284375, "brand_boost": 0.0, "query_boost": 0.0, "final": 0.2275}}, {"topic_id": "self_employed_purchase", "label_ru": "Самозанятые", "score": 0.2275, "lexical_score": 0.2275, "semantic_boost": 0.0, "semantic_penalty": 0.0, "continuity_boost": 0.0, "overlap": 0.25, "jaccard": 0.0625, "avoid_overlap": 0.0, "matched_tokens": ["можн"], "score_breakdown": {"query": 0.0, "meaning": 0.284375, "brand_boost": 0.0, "query_boost": 0.0, "final": 0.2275}}, {"topic_id": "physical_person_purchase", "label_ru": "Покупка как физлицо", "score": 0.224444, "lexical_score": 0.224444, "semantic_boost": 0.0, "semantic_penalty": 0.0, "continuity_boost": 0.0, "overlap": 0.25, "jaccard": 0.055556, "avoid_overlap": 0.0, "matched_tokens": ["купить"], "score_breakdown": {"query": 0.0, "meaning": 0.280556, "brand_boost": 0.0, "query_boost": 0.0, "final": 0.224444}}, {"topic_id": "api_integration", "label_ru": "API и интеграция", "score": 0.222, "lexical_score": 0.222, "semantic_boost": 0.0, "semantic_penalty": 0.0, "continuity_boost": 0.0, "overlap": 0.25, "jaccard": 0.05, "avoid_overlap": 0.0, "matched_tokens": ["можн"], "score_breakdown": {"query": 0.0, "meaning": 0.2775, "brand_boost": 0.0, "query_boost": 0.0, "final": 0.222}}, {"topic_id": "post_payment_access_timing", "label_ru": "Когда доступ после оплаты", "score": 0.21913, "lexical_score": 0.21913, "semantic_boost": 0.0, "semantic_penalty": 0.0, "continuity_boost": 0.0, "overlap": 0.25, "jaccard": 0.043478, "avoid_overlap": 0.0, "matched_tokens": ["можн"], "score_breakdown": {"query": 0.0, "meaning": 0.273913, "brand_boost": 0.0, "query_boost": 0.0, "final": 0.21913}}]
shortlist_skipped: null
shortlist_skip_reason: null
state_before: {"client_type": "unknown", "legal_entity_confirmed": false, "purchase_active": false, "purchase_stage": "unknown", "last_question_type": "unknown", "last_primary_topic": "out_of_scope_request", "last_topic_ids": [], "last_secondary_topics": [], "dialog_phase": "discovery", "conversation_closed": false, "greeted": false, "active_flow": "none", "flow_step": "idle", "last_action_name": "", "same_action_repeats": 0, "manager_handoff_stage": "none", "evidence_status": "unknown", "active_request_kind": "none", "document_contact_collected": false, "last_bot_question_type": "unknown", "last_mentioned_brand": "", "last_focus_topic": "out_of_scope_request", "last_context_gist": "", "last_context_meaning": "", "last_context_fallback_used": false, "last_context_fallback_reason": "", "active_business_flow": "none", "active_pricing_flow": "none", "pricing_requested_product": "", "requested_brands": [], "recognized_brands": [], "unknown_brand_mentions": [], "missing_price_brands": [], "priced_brands": [], "pending_brand_mentions": [], "pricing_mode": "all", "pricing_flow": {}, "service_semantic_memory": {}, "slots": {}}
state_after_classification: {"client_type": "unknown", "legal_entity_confirmed": false, "purchase_active": false, "purchase_stage": "unknown", "last_question_type": "unknown", "last_primary_topic": "purchase_ready", "last_topic_ids": ["purchase_ready"], "last_secondary_topics": [], "dialog_phase": "discovery", "conversation_closed": false, "greeted": false, "active_flow": "none", "flow_step": "idle", "last_action_name": "", "same_action_repeats": 0, "manager_handoff_stage": "none", "evidence_status": "unknown", "active_request_kind": "purchase_ready", "document_contact_collected": false, "last_bot_question_type": "unknown", "last_mentioned_brand": "", "last_focus_topic": "purchase_ready", "last_context_gist": "Клиент спрашивает о возможности приобретения подписки.", "last_context_meaning": "Клиент повторно спрашивает, можно ли купить подписку.", "last_context_fallback_used": false, "last_context_fallback_reason": "", "active_business_flow": "pricing_tis", "active_pricing_flow": "tis", "pricing_requested_product": "tis", "requested_brands": [], "recognized_brands": [], "unknown_brand_mentions": [], "missing_price_brands": [], "priced_brands": [], "pending_brand_mentions": [], "pricing_mode": "all", "pricing_flow": {"active": true, "product": "tis", "mode": "all", "stage": "pricing_all", "brand_mentions": [], "brand_items": [], "raw_brand_mentions": [], "requested_brand_keys": [], "recognized_brands": [], "unknown_brand_mentions": [], "priced_brands": [], "missing_price_brands": [], "pending_brand_mentions": [], "processed_brand_mentions": [], "remaining_brand_mentions": []}, "service_semantic_memory": {}, "slots": {}}
state_after_response: {"client_type": "unknown", "legal_entity_confirmed": false, "purchase_active": false, "purchase_stage": "unknown", "last_question_type": "unknown", "last_primary_topic": "purchase_ready", "last_topic_ids": ["purchase_ready"], "last_secondary_topics": [], "dialog_phase": "discovery", "conversation_closed": false, "greeted": false, "active_flow": "none", "flow_step": "idle", "last_action_name": "ask_legal_status", "same_action_repeats": 1, "manager_handoff_stage": "none", "evidence_status": "knowledge_context", "active_request_kind": "checkout", "document_contact_collected": false, "last_bot_question_type": "legal_status_check", "last_mentioned_brand": "", "last_focus_topic": "purchase_ready", "last_context_gist": "Клиент спрашивает о возможности приобретения подписки.", "last_context_meaning": "Клиент повторно спрашивает, можно ли купить подписку.", "last_context_fallback_used": false, "last_context_fallback_reason": "", "active_business_flow": "purchase_flow", "active_pricing_flow": "tis", "pricing_requested_product": "tis", "requested_brands": [], "recognized_brands": [], "unknown_brand_mentions": [], "missing_price_brands": [], "priced_brands": [], "pending_brand_mentions": [], "pricing_mode": "all", "pricing_flow": {"active": true, "product": "tis", "mode": "all", "stage": "pricing_all", "brand_mentions": [], "brand_items": [], "raw_brand_mentions": [], "requested_brand_keys": [], "recognized_brands": [], "unknown_brand_mentions": [], "priced_brands": [], "missing_price_brands": [], "pending_brand_mentions": [], "processed_brand_mentions": [], "remaining_brand_mentions": []}, "service_semantic_memory": {}, "slots": {}}
answer_selection_trace: {"llm_answer": "Мы работаем только с юридическими лицами и ИП. Подскажите, пожалуйста, вы представитель юридического лица?", "fallback_answer": "Мы работаем только с юридическими лицами и ИП. Подскажите, пожалуйста, вы представитель юридического лица?", "deterministic_answer": "Мы работаем только с юридическими лицами и ИП. Подскажите, пожалуйста, вы представитель юридического лица?", "validator_passed": true, "selected_source": "deterministic", "selection_reason": "Locked business action enforced deterministic answer ownership.", "mandatory_blocks": [{"key": "ask_legal_status", "required_phrases": ["юрлицо", "ИП"], "semantic_tags": []}], "llm_validation": {"ask_legal_status": true}, "action_compatible": true, "validator_trace": {"is_valid": true, "blocker_hits": [], "missing_required": []}, "final_answer_source": "deterministic", "hard_deterministic_pricing": false, "hard_deterministic_service": false, "hard_locked_action": true}
pricing_flow_trace: {"active": false, "product": "", "mode": "all", "stage": "idle", "brand_mentions": [], "brand_items": [], "raw_brand_mentions": [], "requested_brand_keys": [], "recognized_brands": [], "unknown_brand_mentions": [], "priced_brands": [], "missing_price_brands": [], "pending_brand_mentions": [], "processed_brand_mentions": [], "remaining_brand_mentions": []}
product_context_trace: {"raw_query": "Can I buy a subscription?", "requested_products": [], "raw_brand_mentions": [], "mentioned_brands": [], "unknown_brand_mentions": [], "brand_display": [], "asks_price": false, "asks_availability": false, "asks_comparison": false, "partial_access_requested": false, "partial_package_requested": false, "partial_epc_requested": false, "inferred_product_context": "", "unsupported_brand_group": "", "unknown_brand_query": "", "tis_price_status": "not_requested", "fallback_price_blocks": []}

TURN 2
user_query: yes
agent_zero_turn_type: service_discovery_continue
agent_zero_subtype: 
classifier_source: direct_json
topic_ids: ["legal_entity_purchase_flow"]
selected_action: request_requisites
answer_text: Здравствуйте! Для оформления доступа, пожалуйста, пришлите ИНН вашей компании, телефон, имя контактного лица, желаемый период и количество доступов. Также уточните способ оплаты: выставить счет или оплатить по QR.
followup_trace: {"is_followup": false, "followup_type": "unknown_followup", "input": "yes", "state_before": {"last_mentioned_brand": "", "last_topic_ids": ["purchase_ready"], "last_action_name": "ask_legal_status", "last_bot_question_type": "legal_status_check", "active_request_kind": "checkout", "manager_handoff_stage": "none"}, "inherited_brand": "", "suggested_topics": [], "reason": "No follow-up rule matched."}
dialog_act_trace: {}
shortlist_selected_scores: [{"topic_id": "legal_entity_purchase_flow", "label_ru": "Оформление для юрлица", "score": 2.423415, "lexical_score": 1.223415, "semantic_boost": 1.2, "semantic_penalty": 0.0, "continuity_boost": 0.0, "overlap": 1.0, "jaccard": 0.02439, "avoid_overlap": 0.0, "matched_tokens": ["да", "юрлиц"], "score_breakdown": {"query": 1.013415, "meaning": 0.2625, "brand_boost": 0.0, "query_boost": 1.2, "final": 2.423415}}, {"topic_id": "purchase_ready", "label_ru": "Готовность к покупке", "score": 0.46, "lexical_score": 0.0, "semantic_boost": 0.46, "semantic_penalty": 0.0, "continuity_boost": 0.0, "overlap": 0.0, "jaccard": 0.0, "avoid_overlap": 0.25, "matched_tokens": [], "score_breakdown": {"query": 0.0, "meaning": 0.0, "brand_boost": 0.0, "query_boost": 0.46, "final": 0.46}}, {"topic_id": "physical_person_purchase", "label_ru": "Покупка как физлицо", "score": 0.451765, "lexical_score": 0.451765, "semantic_boost": 0.0, "semantic_penalty": 0.0, "continuity_boost": 0.0, "overlap": 0.5, "jaccard": 0.117647, "avoid_overlap": 0.0, "matched_tokens": ["лицо", "юрлиц"], "score_breakdown": {"query": 0.0, "meaning": 0.564706, "brand_boost": 0.0, "query_boost": 0.0, "final": 0.451765}}, {"topic_id": "api_integration", "label_ru": "API и интеграция", "score": 0.0, "lexical_score": 0.0, "semantic_boost": 0.0, "semantic_penalty": 0.0, "continuity_boost": 0.0, "overlap": 0.0, "jaccard": 0.0, "avoid_overlap": 0.0, "matched_tokens": [], "score_breakdown": {"query": 0.0, "meaning": 0.0, "brand_boost": 0.0, "query_boost": 0.0, "final": 0.0}}, {"topic_id": "brand_list_request", "label_ru": "Список брендов", "score": 0.0, "lexical_score": 0.0, "semantic_boost": 0.0, "semantic_penalty": 0.0, "continuity_boost": 0.0, "overlap": 0.0, "jaccard": 0.0, "avoid_overlap": 0.0, "matched_tokens": [], "score_breakdown": {"query": 0.0, "meaning": 0.0, "brand_boost": 0.0, "query_boost": 0.0, "final": 0.0}}, {"topic_id": "catalog_list_request", "label_ru": "Список каталогов", "score": 0.0, "lexical_score": 0.0, "semantic_boost": 0.0, "semantic_penalty": 0.0, "continuity_boost": 0.0, "overlap": 0.0, "jaccard": 0.0, "avoid_overlap": 0.0, "matched_tokens": [], "score_breakdown": {"query": 0.0, "meaning": 0.0, "brand_boost": 0.0, "query_boost": 0.0, "final": 0.0}}, {"topic_id": "company_services_info", "label_ru": "Возможности сервиса", "score": 0.0, "lexical_score": 0.0, "semantic_boost": 0.0, "semantic_penalty": 0.0, "continuity_boost": 0.0, "overlap": 0.0, "jaccard": 0.0, "avoid_overlap": 0.0, "matched_tokens": [], "score_breakdown": {"query": 0.0, "meaning": 0.0, "brand_boost": 0.0, "query_boost": 0.0, "final": 0.0}}, {"topic_id": "competitor_choice", "label_ru": "Выбор конкурента", "score": 0.0, "lexical_score": 0.0, "semantic_boost": 0.0, "semantic_penalty": 0.0, "continuity_boost": 0.0, "overlap": 0.0, "jaccard": 0.0, "avoid_overlap": 0.0, "matched_tokens": [], "score_breakdown": {"query": 0.0, "meaning": 0.0, "brand_boost": 0.0, "query_boost": 0.0, "final": 0.0}}]
shortlist_skipped: null
shortlist_skip_reason: null
state_before: {"client_type": "unknown", "legal_entity_confirmed": false, "purchase_active": false, "purchase_stage": "unknown", "last_question_type": "unknown", "last_primary_topic": "purchase_ready", "last_topic_ids": ["purchase_ready"], "last_secondary_topics": [], "dialog_phase": "discovery", "conversation_closed": false, "greeted": false, "active_flow": "none", "flow_step": "idle", "last_action_name": "ask_legal_status", "same_action_repeats": 1, "manager_handoff_stage": "none", "evidence_status": "knowledge_context", "active_request_kind": "checkout", "document_contact_collected": false, "last_bot_question_type": "legal_status_check", "last_mentioned_brand": "", "last_focus_topic": "purchase_ready", "last_context_gist": "Клиент спрашивает о возможности приобретения подписки.", "last_context_meaning": "Клиент повторно спрашивает, можно ли купить подписку.", "last_context_fallback_used": false, "last_context_fallback_reason": "", "active_business_flow": "purchase_flow", "active_pricing_flow": "tis", "pricing_requested_product": "tis", "requested_brands": [], "recognized_brands": [], "unknown_brand_mentions": [], "missing_price_brands": [], "priced_brands": [], "pending_brand_mentions": [], "pricing_mode": "all", "pricing_flow": {"active": true, "product": "tis", "mode": "all", "stage": "pricing_all", "brand_mentions": [], "brand_items": [], "raw_brand_mentions": [], "requested_brand_keys": [], "recognized_brands": [], "unknown_brand_mentions": [], "priced_brands": [], "missing_price_brands": [], "pending_brand_mentions": [], "processed_brand_mentions": [], "remaining_brand_mentions": []}, "service_semantic_memory": {}, "slots": {}}
state_after_classification: {"client_type": "unknown", "legal_entity_confirmed": false, "purchase_active": false, "purchase_stage": "unknown", "last_question_type": "unknown", "last_primary_topic": "legal_entity_purchase_flow", "last_topic_ids": ["legal_entity_purchase_flow"], "last_secondary_topics": [], "dialog_phase": "discovery", "conversation_closed": false, "greeted": false, "active_flow": "none", "flow_step": "idle", "last_action_name": "ask_legal_status", "same_action_repeats": 1, "manager_handoff_stage": "none", "evidence_status": "knowledge_context", "active_request_kind": "legal_entity_purchase_flow", "document_contact_collected": false, "last_bot_question_type": "unknown", "last_mentioned_brand": "", "last_focus_topic": "legal_entity_purchase_flow", "last_context_gist": "Клиент подтвердил, что является представителем юридического лица.", "last_context_meaning": "Клиент подтвердил, что он представляет юридическое лицо.", "last_context_fallback_used": false, "last_context_fallback_reason": "", "active_business_flow": "pricing_tis", "active_pricing_flow": "tis", "pricing_requested_product": "tis", "requested_brands": [], "recognized_brands": [], "unknown_brand_mentions": [], "missing_price_brands": [], "priced_brands": [], "pending_brand_mentions": [], "pricing_mode": "all", "pricing_flow": {"active": true, "product": "tis", "mode": "all", "stage": "pricing_all", "brand_mentions": [], "brand_items": [], "raw_brand_mentions": [], "requested_brand_keys": [], "recognized_brands": [], "unknown_brand_mentions": [], "priced_brands": [], "missing_price_brands": [], "pending_brand_mentions": [], "processed_brand_mentions": [], "remaining_brand_mentions": []}, "service_semantic_memory": {}, "slots": {}}
state_after_response: {"client_type": "unknown", "legal_entity_confirmed": false, "purchase_active": false, "purchase_stage": "unknown", "last_question_type": "unknown", "last_primary_topic": "legal_entity_purchase_flow", "last_topic_ids": ["legal_entity_purchase_flow"], "last_secondary_topics": [], "dialog_phase": "discovery", "conversation_closed": false, "greeted": false, "active_flow": "none", "flow_step": "idle", "last_action_name": "request_requisites", "same_action_repeats": 1, "manager_handoff_stage": "none", "evidence_status": "knowledge_context", "active_request_kind": "checkout", "document_contact_collected": false, "last_bot_question_type": "purchase_confirmation", "last_mentioned_brand": "", "last_focus_topic": "legal_entity_purchase_flow", "last_context_gist": "Клиент подтвердил, что является представителем юридического лица.", "last_context_meaning": "Клиент подтвердил, что он представляет юридическое лицо.", "last_context_fallback_used": false, "last_context_fallback_reason": "", "active_business_flow": "purchase_flow", "active_pricing_flow": "tis", "pricing_requested_product": "tis", "requested_brands": [], "recognized_brands": [], "unknown_brand_mentions": [], "missing_price_brands": [], "priced_brands": [], "pending_brand_mentions": [], "pricing_mode": "all", "pricing_flow": {"active": true, "product": "tis", "mode": "all", "stage": "pricing_all", "brand_mentions": [], "brand_items": [], "raw_brand_mentions": [], "requested_brand_keys": [], "recognized_brands": [], "unknown_brand_mentions": [], "priced_brands": [], "missing_price_brands": [], "pending_brand_mentions": [], "processed_brand_mentions": [], "remaining_brand_mentions": []}, "service_semantic_memory": {}, "slots": {}}
answer_selection_trace: {"llm_answer": "Для оформления доступа, пожалуйста, пришлите ИНН вашей компании, телефон, имя контактного лица, желаемый период и количество доступов. Также уточните способ оплаты: выставить счет или оплатить по QR.", "fallback_answer": "Для оформления доступа, пожалуйста, пришлите ИНН вашей компании, телефон, имя контактного лица, желаемый период и количество доступов. Также уточните способ оплаты: выставить счет или оплатить по QR.", "deterministic_answer": "Для оформления доступа, пожалуйста, пришлите ИНН вашей компании, телефон, имя контактного лица, желаемый период и количество доступов. Также уточните способ оплаты: выставить счет или оплатить по QR.", "validator_passed": true, "selected_source": "llm", "selection_reason": "LLM answer preserved mandatory meaning and action compatibility.", "mandatory_blocks": [], "llm_validation": {}, "action_compatible": true, "validator_trace": {"is_valid": true, "blocker_hits": [], "missing_required": []}, "final_answer_source": "llm", "hard_deterministic_pricing": false, "hard_deterministic_service": false, "hard_locked_action": false}
pricing_flow_trace: {"active": true, "product": "tis", "mode": "all", "stage": "pricing_all", "brand_mentions": [], "brand_items": [], "raw_brand_mentions": [], "requested_brand_keys": [], "recognized_brands": [], "unknown_brand_mentions": [], "priced_brands": [], "missing_price_brands": [], "pending_brand_mentions": [], "processed_brand_mentions": [], "remaining_brand_mentions": []}
product_context_trace: {"raw_query": "yes", "requested_products": [], "raw_brand_mentions": [], "mentioned_brands": [], "unknown_brand_mentions": [], "brand_display": [], "asks_price": false, "asks_availability": false, "asks_comparison": false, "partial_access_requested": false, "partial_package_requested": false, "partial_epc_requested": false, "inferred_product_context": "", "unsupported_brand_group": "", "unknown_brand_query": "", "tis_price_status": "not_requested", "fallback_price_blocks": []}


SCENARIO: Вы мошенники?
SESSION_ID: user_x47y3pc
--------------------------------------------------------------------------------
TURN 1
user_query: Вы мошенники?
agent_zero_turn_type: abuse_or_frustration
agent_zero_subtype: accusation
classifier_source: direct_json
topic_ids: ["human_operator_request"]
selected_action: human_operator
answer_text: Здравствуйте! Я могу оперативно предоставить вам всю информацию прямо в чате. Если останутся вопросы, подключу менеджера.
Если клиент резко недоволен, обвиняет компанию или конфликтует с ботом, нужно отвечать спокойно, не спорить и предложить передать обращение менеджеру.
followup_trace: {"is_followup": false, "followup_type": "unknown_followup", "input": "Вы мошенники?", "state_before": {"last_mentioned_brand": "", "last_topic_ids": [], "last_action_name": "", "last_bot_question_type": "unknown", "active_request_kind": "none", "manager_handoff_stage": "none"}, "inherited_brand": "", "suggested_topics": [], "reason": "No follow-up rule matched."}
dialog_act_trace: {}
shortlist_selected_scores: [{"topic_id": "human_operator_request", "label_ru": "Перевод на менеджера", "score": 1.1, "lexical_score": 0.0, "semantic_boost": 1.1, "semantic_penalty": 0.0, "continuity_boost": 0.0, "overlap": 0.0, "jaccard": 0.0, "avoid_overlap": 0.0, "matched_tokens": [], "score_breakdown": {"query": 0.0, "meaning": 0.0, "brand_boost": 0.0, "query_boost": 1.1, "final": 1.1}}, {"topic_id": "price_objection", "label_ru": "Возражение по цене", "score": 0.220952, "lexical_score": 0.220952, "semantic_boost": 0.0, "semantic_penalty": 0.0, "continuity_boost": 0.0, "overlap": 0.25, "jaccard": 0.047619, "avoid_overlap": 0.0, "matched_tokens": ["выражает"], "score_breakdown": {"query": 0.0, "meaning": 0.27619, "brand_boost": 0.0, "query_boost": 0.0, "final": 0.220952}}, {"topic_id": "api_integration", "label_ru": "API и интеграция", "score": 0.0, "lexical_score": 0.0, "semantic_boost": 0.0, "semantic_penalty": 0.0, "continuity_boost": 0.0, "overlap": 0.0, "jaccard": 0.0, "avoid_overlap": 0.0, "matched_tokens": [], "score_breakdown": {"query": 0.0, "meaning": 0.0, "brand_boost": 0.0, "query_boost": 0.0, "final": 0.0}}, {"topic_id": "brand_list_request", "label_ru": "Список брендов", "score": 0.0, "lexical_score": 0.0, "semantic_boost": 0.0, "semantic_penalty": 0.0, "continuity_boost": 0.0, "overlap": 0.0, "jaccard": 0.0, "avoid_overlap": 0.0, "matched_tokens": [], "score_breakdown": {"query": 0.0, "meaning": 0.0, "brand_boost": 0.0, "query_boost": 0.0, "final": 0.0}}, {"topic_id": "catalog_list_request", "label_ru": "Список каталогов", "score": 0.0, "lexical_score": 0.0, "semantic_boost": 0.0, "semantic_penalty": 0.0, "continuity_boost": 0.0, "overlap": 0.0, "jaccard": 0.0, "avoid_overlap": 0.0, "matched_tokens": [], "score_breakdown": {"query": 0.0, "meaning": 0.0, "brand_boost": 0.0, "query_boost": 0.0, "final": 0.0}}, {"topic_id": "company_services_info", "label_ru": "Возможности сервиса", "score": 0.0, "lexical_score": 0.0, "semantic_boost": 0.0, "semantic_penalty": 0.0, "continuity_boost": 0.0, "overlap": 0.0, "jaccard": 0.0, "avoid_overlap": 0.0, "matched_tokens": [], "score_breakdown": {"query": 0.0, "meaning": 0.0, "brand_boost": 0.0, "query_boost": 0.0, "final": 0.0}}, {"topic_id": "competitor_choice", "label_ru": "Выбор конкурента", "score": 0.0, "lexical_score": 0.0, "semantic_boost": 0.0, "semantic_penalty": 0.0, "continuity_boost": 0.0, "overlap": 0.0, "jaccard": 0.0, "avoid_overlap": 0.0, "matched_tokens": [], "score_breakdown": {"query": 0.0, "meaning": 0.0, "brand_boost": 0.0, "query_boost": 0.0, "final": 0.0}}, {"topic_id": "competitor_comparison", "label_ru": "Отличие от конкурентов", "score": 0.0, "lexical_score": 0.0, "semantic_boost": 0.0, "semantic_penalty": 0.0, "continuity_boost": 0.0, "overlap": 0.0, "jaccard": 0.0, "avoid_overlap": 0.0, "matched_tokens": [], "score_breakdown": {"query": 0.0, "meaning": 0.0, "brand_boost": 0.0, "query_boost": 0.0, "final": 0.0}}]
shortlist_skipped: null
shortlist_skip_reason: null
state_before: {"client_type": "unknown", "legal_entity_confirmed": false, "purchase_active": false, "purchase_stage": "unknown", "last_question_type": "unknown", "last_primary_topic": "out_of_scope_request", "last_topic_ids": [], "last_secondary_topics": [], "dialog_phase": "discovery", "conversation_closed": false, "greeted": false, "active_flow": "none", "flow_step": "idle", "last_action_name": "", "same_action_repeats": 0, "manager_handoff_stage": "none", "evidence_status": "unknown", "active_request_kind": "none", "document_contact_collected": false, "last_bot_question_type": "unknown", "last_mentioned_brand": "", "last_focus_topic": "out_of_scope_request", "last_context_gist": "", "last_context_meaning": "", "last_context_fallback_used": false, "last_context_fallback_reason": "", "active_business_flow": "none", "active_pricing_flow": "none", "pricing_requested_product": "", "requested_brands": [], "recognized_brands": [], "unknown_brand_mentions": [], "missing_price_brands": [], "priced_brands": [], "pending_brand_mentions": [], "pricing_mode": "all", "pricing_flow": {}, "service_semantic_memory": {}, "slots": {}}
state_after_classification: {"client_type": "unknown", "legal_entity_confirmed": false, "purchase_active": false, "purchase_stage": "unknown", "last_question_type": "unknown", "last_primary_topic": "human_operator_request", "last_topic_ids": ["human_operator_request"], "last_secondary_topics": [], "dialog_phase": "discovery", "conversation_closed": false, "greeted": false, "active_flow": "none", "flow_step": "idle", "last_action_name": "", "same_action_repeats": 0, "manager_handoff_stage": "none", "evidence_status": "unknown", "active_request_kind": "human_operator_request", "document_contact_collected": false, "last_bot_question_type": "unknown", "last_mentioned_brand": "", "last_focus_topic": "human_operator_request", "last_context_gist": "Клиент задает вопрос о мошенничестве.", "last_context_meaning": "Клиент повторно выражает подозрение в мошенничестве.", "last_context_fallback_used": false, "last_context_fallback_reason": "", "active_business_flow": "none", "active_pricing_flow": "none", "pricing_requested_product": "", "requested_brands": [], "recognized_brands": [], "unknown_brand_mentions": [], "missing_price_brands": [], "priced_brands": [], "pending_brand_mentions": [], "pricing_mode": "all", "pricing_flow": {"active": false, "product": "", "mode": "all", "stage": "idle", "brand_mentions": [], "brand_items": [], "raw_brand_mentions": [], "requested_brand_keys": [], "recognized_brands": [], "unknown_brand_mentions": [], "priced_brands": [], "missing_price_brands": [], "pending_brand_mentions": [], "processed_brand_mentions": [], "remaining_brand_mentions": []}, "service_semantic_memory": {}, "slots": {}}
state_after_response: {"client_type": "unknown", "legal_entity_confirmed": false, "purchase_active": false, "purchase_stage": "unknown", "last_question_type": "unknown", "last_primary_topic": "human_operator_request", "last_topic_ids": ["human_operator_request"], "last_secondary_topics": [], "dialog_phase": "discovery", "conversation_closed": false, "greeted": false, "active_flow": "none", "flow_step": "idle", "last_action_name": "human_operator", "same_action_repeats": 1, "manager_handoff_stage": "awaiting_phone", "evidence_status": "knowledge_context", "active_request_kind": "human_operator_request", "document_contact_collected": false, "last_bot_question_type": "unknown", "last_mentioned_brand": "", "last_focus_topic": "human_operator_request", "last_context_gist": "Клиент задает вопрос о мошенничестве.", "last_context_meaning": "Клиент повторно выражает подозрение в мошенничестве.", "last_context_fallback_used": false, "last_context_fallback_reason": "", "active_business_flow": "manager_handoff", "active_pricing_flow": "tis", "pricing_requested_product": "tis", "requested_brands": [], "recognized_brands": [], "unknown_brand_mentions": [], "missing_price_brands": [], "priced_brands": [], "pending_brand_mentions": [], "pricing_mode": "all", "pricing_flow": {"active": true, "product": "tis", "mode": "all", "stage": "manager_handoff", "brand_mentions": [], "brand_items": [], "raw_brand_mentions": [], "requested_brand_keys": [], "recognized_brands": [], "unknown_brand_mentions": [], "priced_brands": [], "missing_price_brands": [], "pending_brand_mentions": [], "processed_brand_mentions": [], "remaining_brand_mentions": []}, "service_semantic_memory": {}, "slots": {}}
answer_selection_trace: {"llm_answer": "Я могу оперативно предоставить вам всю информацию прямо в чате. Если у вас есть конкретные вопросы или опасения, пожалуйста, поделитесь ими, и я постараюсь помочь. Если потребуется, я подключу менеджера.", "fallback_answer": "Я могу оперативно предоставить вам всю информацию прямо в чате. Если останутся вопросы, подключу менеджера.\nЕсли клиент резко недоволен, обвиняет компанию или конфликтует с ботом, нужно отвечать спокойно, не спорить и предложить передать обращение менеджеру.", "deterministic_answer": "Я могу оперативно предоставить вам всю информацию прямо в чате. Если останутся вопросы, подключу менеджера.\nЕсли клиент резко недоволен, обвиняет компанию или конфликтует с ботом, нужно отвечать спокойно, не спорить и предложить передать обращение менеджеру.", "validator_passed": true, "selected_source": "deterministic", "selection_reason": "Locked business action enforced deterministic answer ownership.", "mandatory_blocks": [{"key": "human_operator_handoff", "required_phrases": ["менеджер"], "semantic_tags": ["human_operator_handoff"]}], "llm_validation": {"human_operator_handoff": true}, "action_compatible": true, "validator_trace": {"is_valid": true, "blocker_hits": [], "missing_required": []}, "final_answer_source": "deterministic", "hard_deterministic_pricing": false, "hard_deterministic_service": false, "hard_locked_action": true}
pricing_flow_trace: {"active": false, "product": "", "mode": "all", "stage": "idle", "brand_mentions": [], "brand_items": [], "raw_brand_mentions": [], "requested_brand_keys": [], "recognized_brands": [], "unknown_brand_mentions": [], "priced_brands": [], "missing_price_brands": [], "pending_brand_mentions": [], "processed_brand_mentions": [], "remaining_brand_mentions": []}
product_context_trace: {"raw_query": "Вы мошенники?", "requested_products": [], "raw_brand_mentions": [], "mentioned_brands": [], "unknown_brand_mentions": [], "brand_display": [], "asks_price": false, "asks_availability": false, "asks_comparison": false, "partial_access_requested": false, "partial_package_requested": false, "partial_epc_requested": false, "inferred_product_context": "", "unsupported_brand_group": "", "unknown_brand_query": "", "tis_price_status": "not_requested", "fallback_price_blocks": []}


SCENARIO: Дай бесплатный доступ/обойди оплату
SESSION_ID: user_nr1zios
--------------------------------------------------------------------------------
TURN 1
user_query: Дай бесплатный доступ/обойди оплату
agent_zero_turn_type: pricing_request
agent_zero_subtype: free_access_request
classifier_source: direct_json
topic_ids: ["demo_access"]
selected_action: demo_policy
answer_text: Здравствуйте! Демо-доступ возможен для юридических лиц и ИП. Подтвердите, пожалуйста, ваш юридический статус, и я продолжу оформление.
followup_trace: {"is_followup": false, "followup_type": "unknown_followup", "input": "Дай бесплатный доступ/обойди оплату", "state_before": {"last_mentioned_brand": "", "last_topic_ids": [], "last_action_name": "", "last_bot_question_type": "unknown", "active_request_kind": "none", "manager_handoff_stage": "none"}, "inherited_brand": "", "suggested_topics": [], "reason": "No follow-up rule matched."}
dialog_act_trace: {}
shortlist_selected_scores: [{"topic_id": "legal_entity_purchase_flow", "label_ru": "Оформление для юрлица", "score": 0.548647, "lexical_score": 0.548647, "semantic_boost": 0.0, "semantic_penalty": 0.0, "continuity_boost": 0.0, "overlap": 0.4, "jaccard": 0.045455, "avoid_overlap": 0.0, "matched_tokens": ["доступ", "оплат"], "score_breakdown": {"query": 0.425, "meaning": 0.154559, "brand_boost": 0.0, "query_boost": 0.0, "final": 0.548647}}, {"topic_id": "post_payment_access_timing", "label_ru": "Когда доступ после оплаты", "score": 0.509035, "lexical_score": 0.509035, "semantic_boost": 0.0, "semantic_penalty": 0.0, "continuity_boost": 0.0, "overlap": 0.4, "jaccard": 0.086957, "avoid_overlap": 0.2, "matched_tokens": ["доступ", "оплат"], "score_breakdown": {"query": 0.377826, "meaning": 0.164011, "brand_boost": 0.0, "query_boost": 0.0, "final": 0.509035}}, {"topic_id": "purchase_ready", "label_ru": "Готовность к покупке", "score": 0.454286, "lexical_score": 0.454286, "semantic_boost": 0.0, "semantic_penalty": 0.0, "continuity_boost": 0.0, "overlap": 0.4, "jaccard": 0.066667, "avoid_overlap": 0.2, "matched_tokens": ["доступ", "оплат"], "score_breakdown": {"query": 0.366667, "meaning": 0.109524, "brand_boost": 0.0, "query_boost": 0.0, "final": 0.454286}}, {"topic_id": "post_payment_no_access", "label_ru": "Оплатил, но доступа нет", "score": 0.391766, "lexical_score": 0.391766, "semantic_boost": 0.0, "semantic_penalty": 0.0, "continuity_boost": 0.0, "overlap": 0.4, "jaccard": 0.076923, "avoid_overlap": 0.4, "matched_tokens": ["доступ", "оплат"], "score_breakdown": {"query": 0.302308, "meaning": 0.111823, "brand_boost": 0.0, "query_boost": 0.0, "final": 0.391766}}, {"topic_id": "demo_access", "label_ru": "Демо-доступ", "score": 0.391548, "lexical_score": 0.391548, "semantic_boost": 0.0, "semantic_penalty": 0.0, "continuity_boost": 0.0, "overlap": 0.2, "jaccard": 0.083333, "avoid_overlap": 0.0, "matched_tokens": ["доступ"], "score_breakdown": {"query": 0.245833, "meaning": 0.182143, "brand_boost": 0.0, "query_boost": 0.0, "final": 0.391548}}, {"topic_id": "subscription_renewal", "label_ru": "Продление подписки", "score": 0.381071, "lexical_score": 0.381071, "semantic_boost": 0.0, "semantic_penalty": 0.0, "continuity_boost": 0.0, "overlap": 0.2, "jaccard": 0.071429, "avoid_overlap": 0.0, "matched_tokens": ["доступ"], "score_breakdown": {"query": 0.239286, "meaning": 0.177232, "brand_boost": 0.0, "query_boost": 0.0, "final": 0.381071}}, {"topic_id": "self_employed_purchase", "label_ru": "Самозанятые", "score": 0.369797, "lexical_score": 0.369797, "semantic_boost": 0.0, "semantic_penalty": 0.0, "continuity_boost": 0.0, "overlap": 0.2, "jaccard": 0.058824, "avoid_overlap": 0.0, "matched_tokens": ["доступ"], "score_breakdown": {"query": 0.232353, "meaning": 0.171805, "brand_boost": 0.0, "query_boost": 0.0, "final": 0.369797}}, {"topic_id": "multi_device_access", "label_ru": "Многопользовательский доступ", "score": 0.342684, "lexical_score": 0.342684, "semantic_boost": 0.0, "semantic_penalty": 0.0, "continuity_boost": 0.0, "overlap": 0.2, "jaccard": 0.029412, "avoid_overlap": 0.0, "matched_tokens": ["доступ"], "score_breakdown": {"query": 0.216176, "meaning": 0.158135, "brand_boost": 0.0, "query_boost": 0.0, "final": 0.342684}}]
shortlist_skipped: null
shortlist_skip_reason: null
state_before: {"client_type": "unknown", "legal_entity_confirmed": false, "purchase_active": false, "purchase_stage": "unknown", "last_question_type": "unknown", "last_primary_topic": "out_of_scope_request", "last_topic_ids": [], "last_secondary_topics": [], "dialog_phase": "discovery", "conversation_closed": false, "greeted": false, "active_flow": "none", "flow_step": "idle", "last_action_name": "", "same_action_repeats": 0, "manager_handoff_stage": "none", "evidence_status": "unknown", "active_request_kind": "none", "document_contact_collected": false, "last_bot_question_type": "unknown", "last_mentioned_brand": "", "last_focus_topic": "out_of_scope_request", "last_context_gist": "", "last_context_meaning": "", "last_context_fallback_used": false, "last_context_fallback_reason": "", "active_business_flow": "none", "active_pricing_flow": "none", "pricing_requested_product": "", "requested_brands": [], "recognized_brands": [], "unknown_brand_mentions": [], "missing_price_brands": [], "priced_brands": [], "pending_brand_mentions": [], "pricing_mode": "all", "pricing_flow": {}, "service_semantic_memory": {}, "slots": {}}
state_after_classification: {"client_type": "unknown", "legal_entity_confirmed": false, "purchase_active": false, "purchase_stage": "unknown", "last_question_type": "unknown", "last_primary_topic": "demo_access", "last_topic_ids": ["demo_access"], "last_secondary_topics": [], "dialog_phase": "discovery", "conversation_closed": false, "greeted": false, "active_flow": "none", "flow_step": "idle", "last_action_name": "", "same_action_repeats": 0, "manager_handoff_stage": "none", "evidence_status": "unknown", "active_request_kind": "demo_access", "document_contact_collected": false, "last_bot_question_type": "unknown", "last_mentioned_brand": "", "last_focus_topic": "demo_access", "last_context_gist": "Клиент запрашивает бесплатный доступ к сервису.", "last_context_meaning": "Клиент повторно запрашивает бесплатный доступ, игнорируя предыдущий отказ или условия.", "last_context_fallback_used": false, "last_context_fallback_reason": "", "active_business_flow": "none", "active_pricing_flow": "none", "pricing_requested_product": "", "requested_brands": [], "recognized_brands": [], "unknown_brand_mentions": [], "missing_price_brands": [], "priced_brands": [], "pending_brand_mentions": [], "pricing_mode": "all", "pricing_flow": {"active": false, "product": "", "mode": "all", "stage": "idle", "brand_mentions": [], "brand_items": [], "raw_brand_mentions": [], "requested_brand_keys": [], "recognized_brands": [], "unknown_brand_mentions": [], "priced_brands": [], "missing_price_brands": [], "pending_brand_mentions": [], "processed_brand_mentions": [], "remaining_brand_mentions": []}, "service_semantic_memory": {}, "slots": {}}
state_after_response: {"client_type": "unknown", "legal_entity_confirmed": false, "purchase_active": false, "purchase_stage": "unknown", "last_question_type": "unknown", "last_primary_topic": "demo_access", "last_topic_ids": ["demo_access"], "last_secondary_topics": [], "dialog_phase": "discovery", "conversation_closed": false, "greeted": false, "active_flow": "none", "flow_step": "idle", "last_action_name": "demo_policy", "same_action_repeats": 1, "manager_handoff_stage": "none", "evidence_status": "knowledge_context", "active_request_kind": "demo_access", "document_contact_collected": false, "last_bot_question_type": "unknown", "last_mentioned_brand": "", "last_focus_topic": "demo_access", "last_context_gist": "Клиент запрашивает бесплатный доступ к сервису.", "last_context_meaning": "Клиент повторно запрашивает бесплатный доступ, игнорируя предыдущий отказ или условия.", "last_context_fallback_used": false, "last_context_fallback_reason": "", "active_business_flow": "none", "active_pricing_flow": "none", "pricing_requested_product": "", "requested_brands": [], "recognized_brands": [], "unknown_brand_mentions": [], "missing_price_brands": [], "priced_brands": [], "pending_brand_mentions": [], "pricing_mode": "all", "pricing_flow": {"active": false, "product": "", "mode": "all", "stage": "idle", "brand_mentions": [], "brand_items": [], "raw_brand_mentions": [], "requested_brand_keys": [], "recognized_brands": [], "unknown_brand_mentions": [], "priced_brands": [], "missing_price_brands": [], "pending_brand_mentions": [], "processed_brand_mentions": [], "remaining_brand_mentions": []}, "service_semantic_memory": {}, "slots": {}}
answer_selection_trace: {"llm_answer": "Демо-доступ возможен для юридических лиц и ИП. Подтвердите, пожалуйста, ваш юридический статус, и я продолжу оформление.", "fallback_answer": "Демо-доступ возможен для юридических лиц и ИП. Подтвердите, пожалуйста, ваш юридический статус, и я продолжу оформление.", "deterministic_answer": "Демо-доступ возможен для юридических лиц и ИП. Подтвердите, пожалуйста, ваш юридический статус, и я продолжу оформление.", "validator_passed": true, "selected_source": "llm", "selection_reason": "LLM answer preserved mandatory meaning and action compatibility.", "mandatory_blocks": [], "llm_validation": {}, "action_compatible": true, "validator_trace": {"is_valid": true, "blocker_hits": [], "missing_required": []}, "final_answer_source": "llm", "hard_deterministic_pricing": false, "hard_deterministic_service": false, "hard_locked_action": false}
pricing_flow_trace: {"active": false, "product": "", "mode": "all", "stage": "idle", "brand_mentions": [], "brand_items": [], "raw_brand_mentions": [], "requested_brand_keys": [], "recognized_brands": [], "unknown_brand_mentions": [], "priced_brands": [], "missing_price_brands": [], "pending_brand_mentions": [], "processed_brand_mentions": [], "remaining_brand_mentions": []}
product_context_trace: {"raw_query": "Дай бесплатный доступ/обойди оплату", "requested_products": [], "raw_brand_mentions": [], "mentioned_brands": [], "unknown_brand_mentions": [], "brand_display": [], "asks_price": false, "asks_availability": false, "asks_comparison": false, "partial_access_requested": false, "partial_package_requested": false, "partial_epc_requested": false, "inferred_product_context": "", "unsupported_brand_group": "", "unknown_brand_query": "", "tis_price_status": "not_requested", "fallback_price_blocks": []}


SCENARIO: Мне обещали бесплатно навсегда
SESSION_ID: user_4sfjphy
--------------------------------------------------------------------------------
TURN 1
user_query: Мне обещали бесплатно навсегда
agent_zero_turn_type: clarification_pushback
agent_zero_subtype: confirmation
classifier_source: direct_json
topic_ids: ["demo_access"]
selected_action: demo_policy
answer_text: Здравствуйте! Демо-доступ возможен для юридических лиц и ИП. Подтвердите, пожалуйста, ваш юридический статус, и я продолжу оформление.
followup_trace: {"is_followup": false, "followup_type": "unknown_followup", "input": "Мне обещали бесплатно навсегда", "state_before": {"last_mentioned_brand": "", "last_topic_ids": [], "last_action_name": "", "last_bot_question_type": "unknown", "active_request_kind": "none", "manager_handoff_stage": "none"}, "inherited_brand": "", "suggested_topics": [], "reason": "No follow-up rule matched."}
dialog_act_trace: {}
shortlist_selected_scores: [{"topic_id": "legal_entity_purchase_flow", "label_ru": "Оформление для юрлица", "score": 0.286222, "lexical_score": 0.286222, "semantic_boost": 0.0, "semantic_penalty": 0.0, "continuity_boost": 0.0, "overlap": 0.333333, "jaccard": 0.044444, "avoid_overlap": 0.0, "matched_tokens": ["доступ", "подтверждает"], "score_breakdown": {"query": 0.0, "meaning": 0.357778, "brand_boost": 0.0, "query_boost": 0.0, "final": 0.286222}}, {"topic_id": "demo_access", "label_ru": "Демо-доступ", "score": 0.167179, "lexical_score": 0.167179, "semantic_boost": 0.0, "semantic_penalty": 0.0, "continuity_boost": 0.0, "overlap": 0.166667, "jaccard": 0.076923, "avoid_overlap": 0.0, "matched_tokens": ["доступ"], "score_breakdown": {"query": 0.0, "meaning": 0.208974, "brand_boost": 0.0, "query_boost": 0.0, "final": 0.167179}}, {"topic_id": "subscription_renewal", "label_ru": "Продление подписки", "score": 0.162667, "lexical_score": 0.162667, "semantic_boost": 0.0, "semantic_penalty": 0.0, "continuity_boost": 0.0, "overlap": 0.166667, "jaccard": 0.066667, "avoid_overlap": 0.0, "matched_tokens": ["доступ"], "score_breakdown": {"query": 0.0, "meaning": 0.203333, "brand_boost": 0.0, "query_boost": 0.0, "final": 0.162667}}, {"topic_id": "self_employed_purchase", "label_ru": "Самозанятые", "score": 0.157778, "lexical_score": 0.157778, "semantic_boost": 0.0, "semantic_penalty": 0.0, "continuity_boost": 0.0, "overlap": 0.166667, "jaccard": 0.055556, "avoid_overlap": 0.0, "matched_tokens": ["доступ"], "score_breakdown": {"query": 0.0, "meaning": 0.197222, "brand_boost": 0.0, "query_boost": 0.0, "final": 0.157778}}, {"topic_id": "post_payment_access_timing", "label_ru": "Когда доступ после оплаты", "score": 0.150933, "lexical_score": 0.150933, "semantic_boost": 0.0, "semantic_penalty": 0.0, "continuity_boost": 0.0, "overlap": 0.166667, "jaccard": 0.04, "avoid_overlap": 0.0, "matched_tokens": ["доступ"], "score_breakdown": {"query": 0.0, "meaning": 0.188667, "brand_boost": 0.0, "query_boost": 0.0, "final": 0.150933}}, {"topic_id": "data_accuracy_doubt", "label_ru": "Сомнение в точности данных", "score": 0.150256, "lexical_score": 0.150256, "semantic_boost": 0.0, "semantic_penalty": 0.0, "continuity_boost": 0.0, "overlap": 0.166667, "jaccard": 0.038462, "avoid_overlap": 0.0, "matched_tokens": ["информаци"], "score_breakdown": {"query": 0.0, "meaning": 0.187821, "brand_boost": 0.0, "query_boost": 0.0, "final": 0.150256}}, {"topic_id": "multi_device_access", "label_ru": "Многопользовательский доступ", "score": 0.145905, "lexical_score": 0.145905, "semantic_boost": 0.0, "semantic_penalty": 0.0, "continuity_boost": 0.0, "overlap": 0.166667, "jaccard": 0.028571, "avoid_overlap": 0.0, "matched_tokens": ["доступ"], "score_breakdown": {"query": 0.0, "meaning": 0.182381, "brand_boost": 0.0, "query_boost": 0.0, "final": 0.145905}}, {"topic_id": "post_payment_no_access", "label_ru": "Оплатил, но доступа нет", "score": 0.102381, "lexical_score": 0.102381, "semantic_boost": 0.0, "semantic_penalty": 0.0, "continuity_boost": 0.0, "overlap": 0.166667, "jaccard": 0.035714, "avoid_overlap": 0.166667, "matched_tokens": ["доступ"], "score_breakdown": {"query": 0.0, "meaning": 0.127976, "brand_boost": 0.0, "query_boost": 0.0, "final": 0.102381}}]
shortlist_skipped: null
shortlist_skip_reason: null
state_before: {"client_type": "unknown", "legal_entity_confirmed": false, "purchase_active": false, "purchase_stage": "unknown", "last_question_type": "unknown", "last_primary_topic": "out_of_scope_request", "last_topic_ids": [], "last_secondary_topics": [], "dialog_phase": "discovery", "conversation_closed": false, "greeted": false, "active_flow": "none", "flow_step": "idle", "last_action_name": "", "same_action_repeats": 0, "manager_handoff_stage": "none", "evidence_status": "unknown", "active_request_kind": "none", "document_contact_collected": false, "last_bot_question_type": "unknown", "last_mentioned_brand": "", "last_focus_topic": "out_of_scope_request", "last_context_gist": "", "last_context_meaning": "", "last_context_fallback_used": false, "last_context_fallback_reason": "", "active_business_flow": "none", "active_pricing_flow": "none", "pricing_requested_product": "", "requested_brands": [], "recognized_brands": [], "unknown_brand_mentions": [], "missing_price_brands": [], "priced_brands": [], "pending_brand_mentions": [], "pricing_mode": "all", "pricing_flow": {}, "service_semantic_memory": {}, "slots": {}}
state_after_classification: {"client_type": "unknown", "legal_entity_confirmed": false, "purchase_active": false, "purchase_stage": "unknown", "last_question_type": "unknown", "last_primary_topic": "demo_access", "last_topic_ids": ["demo_access"], "last_secondary_topics": [], "dialog_phase": "discovery", "conversation_closed": false, "greeted": false, "active_flow": "none", "flow_step": "idle", "last_action_name": "", "same_action_repeats": 0, "manager_handoff_stage": "none", "evidence_status": "unknown", "active_request_kind": "demo_access", "document_contact_collected": false, "last_bot_question_type": "unknown", "last_mentioned_brand": "", "last_focus_topic": "demo_access", "last_context_gist": "Клиент повторно утверждает, что ему обещали бесплатный доступ к сервису.", "last_context_meaning": "Клиент подтверждает информацию о ранее обещанном бесплатном доступе.", "last_context_fallback_used": false, "last_context_fallback_reason": "", "active_business_flow": "none", "active_pricing_flow": "none", "pricing_requested_product": "", "requested_brands": [], "recognized_brands": [], "unknown_brand_mentions": [], "missing_price_brands": [], "priced_brands": [], "pending_brand_mentions": [], "pricing_mode": "all", "pricing_flow": {"active": false, "product": "", "mode": "all", "stage": "idle", "brand_mentions": [], "brand_items": [], "raw_brand_mentions": [], "requested_brand_keys": [], "recognized_brands": [], "unknown_brand_mentions": [], "priced_brands": [], "missing_price_brands": [], "pending_brand_mentions": [], "processed_brand_mentions": [], "remaining_brand_mentions": []}, "service_semantic_memory": {}, "slots": {}}
state_after_response: {"client_type": "unknown", "legal_entity_confirmed": false, "purchase_active": false, "purchase_stage": "unknown", "last_question_type": "unknown", "last_primary_topic": "demo_access", "last_topic_ids": ["demo_access"], "last_secondary_topics": [], "dialog_phase": "discovery", "conversation_closed": false, "greeted": false, "active_flow": "none", "flow_step": "idle", "last_action_name": "demo_policy", "same_action_repeats": 1, "manager_handoff_stage": "none", "evidence_status": "knowledge_context", "active_request_kind": "demo_access", "document_contact_collected": false, "last_bot_question_type": "unknown", "last_mentioned_brand": "", "last_focus_topic": "demo_access", "last_context_gist": "Клиент повторно утверждает, что ему обещали бесплатный доступ к сервису.", "last_context_meaning": "Клиент подтверждает информацию о ранее обещанном бесплатном доступе.", "last_context_fallback_used": false, "last_context_fallback_reason": "", "active_business_flow": "none", "active_pricing_flow": "none", "pricing_requested_product": "", "requested_brands": [], "recognized_brands": [], "unknown_brand_mentions": [], "missing_price_brands": [], "priced_brands": [], "pending_brand_mentions": [], "pricing_mode": "all", "pricing_flow": {"active": false, "product": "", "mode": "all", "stage": "idle", "brand_mentions": [], "brand_items": [], "raw_brand_mentions": [], "requested_brand_keys": [], "recognized_brands": [], "unknown_brand_mentions": [], "priced_brands": [], "missing_price_brands": [], "pending_brand_mentions": [], "processed_brand_mentions": [], "remaining_brand_mentions": []}, "service_semantic_memory": {}, "slots": {}}
answer_selection_trace: {"llm_answer": "Демо-доступ возможен для юридических лиц и ИП. Подтвердите, пожалуйста, ваш юридический статус, и я продолжу оформление.", "fallback_answer": "Демо-доступ возможен для юридических лиц и ИП. Подтвердите, пожалуйста, ваш юридический статус, и я продолжу оформление.", "deterministic_answer": "Демо-доступ возможен для юридических лиц и ИП. Подтвердите, пожалуйста, ваш юридический статус, и я продолжу оформление.", "validator_passed": true, "selected_source": "llm", "selection_reason": "LLM answer preserved mandatory meaning and action compatibility.", "mandatory_blocks": [], "llm_validation": {}, "action_compatible": true, "validator_trace": {"is_valid": true, "blocker_hits": [], "missing_required": []}, "final_answer_source": "llm", "hard_deterministic_pricing": false, "hard_deterministic_service": false, "hard_locked_action": false}
pricing_flow_trace: {"active": false, "product": "", "mode": "all", "stage": "idle", "brand_mentions": [], "brand_items": [], "raw_brand_mentions": [], "requested_brand_keys": [], "recognized_brands": [], "unknown_brand_mentions": [], "priced_brands": [], "missing_price_brands": [], "pending_brand_mentions": [], "processed_brand_mentions": [], "remaining_brand_mentions": []}
product_context_trace: {"raw_query": "Мне обещали бесплатно навсегда", "requested_products": [], "raw_brand_mentions": [], "mentioned_brands": [], "unknown_brand_mentions": [], "brand_display": [], "asks_price": false, "asks_availability": false, "asks_comparison": false, "partial_access_requested": false, "partial_package_requested": false, "partial_epc_requested": false, "inferred_product_context": "", "unsupported_brand_group": "", "unknown_brand_query": "", "tis_price_status": "not_requested", "fallback_price_blocks": []}

TURN 2
user_query: Я уже купил и хочу как обещали навсегда
agent_zero_turn_type: other
agent_zero_subtype: reminder
classifier_source: direct_json
topic_ids: ["purchase_ready"]
selected_action: ask_legal_status
answer_text: Здравствуйте! Мы работаем только с юридическими лицами и ИП. Подскажите, пожалуйста, вы представитель юридического лица?
followup_trace: {"is_followup": false, "followup_type": "unknown_followup", "input": "Я уже купил и хочу как обещали навсегда", "state_before": {"last_mentioned_brand": "", "last_topic_ids": ["demo_access"], "last_action_name": "demo_policy", "last_bot_question_type": "unknown", "active_request_kind": "demo_access", "manager_handoff_stage": "none"}, "inherited_brand": "", "suggested_topics": [], "reason": "No follow-up rule matched."}
dialog_act_trace: {}
shortlist_selected_scores: [{"topic_id": "purchase_ready", "label_ru": "Готовность к покупке", "score": 0.433813, "lexical_score": 0.433813, "semantic_boost": 0.0, "semantic_penalty": 0.0, "continuity_boost": 0.0, "overlap": 0.285714, "jaccard": 0.0625, "avoid_overlap": 0.142857, "matched_tokens": ["доступ", "покупк", "хочу"], "score_breakdown": {"query": 0.217742, "meaning": 0.270089, "brand_boost": 0.0, "query_boost": 0.0, "final": 0.433813}}, {"topic_id": "subscription_renewal", "label_ru": "Продление подписки", "score": 0.341071, "lexical_score": 0.341071, "semantic_boost": 0.0, "semantic_penalty": 0.0, "continuity_boost": 0.0, "overlap": 0.2, "jaccard": 0.071429, "avoid_overlap": 0.142857, "matched_tokens": ["доступ", "хочу"], "score_breakdown": {"query": 0.239286, "meaning": 0.127232, "brand_boost": 0.0, "query_boost": 0.0, "final": 0.341071}}, {"topic_id": "physical_person_purchase", "label_ru": "Покупка как физлицо", "score": 0.324185, "lexical_score": 0.324185, "semantic_boost": 0.0, "semantic_penalty": 0.0, "continuity_boost": 0.0, "overlap": 0.2, "jaccard": 0.052632, "avoid_overlap": 0.142857, "matched_tokens": ["покупк", "хочу"], "score_breakdown": {"query": 0.228947, "meaning": 0.119048, "brand_boost": 0.0, "query_boost": 0.0, "final": 0.324185}}, {"topic_id": "legal_entity_purchase_flow", "label_ru": "Оформление для юрлица", "score": 0.247702, "lexical_score": 0.247702, "semantic_boost": 0.0, "semantic_penalty": 0.0, "continuity_boost": 0.0, "overlap": 0.285714, "jaccard": 0.043478, "avoid_overlap": 0.0, "matched_tokens": ["доступ", "подтверждает"], "score_breakdown": {"query": 0.0, "meaning": 0.309627, "brand_boost": 0.0, "query_boost": 0.0, "final": 0.247702}}, {"topic_id": "human_operator_request", "label_ru": "Перевод на менеджера", "score": 0.212222, "lexical_score": 0.212222, "semantic_boost": 0.0, "semantic_penalty": 0.0, "continuity_boost": 0.0, "overlap": 0.2, "jaccard": 0.022222, "avoid_overlap": 0.0, "matched_tokens": ["хочу"], "score_breakdown": {"query": 0.212222, "meaning": 0.0, "brand_boost": 0.0, "query_boost": 0.0, "final": 0.212222}}, {"topic_id": "self_employed_purchase", "label_ru": "Самозанятые", "score": 0.137444, "lexical_score": 0.137444, "semantic_boost": 0.0, "semantic_penalty": 0.0, "continuity_boost": 0.0, "overlap": 0.142857, "jaccard": 0.052632, "avoid_overlap": 0.0, "matched_tokens": ["доступ"], "score_breakdown": {"query": 0.0, "meaning": 0.171805, "brand_boost": 0.0, "query_boost": 0.0, "final": 0.137444}}, {"topic_id": "manager_setup_support", "label_ru": "Помощь в запуске и настройке", "score": 0.134286, "lexical_score": 0.134286, "semantic_boost": 0.0, "semantic_penalty": 0.0, "continuity_boost": 0.0, "overlap": 0.142857, "jaccard": 0.045455, "avoid_overlap": 0.0, "matched_tokens": ["покупк"], "score_breakdown": {"query": 0.0, "meaning": 0.167857, "brand_boost": 0.0, "query_boost": 0.0, "final": 0.134286}}, {"topic_id": "post_payment_access_timing", "label_ru": "Когда доступ после оплаты", "score": 0.131209, "lexical_score": 0.131209, "semantic_boost": 0.0, "semantic_penalty": 0.0, "continuity_boost": 0.0, "overlap": 0.142857, "jaccard": 0.038462, "avoid_overlap": 0.0, "matched_tokens": ["доступ"], "score_breakdown": {"query": 0.0, "meaning": 0.164011, "brand_boost": 0.0, "query_boost": 0.0, "final": 0.131209}}]
shortlist_skipped: null
shortlist_skip_reason: null
state_before: {"client_type": "unknown", "legal_entity_confirmed": false, "purchase_active": false, "purchase_stage": "unknown", "last_question_type": "unknown", "last_primary_topic": "demo_access", "last_topic_ids": ["demo_access"], "last_secondary_topics": [], "dialog_phase": "discovery", "conversation_closed": false, "greeted": false, "active_flow": "none", "flow_step": "idle", "last_action_name": "demo_policy", "same_action_repeats": 1, "manager_handoff_stage": "none", "evidence_status": "knowledge_context", "active_request_kind": "demo_access", "document_contact_collected": false, "last_bot_question_type": "unknown", "last_mentioned_brand": "", "last_focus_topic": "demo_access", "last_context_gist": "Клиент повторно утверждает, что ему обещали бесплатный доступ к сервису.", "last_context_meaning": "Клиент подтверждает информацию о ранее обещанном бесплатном доступе.", "last_context_fallback_used": false, "last_context_fallback_reason": "", "active_business_flow": "none", "active_pricing_flow": "none", "pricing_requested_product": "", "requested_brands": [], "recognized_brands": [], "unknown_brand_mentions": [], "missing_price_brands": [], "priced_brands": [], "pending_brand_mentions": [], "pricing_mode": "all", "pricing_flow": {"active": false, "product": "", "mode": "all", "stage": "idle", "brand_mentions": [], "brand_items": [], "raw_brand_mentions": [], "requested_brand_keys": [], "recognized_brands": [], "unknown_brand_mentions": [], "priced_brands": [], "missing_price_brands": [], "pending_brand_mentions": [], "processed_brand_mentions": [], "remaining_brand_mentions": []}, "service_semantic_memory": {}, "slots": {}}
state_after_classification: {"client_type": "unknown", "legal_entity_confirmed": false, "purchase_active": false, "purchase_stage": "unknown", "last_question_type": "unknown", "last_primary_topic": "purchase_ready", "last_topic_ids": ["purchase_ready"], "last_secondary_topics": [], "dialog_phase": "discovery", "conversation_closed": false, "greeted": false, "active_flow": "none", "flow_step": "idle", "last_action_name": "demo_policy", "same_action_repeats": 1, "manager_handoff_stage": "none", "evidence_status": "knowledge_context", "active_request_kind": "purchase_ready", "document_contact_collected": false, "last_bot_question_type": "unknown", "last_mentioned_brand": "", "last_focus_topic": "purchase_ready", "last_context_gist": "Клиент сообщает, что уже совершил покупку и ожидает обещанный доступ навсегда.", "last_context_meaning": "Клиент подтверждает факт покупки и напоминает об обещании бесплатного доступа.", "last_context_fallback_used": false, "last_context_fallback_reason": "", "active_business_flow": "pricing_tis", "active_pricing_flow": "tis", "pricing_requested_product": "tis", "requested_brands": [], "recognized_brands": [], "unknown_brand_mentions": [], "missing_price_brands": [], "priced_brands": [], "pending_brand_mentions": [], "pricing_mode": "all", "pricing_flow": {"active": true, "product": "tis", "mode": "all", "stage": "pricing_all", "brand_mentions": [], "brand_items": [], "raw_brand_mentions": [], "requested_brand_keys": [], "recognized_brands": [], "unknown_brand_mentions": [], "priced_brands": [], "missing_price_brands": [], "pending_brand_mentions": [], "processed_brand_mentions": [], "remaining_brand_mentions": []}, "service_semantic_memory": {}, "slots": {}}
state_after_response: {"client_type": "unknown", "legal_entity_confirmed": false, "purchase_active": false, "purchase_stage": "unknown", "last_question_type": "unknown", "last_primary_topic": "purchase_ready", "last_topic_ids": ["purchase_ready"], "last_secondary_topics": [], "dialog_phase": "discovery", "conversation_closed": false, "greeted": false, "active_flow": "none", "flow_step": "idle", "last_action_name": "ask_legal_status", "same_action_repeats": 1, "manager_handoff_stage": "none", "evidence_status": "knowledge_context", "active_request_kind": "checkout", "document_contact_collected": false, "last_bot_question_type": "legal_status_check", "last_mentioned_brand": "", "last_focus_topic": "purchase_ready", "last_context_gist": "Клиент сообщает, что уже совершил покупку и ожидает обещанный доступ навсегда.", "last_context_meaning": "Клиент подтверждает факт покупки и напоминает об обещании бесплатного доступа.", "last_context_fallback_used": false, "last_context_fallback_reason": "", "active_business_flow": "purchase_flow", "active_pricing_flow": "tis", "pricing_requested_product": "tis", "requested_brands": [], "recognized_brands": [], "unknown_brand_mentions": [], "missing_price_brands": [], "priced_brands": [], "pending_brand_mentions": [], "pricing_mode": "all", "pricing_flow": {"active": true, "product": "tis", "mode": "all", "stage": "pricing_all", "brand_mentions": [], "brand_items": [], "raw_brand_mentions": [], "requested_brand_keys": [], "recognized_brands": [], "unknown_brand_mentions": [], "priced_brands": [], "missing_price_brands": [], "pending_brand_mentions": [], "processed_brand_mentions": [], "remaining_brand_mentions": []}, "service_semantic_memory": {}, "slots": {}}
answer_selection_trace: {"llm_answer": "Подскажите, пожалуйста, вы представитель юридического лица?", "fallback_answer": "Мы работаем только с юридическими лицами и ИП. Подскажите, пожалуйста, вы представитель юридического лица?", "deterministic_answer": "Мы работаем только с юридическими лицами и ИП. Подскажите, пожалуйста, вы представитель юридического лица?", "validator_passed": false, "selected_source": "deterministic", "selection_reason": "Locked business action enforced deterministic answer ownership.", "mandatory_blocks": [{"key": "ask_legal_status", "required_phrases": ["юрлицо", "ИП"], "semantic_tags": []}], "llm_validation": {}, "action_compatible": false, "validator_trace": {"is_valid": false, "blocker_hits": [], "missing_required": ["юрлиц", "ип"]}, "final_answer_source": "deterministic", "hard_deterministic_pricing": false, "hard_deterministic_service": false, "hard_locked_action": true}
pricing_flow_trace: {"active": false, "product": "", "mode": "all", "stage": "idle", "brand_mentions": [], "brand_items": [], "raw_brand_mentions": [], "requested_brand_keys": [], "recognized_brands": [], "unknown_brand_mentions": [], "priced_brands": [], "missing_price_brands": [], "pending_brand_mentions": [], "processed_brand_mentions": [], "remaining_brand_mentions": []}
product_context_trace: {"raw_query": "Я уже купил и хочу как обещали навсегда", "requested_products": [], "raw_brand_mentions": [], "mentioned_brands": [], "unknown_brand_mentions": [], "brand_display": [], "asks_price": false, "asks_availability": false, "asks_comparison": false, "partial_access_requested": false, "partial_package_requested": false, "partial_epc_requested": false, "inferred_product_context": "", "unsupported_brand_group": "", "unknown_brand_query": "", "tis_price_status": "not_requested", "fallback_price_blocks": []}


SCENARIO: Сколько стоит Mercedes, как купить, и почему не работает вход?
SESSION_ID: user_99i6cwb
--------------------------------------------------------------------------------
TURN 1
user_query: Сколько стоит Mercedes, как купить, и почему не работает вход?
agent_zero_turn_type: pricing_request
agent_zero_subtype: repeat_question
classifier_source: direct_json
topic_ids: ["specific_brand_check", "purchase_ready"]
selected_action: tis_tariffs
answer_text: Здравствуйте! Стоимость TIS для Mercedes-Benz — 10000 руб. Чтобы узнать, как купить, и по поводу неработающего входа, пожалуйста, уточните, что вы имеете в виду под "входом".
followup_trace: {"is_followup": false, "followup_type": "unknown_followup", "input": "Сколько стоит Mercedes, как купить, и почему не работает вход?", "state_before": {"last_mentioned_brand": "", "last_topic_ids": [], "last_action_name": "", "last_bot_question_type": "unknown", "active_request_kind": "none", "manager_handoff_stage": "none"}, "inherited_brand": "", "suggested_topics": [], "reason": "No follow-up rule matched."}
dialog_act_trace: {}
shortlist_selected_scores: [{"topic_id": "specific_brand_check", "label_ru": "Проверка конкретного бренда", "score": 1.392381, "lexical_score": 0.042381, "semantic_boost": 1.35, "semantic_penalty": 0.0, "continuity_boost": 0.0, "overlap": 0.111111, "jaccard": 0.035714, "avoid_overlap": 0.222222, "matched_tokens": ["каталог"], "score_breakdown": {"query": 0.0, "meaning": 0.052976, "brand_boost": 1.35, "query_boost": 0.0, "final": 1.392381}}, {"topic_id": "purchase_ready", "label_ru": "Готовность к покупке", "score": 0.385079, "lexical_score": 0.385079, "semantic_boost": 0.0, "semantic_penalty": 0.0, "continuity_boost": 0.0, "overlap": 0.333333, "jaccard": 0.090909, "avoid_overlap": 0.142857, "matched_tokens": ["вопрос", "доступ", "купить", "покупк"], "score_breakdown": {"query": 0.109524, "meaning": 0.344444, "brand_boost": 0.0, "query_boost": 0.0, "final": 0.385079}}, {"topic_id": "out_of_scope_request", "label_ru": "Вне профиля компании", "score": 0.376284, "lexical_score": 0.376284, "semantic_boost": 0.0, "semantic_penalty": 0.0, "continuity_boost": 0.0, "overlap": 0.285714, "jaccard": 0.068966, "avoid_overlap": 0.142857, "matched_tokens": ["не", "покупк", "цена"], "score_breakdown": {"query": 0.273645, "meaning": 0.128299, "brand_boost": 0.0, "query_boost": 0.0, "final": 0.376284}}, {"topic_id": "physical_person_purchase", "label_ru": "Покупка как физлицо", "score": 0.367622, "lexical_score": 0.367622, "semantic_boost": 0.0, "semantic_penalty": 0.0, "continuity_boost": 0.0, "overlap": 0.285714, "jaccard": 0.1, "avoid_overlap": 0.142857, "matched_tokens": ["купить", "не", "покупк"], "score_breakdown": {"query": 0.290714, "meaning": 0.096135, "brand_boost": 0.0, "query_boost": 0.0, "final": 0.367622}}, {"topic_id": "free_catalog_comparison", "label_ru": "Сравнение с бесплатными каталогами", "score": 0.350972, "lexical_score": 0.350972, "semantic_boost": 0.0, "semantic_penalty": 0.0, "continuity_boost": 0.0, "overlap": 0.285714, "jaccard": 0.076923, "avoid_overlap": 0.142857, "matched_tokens": ["каталог", "поч", "цена"], "score_breakdown": {"query": 0.278022, "meaning": 0.091188, "brand_boost": 0.0, "query_boost": 0.0, "final": 0.350972}}, {"topic_id": "partial_catalog_request", "label_ru": "Только один бренд", "score": 0.340438, "lexical_score": 0.340438, "semantic_boost": 0.0, "semantic_penalty": 0.0, "continuity_boost": 0.0, "overlap": 0.285714, "jaccard": 0.0625, "avoid_overlap": 0.142857, "matched_tokens": ["каталог", "купить", "не"], "score_breakdown": {"query": 0.270089, "meaning": 0.087937, "brand_boost": 0.0, "query_boost": 0.0, "final": 0.340438}}, {"topic_id": "self_employed_purchase", "label_ru": "Самозанятые", "score": 0.231646, "lexical_score": 0.231646, "semantic_boost": 0.0, "semantic_penalty": 0.0, "continuity_boost": 0.0, "overlap": 0.142857, "jaccard": 0.052632, "avoid_overlap": 0.142857, "matched_tokens": ["доступ", "работает"], "score_breakdown": {"query": 0.121805, "meaning": 0.137302, "brand_boost": 0.0, "query_boost": 0.0, "final": 0.231646}}, {"topic_id": "no_private_sales_reason", "label_ru": "Почему не продаем физлицам", "score": 0.229714, "lexical_score": 0.229714, "semantic_boost": 0.0, "semantic_penalty": 0.0, "continuity_boost": 0.0, "overlap": 0.285714, "jaccard": 0.08, "avoid_overlap": 0.285714, "matched_tokens": ["не", "поч"], "score_breakdown": {"query": 0.229714, "meaning": 0.0, "brand_boost": 0.0, "query_boost": 0.0, "final": 0.229714}}]
shortlist_skipped: null
shortlist_skip_reason: null
state_before: {"client_type": "unknown", "legal_entity_confirmed": false, "purchase_active": false, "purchase_stage": "unknown", "last_question_type": "unknown", "last_primary_topic": "out_of_scope_request", "last_topic_ids": [], "last_secondary_topics": [], "dialog_phase": "discovery", "conversation_closed": false, "greeted": false, "active_flow": "none", "flow_step": "idle", "last_action_name": "", "same_action_repeats": 0, "manager_handoff_stage": "none", "evidence_status": "unknown", "active_request_kind": "none", "document_contact_collected": false, "last_bot_question_type": "unknown", "last_mentioned_brand": "", "last_focus_topic": "out_of_scope_request", "last_context_gist": "", "last_context_meaning": "", "last_context_fallback_used": false, "last_context_fallback_reason": "", "active_business_flow": "none", "active_pricing_flow": "none", "pricing_requested_product": "", "requested_brands": [], "recognized_brands": [], "unknown_brand_mentions": [], "missing_price_brands": [], "priced_brands": [], "pending_brand_mentions": [], "pricing_mode": "all", "pricing_flow": {}, "service_semantic_memory": {}, "slots": {}}
state_after_classification: {"client_type": "unknown", "legal_entity_confirmed": false, "purchase_active": false, "purchase_stage": "unknown", "last_question_type": "unknown", "last_primary_topic": "specific_brand_check", "last_topic_ids": ["specific_brand_check", "purchase_ready"], "last_secondary_topics": ["purchase_ready"], "dialog_phase": "discovery", "conversation_closed": false, "greeted": false, "active_flow": "none", "flow_step": "idle", "last_action_name": "", "same_action_repeats": 0, "manager_handoff_stage": "none", "evidence_status": "unknown", "active_request_kind": "multi_intent", "document_contact_collected": false, "last_bot_question_type": "unknown", "last_mentioned_brand": "mercedes-benz", "last_focus_topic": "specific_brand_check", "last_context_gist": "Клиент интересуется стоимостью подписки на каталог Mercedes, процессом покупки и проблемой с доступом.", "last_context_meaning": "Клиент повторяет свой вопрос о стоимости, покупке и проблемах с доступом к каталогу Mercedes.", "last_context_fallback_used": false, "last_context_fallback_reason": "", "active_business_flow": "pricing_tis", "active_pricing_flow": "tis", "pricing_requested_product": "tis", "requested_brands": ["mercedes"], "recognized_brands": ["mercedes-benz"], "unknown_brand_mentions": [], "missing_price_brands": ["mercedes-benz"], "priced_brands": [], "pending_brand_mentions": ["MERCEDES-BENZ"], "pricing_mode": "all", "pricing_flow": {"active": true, "product": "tis", "mode": "all", "stage": "pricing_all", "brand_mentions": [{"raw_text": "Mercedes", "normalized_key": "mercedes", "recognized": true, "display_name": "MERCEDES-BENZ", "canonical_brand": "mercedes-benz"}], "brand_items": [{"canonical_brand": "mercedes-benz", "display_name": "MERCEDES-BENZ", "raw_surface": "Mercedes", "recognized": true, "has_price": false, "processed": false, "status": "missing_price"}], "raw_brand_mentions": ["Mercedes"], "requested_brand_keys": ["mercedes"], "recognized_brands": ["mercedes-benz"], "unknown_brand_mentions": [], "priced_brands": [], "missing_price_brands": ["mercedes-benz"], "pending_brand_mentions": ["MERCEDES-BENZ"], "processed_brand_mentions": [], "remaining_brand_mentions": ["MERCEDES-BENZ"]}, "service_semantic_memory": {}, "slots": {"raw_brand_mentions": ["Mercedes"], "brand_mentions": [{"raw_text": "Mercedes", "normalized_key": "mercedes", "recognized": true, "display_name": "MERCEDES-BENZ", "canonical_brand": "mercedes-benz"}], "requested_brand_keys": ["mercedes"], "brands": ["mercedes-benz"], "brand": "mercedes-benz", "brand_display": "Mercedes-Benz", "brand_display_list": ["Mercedes-Benz"], "last_brand_source": "query"}}
state_after_response: {"client_type": "unknown", "legal_entity_confirmed": false, "purchase_active": false, "purchase_stage": "unknown", "last_question_type": "unknown", "last_primary_topic": "specific_brand_check", "last_topic_ids": ["specific_brand_check", "purchase_ready"], "last_secondary_topics": ["purchase_ready"], "dialog_phase": "discovery", "conversation_closed": false, "greeted": false, "active_flow": "none", "flow_step": "idle", "last_action_name": "tis_tariffs", "same_action_repeats": 1, "manager_handoff_stage": "none", "evidence_status": "knowledge_context", "active_request_kind": "multi_intent", "document_contact_collected": false, "last_bot_question_type": "unknown", "last_mentioned_brand": "mercedes-benz", "last_focus_topic": "specific_brand_check", "last_context_gist": "Клиент интересуется стоимостью подписки на каталог Mercedes, процессом покупки и проблемой с доступом.", "last_context_meaning": "Клиент повторяет свой вопрос о стоимости, покупке и проблемах с доступом к каталогу Mercedes.", "last_context_fallback_used": false, "last_context_fallback_reason": "", "active_business_flow": "pricing_tis", "active_pricing_flow": "tis", "pricing_requested_product": "tis", "requested_brands": ["mercedes"], "recognized_brands": ["mercedes-benz"], "unknown_brand_mentions": [], "missing_price_brands": [], "priced_brands": ["mercedes-benz"], "pending_brand_mentions": [], "pricing_mode": "all", "pricing_flow": {"active": true, "product": "tis", "mode": "all", "stage": "pricing_all", "brand_mentions": [{"raw_text": "Mercedes", "normalized_key": "mercedes", "recognized": true, "display_name": "MERCEDES-BENZ", "canonical_brand": "mercedes-benz"}], "brand_items": [{"canonical_brand": "mercedes-benz", "display_name": "MERCEDES-BENZ", "raw_surface": "Mercedes", "recognized": true, "has_price": true, "processed": true, "status": "priced"}], "raw_brand_mentions": ["Mercedes"], "requested_brand_keys": ["mercedes"], "recognized_brands": ["mercedes-benz"], "unknown_brand_mentions": [], "priced_brands": ["mercedes-benz"], "missing_price_brands": [], "pending_brand_mentions": [], "processed_brand_mentions": ["MERCEDES-BENZ"], "remaining_brand_mentions": []}, "service_semantic_memory": {}, "slots": {"raw_brand_mentions": ["Mercedes"], "brand_mentions": [{"raw_text": "Mercedes", "normalized_key": "mercedes", "recognized": true, "display_name": "MERCEDES-BENZ", "canonical_brand": "mercedes-benz"}], "requested_brand_keys": ["mercedes"], "brands": ["mercedes-benz"], "brand": "mercedes-benz", "brand_display": "Mercedes-Benz", "brand_display_list": ["Mercedes-Benz"], "last_brand_source": "query"}}
answer_selection_trace: {"llm_answer": "Стоимость TIS для Mercedes-Benz — 10000 руб. Чтобы узнать, как купить, и по поводу неработающего входа, пожалуйста, уточните, что вы имеете в виду под \"входом\".", "fallback_answer": "mercedes-benz\nPRODUCT CONTEXT:", "deterministic_answer": "TIS для Mercedes-Benz — 10000 руб.", "validator_passed": true, "selected_source": "llm", "selection_reason": "LLM answer preserved mandatory meaning and action compatibility.", "mandatory_blocks": [{"key": "brand_display", "required_phrases": ["Mercedes-Benz"], "semantic_tags": []}], "llm_validation": {"brand_display": true}, "action_compatible": true, "validator_trace": {"is_valid": true, "blocker_hits": [], "missing_required": []}, "final_answer_source": "llm", "hard_deterministic_pricing": false, "hard_deterministic_service": false, "hard_locked_action": false}
pricing_flow_trace: {"active": true, "product": "tis", "mode": "all", "stage": "pricing_all", "brand_mentions": [{"raw_text": "Mercedes", "normalized_key": "mercedes", "recognized": true, "display_name": "MERCEDES-BENZ", "canonical_brand": "mercedes-benz"}], "brand_items": [{"canonical_brand": "mercedes-benz", "display_name": "MERCEDES-BENZ", "raw_surface": "Mercedes", "recognized": true, "has_price": false, "processed": false, "status": "missing_price"}], "raw_brand_mentions": ["Mercedes"], "requested_brand_keys": ["mercedes"], "recognized_brands": ["mercedes-benz"], "unknown_brand_mentions": [], "priced_brands": [], "missing_price_brands": ["mercedes-benz"], "pending_brand_mentions": ["MERCEDES-BENZ"], "processed_brand_mentions": [], "remaining_brand_mentions": ["MERCEDES-BENZ"]}
product_context_trace: {"raw_query": "Сколько стоит Mercedes, как купить, и почему не работает вход?", "requested_products": [], "raw_brand_mentions": ["Mercedes"], "mentioned_brands": ["mercedes-benz"], "unknown_brand_mentions": [], "brand_display": ["Mercedes-Benz"], "asks_price": true, "asks_availability": false, "asks_comparison": false, "partial_access_requested": false, "partial_package_requested": false, "partial_epc_requested": false, "inferred_product_context": "tis", "unsupported_brand_group": "", "unknown_brand_query": "", "tis_price_status": "found", "fallback_price_blocks": []}


SCENARIO: Как связаться с поддержкой? / не могу войти
SESSION_ID: user_7e6af78
--------------------------------------------------------------------------------
TURN 1
user_query: Как связаться с поддержкой?
agent_zero_turn_type: service_discovery_continue
agent_zero_subtype: contact_information_request
classifier_source: direct_json
topic_ids: ["company_services_info"]
selected_action: company_services
answer_text: Здравствуйте! Для связи с поддержкой, пожалуйста, уточните, с каким вопросом вы обращаетесь.
followup_trace: {"is_followup": false, "followup_type": "unknown_followup", "input": "Как связаться с поддержкой?", "state_before": {"last_mentioned_brand": "", "last_topic_ids": [], "last_action_name": "", "last_bot_question_type": "unknown", "active_request_kind": "none", "manager_handoff_stage": "none"}, "inherited_brand": "", "suggested_topics": [], "reason": "No follow-up rule matched."}
dialog_act_trace: {}
shortlist_selected_scores: [{"topic_id": "data_accuracy_doubt", "label_ru": "Сомнение в точности данных", "score": 0.1776, "lexical_score": 0.1776, "semantic_boost": 0.0, "semantic_penalty": 0.0, "continuity_boost": 0.0, "overlap": 0.2, "jaccard": 0.04, "avoid_overlap": 0.0, "matched_tokens": ["информаци"], "score_breakdown": {"query": 0.0, "meaning": 0.222, "brand_boost": 0.0, "query_boost": 0.0, "final": 0.1776}}, {"topic_id": "api_integration", "label_ru": "API и интеграция", "score": 0.0, "lexical_score": 0.0, "semantic_boost": 0.0, "semantic_penalty": 0.0, "continuity_boost": 0.0, "overlap": 0.0, "jaccard": 0.0, "avoid_overlap": 0.0, "matched_tokens": [], "score_breakdown": {"query": 0.0, "meaning": 0.0, "brand_boost": 0.0, "query_boost": 0.0, "final": 0.0}}, {"topic_id": "brand_list_request", "label_ru": "Список брендов", "score": 0.0, "lexical_score": 0.0, "semantic_boost": 0.0, "semantic_penalty": 0.0, "continuity_boost": 0.0, "overlap": 0.0, "jaccard": 0.0, "avoid_overlap": 0.0, "matched_tokens": [], "score_breakdown": {"query": 0.0, "meaning": 0.0, "brand_boost": 0.0, "query_boost": 0.0, "final": 0.0}}, {"topic_id": "catalog_list_request", "label_ru": "Список каталогов", "score": 0.0, "lexical_score": 0.0, "semantic_boost": 0.0, "semantic_penalty": 0.0, "continuity_boost": 0.0, "overlap": 0.0, "jaccard": 0.0, "avoid_overlap": 0.0, "matched_tokens": [], "score_breakdown": {"query": 0.0, "meaning": 0.0, "brand_boost": 0.0, "query_boost": 0.0, "final": 0.0}}, {"topic_id": "company_services_info", "label_ru": "Возможности сервиса", "score": 0.0, "lexical_score": 0.0, "semantic_boost": 0.0, "semantic_penalty": 0.0, "continuity_boost": 0.0, "overlap": 0.0, "jaccard": 0.0, "avoid_overlap": 0.0, "matched_tokens": [], "score_breakdown": {"query": 0.0, "meaning": 0.0, "brand_boost": 0.0, "query_boost": 0.0, "final": 0.0}}, {"topic_id": "competitor_choice", "label_ru": "Выбор конкурента", "score": 0.0, "lexical_score": 0.0, "semantic_boost": 0.0, "semantic_penalty": 0.0, "continuity_boost": 0.0, "overlap": 0.0, "jaccard": 0.0, "avoid_overlap": 0.0, "matched_tokens": [], "score_breakdown": {"query": 0.0, "meaning": 0.0, "brand_boost": 0.0, "query_boost": 0.0, "final": 0.0}}, {"topic_id": "competitor_comparison", "label_ru": "Отличие от конкурентов", "score": 0.0, "lexical_score": 0.0, "semantic_boost": 0.0, "semantic_penalty": 0.0, "continuity_boost": 0.0, "overlap": 0.0, "jaccard": 0.0, "avoid_overlap": 0.0, "matched_tokens": [], "score_breakdown": {"query": 0.0, "meaning": 0.0, "brand_boost": 0.0, "query_boost": 0.0, "final": 0.0}}, {"topic_id": "demo_access", "label_ru": "Демо-доступ", "score": 0.0, "lexical_score": 0.0, "semantic_boost": 0.0, "semantic_penalty": 0.0, "continuity_boost": 0.0, "overlap": 0.0, "jaccard": 0.0, "avoid_overlap": 0.0, "matched_tokens": [], "score_breakdown": {"query": 0.0, "meaning": 0.0, "brand_boost": 0.0, "query_boost": 0.0, "final": 0.0}}]
shortlist_skipped: null
shortlist_skip_reason: null
state_before: {"client_type": "unknown", "legal_entity_confirmed": false, "purchase_active": false, "purchase_stage": "unknown", "last_question_type": "unknown", "last_primary_topic": "out_of_scope_request", "last_topic_ids": [], "last_secondary_topics": [], "dialog_phase": "discovery", "conversation_closed": false, "greeted": false, "active_flow": "none", "flow_step": "idle", "last_action_name": "", "same_action_repeats": 0, "manager_handoff_stage": "none", "evidence_status": "unknown", "active_request_kind": "none", "document_contact_collected": false, "last_bot_question_type": "unknown", "last_mentioned_brand": "", "last_focus_topic": "out_of_scope_request", "last_context_gist": "", "last_context_meaning": "", "last_context_fallback_used": false, "last_context_fallback_reason": "", "active_business_flow": "none", "active_pricing_flow": "none", "pricing_requested_product": "", "requested_brands": [], "recognized_brands": [], "unknown_brand_mentions": [], "missing_price_brands": [], "priced_brands": [], "pending_brand_mentions": [], "pricing_mode": "all", "pricing_flow": {}, "service_semantic_memory": {}, "slots": {}}
state_after_classification: {"client_type": "unknown", "legal_entity_confirmed": false, "purchase_active": false, "purchase_stage": "unknown", "last_question_type": "unknown", "last_primary_topic": "company_services_info", "last_topic_ids": ["company_services_info"], "last_secondary_topics": [], "dialog_phase": "discovery", "conversation_closed": false, "greeted": false, "active_flow": "none", "flow_step": "idle", "last_action_name": "", "same_action_repeats": 0, "manager_handoff_stage": "none", "evidence_status": "unknown", "active_request_kind": "company_services_info", "document_contact_collected": false, "last_bot_question_type": "unknown", "last_mentioned_brand": "", "last_focus_topic": "company_services_info", "last_context_gist": "Клиент спрашивает, как связаться с технической поддержкой.", "last_context_meaning": "Клиент повторно запрашивает контактную информацию для связи с поддержкой.", "last_context_fallback_used": false, "last_context_fallback_reason": "", "active_business_flow": "none", "active_pricing_flow": "none", "pricing_requested_product": "", "requested_brands": [], "recognized_brands": [], "unknown_brand_mentions": [], "missing_price_brands": [], "priced_brands": [], "pending_brand_mentions": [], "pricing_mode": "all", "pricing_flow": {"active": false, "product": "", "mode": "all", "stage": "idle", "brand_mentions": [], "brand_items": [], "raw_brand_mentions": [], "requested_brand_keys": [], "recognized_brands": [], "unknown_brand_mentions": [], "priced_brands": [], "missing_price_brands": [], "pending_brand_mentions": [], "processed_brand_mentions": [], "remaining_brand_mentions": []}, "service_semantic_memory": {}, "slots": {}}
state_after_response: {"client_type": "unknown", "legal_entity_confirmed": false, "purchase_active": false, "purchase_stage": "unknown", "last_question_type": "unknown", "last_primary_topic": "company_services_info", "last_topic_ids": ["company_services_info"], "last_secondary_topics": [], "dialog_phase": "discovery", "conversation_closed": false, "greeted": false, "active_flow": "none", "flow_step": "idle", "last_action_name": "company_services", "same_action_repeats": 1, "manager_handoff_stage": "none", "evidence_status": "knowledge_context", "active_request_kind": "company_services_info", "document_contact_collected": false, "last_bot_question_type": "unknown", "last_mentioned_brand": "", "last_focus_topic": "company_services_info", "last_context_gist": "Клиент спрашивает, как связаться с технической поддержкой.", "last_context_meaning": "Клиент повторно запрашивает контактную информацию для связи с поддержкой.", "last_context_fallback_used": false, "last_context_fallback_reason": "", "active_business_flow": "company_services", "active_pricing_flow": "none", "pricing_requested_product": "", "requested_brands": [], "recognized_brands": [], "unknown_brand_mentions": [], "missing_price_brands": [], "priced_brands": [], "pending_brand_mentions": [], "pricing_mode": "all", "pricing_flow": {"active": false, "product": "", "mode": "all", "stage": "idle", "brand_mentions": [], "brand_items": [], "raw_brand_mentions": [], "requested_brand_keys": [], "recognized_brands": [], "unknown_brand_mentions": [], "priced_brands": [], "missing_price_brands": [], "pending_brand_mentions": [], "processed_brand_mentions": [], "remaining_brand_mentions": []}, "service_semantic_memory": {"used_fact_ids": ["company_services_general"], "used_groups": ["service_intro"]}, "slots": {"used_service_fact_ids": ["company_services_general"], "used_service_semantic_groups": ["service_intro"]}}
answer_selection_trace: {"llm_answer": "Для связи с поддержкой, пожалуйста, уточните, с каким вопросом вы обращаетесь.", "fallback_answer": "Сервис помогает автобизнесу работать с каталогами запчастей и технической информацией. Могу кратко рассказать о возможностях системы, сценариях использования и ограничениях.", "deterministic_answer": "Сервис помогает автобизнесу работать с каталогами запчастей и технической информацией. Могу кратко рассказать о возможностях системы, сценариях использования и ограничениях.", "validator_passed": true, "selected_source": "llm", "selection_reason": "LLM answer preserved mandatory meaning and action compatibility.", "mandatory_blocks": [], "llm_validation": {}, "action_compatible": true, "validator_trace": {"is_valid": true, "blocker_hits": [], "missing_required": []}, "final_answer_source": "llm", "hard_deterministic_pricing": false, "hard_deterministic_service": false, "hard_locked_action": false}
pricing_flow_trace: {"active": false, "product": "", "mode": "all", "stage": "idle", "brand_mentions": [], "brand_items": [], "raw_brand_mentions": [], "requested_brand_keys": [], "recognized_brands": [], "unknown_brand_mentions": [], "priced_brands": [], "missing_price_brands": [], "pending_brand_mentions": [], "processed_brand_mentions": [], "remaining_brand_mentions": []}
product_context_trace: {"raw_query": "Как связаться с поддержкой?", "requested_products": [], "raw_brand_mentions": [], "mentioned_brands": [], "unknown_brand_mentions": [], "brand_display": [], "asks_price": false, "asks_availability": false, "asks_comparison": false, "partial_access_requested": false, "partial_package_requested": false, "partial_epc_requested": false, "inferred_product_context": "", "unsupported_brand_group": "", "unknown_brand_query": "", "tis_price_status": "not_requested", "fallback_price_blocks": []}

TURN 2
user_query: не могу войти
agent_zero_turn_type: human_escalation
agent_zero_subtype: access_issue
classifier_source: direct_json
topic_ids: ["post_payment_no_access"]
selected_action: post_payment_no_access_handoff
answer_text: Здравствуйте! Пожалуйста, пришлите номер телефона. Наш менеджер проверит статус оплаты и свяжется с вами.
followup_trace: {"is_followup": false, "followup_type": "unknown_followup", "input": "не могу войти", "state_before": {"last_mentioned_brand": "", "last_topic_ids": ["company_services_info"], "last_action_name": "company_services", "last_bot_question_type": "unknown", "active_request_kind": "company_services_info", "manager_handoff_stage": "none"}, "inherited_brand": "", "suggested_topics": [], "reason": "No follow-up rule matched."}
dialog_act_trace: {}
shortlist_selected_scores: [{"topic_id": "payment_without_details", "label_ru": "Оплата без реквизитов", "score": 0.699213, "lexical_score": 0.699213, "semantic_boost": 0.0, "semantic_penalty": 0.0, "continuity_boost": 0.0, "overlap": 0.5, "jaccard": 0.041667, "avoid_overlap": 0.0, "matched_tokens": ["не"], "score_breakdown": {"query": 0.522917, "meaning": 0.22037, "brand_boost": 0.0, "query_boost": 0.0, "final": 0.699213}}, {"topic_id": "physical_person_purchase", "label_ru": "Покупка как физлицо", "score": 0.486533, "lexical_score": 0.486533, "semantic_boost": 0.0, "semantic_penalty": 0.0, "continuity_boost": 0.0, "overlap": 0.5, "jaccard": 0.0625, "avoid_overlap": 0.5, "matched_tokens": ["не"], "score_breakdown": {"query": 0.359375, "meaning": 0.158947, "brand_boost": 0.0, "query_boost": 0.0, "final": 0.486533}}, {"topic_id": "no_private_sales_reason", "label_ru": "Почему не продаем физлицам", "score": 0.473524, "lexical_score": 0.473524, "semantic_boost": 0.0, "semantic_penalty": 0.0, "continuity_boost": 0.0, "overlap": 0.5, "jaccard": 0.047619, "avoid_overlap": 0.5, "matched_tokens": ["не"], "score_breakdown": {"query": 0.35119, "meaning": 0.152917, "brand_boost": 0.0, "query_boost": 0.0, "final": 0.473524}}, {"topic_id": "data_accuracy_doubt", "label_ru": "Сомнение в точности данных", "score": 0.4716, "lexical_score": 0.4716, "semantic_boost": 0.0, "semantic_penalty": 0.0, "continuity_boost": 0.0, "overlap": 0.5, "jaccard": 0.045455, "avoid_overlap": 0.5, "matched_tokens": ["не"], "score_breakdown": {"query": 0.35, "meaning": 0.152, "brand_boost": 0.0, "query_boost": 0.0, "final": 0.4716}}, {"topic_id": "post_payment_no_access", "label_ru": "Оплатил, но доступа нет", "score": 0.468213, "lexical_score": 0.468213, "semantic_boost": 0.0, "semantic_penalty": 0.0, "continuity_boost": 0.0, "overlap": 0.5, "jaccard": 0.041667, "avoid_overlap": 0.5, "matched_tokens": ["не"], "score_breakdown": {"query": 0.347917, "meaning": 0.15037, "brand_boost": 0.0, "query_boost": 0.0, "final": 0.468213}}, {"topic_id": "partial_catalog_request", "label_ru": "Только один бренд", "score": 0.462836, "lexical_score": 0.462836, "semantic_boost": 0.0, "semantic_penalty": 0.0, "continuity_boost": 0.0, "overlap": 0.5, "jaccard": 0.035714, "avoid_overlap": 0.5, "matched_tokens": ["не"], "score_breakdown": {"query": 0.344643, "meaning": 0.147742, "brand_boost": 0.0, "query_boost": 0.0, "final": 0.462836}}, {"topic_id": "out_of_scope_request", "label_ru": "Вне профиля компании", "score": 0.410714, "lexical_score": 0.410714, "semantic_boost": 0.0, "semantic_penalty": 0.0, "continuity_boost": 0.0, "overlap": 0.5, "jaccard": 0.04, "avoid_overlap": 0.5, "matched_tokens": ["не"], "score_breakdown": {"query": 0.347, "meaning": 0.079643, "brand_boost": 0.0, "query_boost": 0.0, "final": 0.410714}}, {"topic_id": "epc_tariffs", "label_ru": "Тарифы EPC", "score": 0.124952, "lexical_score": 0.124952, "semantic_boost": 0.0, "semantic_penalty": 0.0, "continuity_boost": 0.0, "overlap": 0.2, "jaccard": 0.047619, "avoid_overlap": 0.5, "matched_tokens": ["может"], "score_breakdown": {"query": 0.0, "meaning": 0.15619, "brand_boost": 0.0, "query_boost": 0.0, "final": 0.124952}}]
shortlist_skipped: null
shortlist_skip_reason: null
state_before: {"client_type": "unknown", "legal_entity_confirmed": false, "purchase_active": false, "purchase_stage": "unknown", "last_question_type": "unknown", "last_primary_topic": "company_services_info", "last_topic_ids": ["company_services_info"], "last_secondary_topics": [], "dialog_phase": "discovery", "conversation_closed": false, "greeted": false, "active_flow": "none", "flow_step": "idle", "last_action_name": "company_services", "same_action_repeats": 1, "manager_handoff_stage": "none", "evidence_status": "knowledge_context", "active_request_kind": "company_services_info", "document_contact_collected": false, "last_bot_question_type": "unknown", "last_mentioned_brand": "", "last_focus_topic": "company_services_info", "last_context_gist": "Клиент спрашивает, как связаться с технической поддержкой.", "last_context_meaning": "Клиент повторно запрашивает контактную информацию для связи с поддержкой.", "last_context_fallback_used": false, "last_context_fallback_reason": "", "active_business_flow": "company_services", "active_pricing_flow": "none", "pricing_requested_product": "", "requested_brands": [], "recognized_brands": [], "unknown_brand_mentions": [], "missing_price_brands": [], "priced_brands": [], "pending_brand_mentions": [], "pricing_mode": "all", "pricing_flow": {"active": false, "product": "", "mode": "all", "stage": "idle", "brand_mentions": [], "brand_items": [], "raw_brand_mentions": [], "requested_brand_keys": [], "recognized_brands": [], "unknown_brand_mentions": [], "priced_brands": [], "missing_price_brands": [], "pending_brand_mentions": [], "processed_brand_mentions": [], "remaining_brand_mentions": []}, "service_semantic_memory": {"used_fact_ids": ["company_services_general"], "used_groups": ["service_intro"]}, "slots": {"used_service_fact_ids": ["company_services_general"], "used_service_semantic_groups": ["service_intro"]}}
state_after_classification: {"client_type": "unknown", "legal_entity_confirmed": false, "purchase_active": false, "purchase_stage": "unknown", "last_question_type": "unknown", "last_primary_topic": "post_payment_no_access", "last_topic_ids": ["post_payment_no_access"], "last_secondary_topics": [], "dialog_phase": "discovery", "conversation_closed": false, "greeted": false, "active_flow": "none", "flow_step": "idle", "last_action_name": "company_services", "same_action_repeats": 1, "manager_handoff_stage": "none", "evidence_status": "knowledge_context", "active_request_kind": "post_payment_no_access", "document_contact_collected": false, "last_bot_question_type": "unknown", "last_mentioned_brand": "", "last_focus_topic": "post_payment_no_access", "last_context_gist": "Клиент сообщает о проблеме со входом в систему.", "last_context_meaning": "Клиент подтверждает, что не может войти в систему.", "last_context_fallback_used": false, "last_context_fallback_reason": "", "active_business_flow": "company_services", "active_pricing_flow": "none", "pricing_requested_product": "", "requested_brands": [], "recognized_brands": [], "unknown_brand_mentions": [], "missing_price_brands": [], "priced_brands": [], "pending_brand_mentions": [], "pricing_mode": "all", "pricing_flow": {"active": false, "product": "", "mode": "all", "stage": "idle", "brand_mentions": [], "brand_items": [], "raw_brand_mentions": [], "requested_brand_keys": [], "recognized_brands": [], "unknown_brand_mentions": [], "priced_brands": [], "missing_price_brands": [], "pending_brand_mentions": [], "processed_brand_mentions": [], "remaining_brand_mentions": []}, "service_semantic_memory": {"used_fact_ids": ["company_services_general"], "used_groups": ["service_intro"]}, "slots": {"used_service_fact_ids": ["company_services_general"], "used_service_semantic_groups": ["service_intro"]}}
state_after_response: {"client_type": "unknown", "legal_entity_confirmed": false, "purchase_active": false, "purchase_stage": "unknown", "last_question_type": "unknown", "last_primary_topic": "post_payment_no_access", "last_topic_ids": ["post_payment_no_access"], "last_secondary_topics": [], "dialog_phase": "discovery", "conversation_closed": false, "greeted": false, "active_flow": "none", "flow_step": "idle", "last_action_name": "post_payment_no_access_handoff", "same_action_repeats": 1, "manager_handoff_stage": "none", "evidence_status": "knowledge_context", "active_request_kind": "post_payment_support", "document_contact_collected": false, "last_bot_question_type": "unknown", "last_mentioned_brand": "", "last_focus_topic": "post_payment_no_access", "last_context_gist": "Клиент сообщает о проблеме со входом в систему.", "last_context_meaning": "Клиент подтверждает, что не может войти в систему.", "last_context_fallback_used": false, "last_context_fallback_reason": "", "active_business_flow": "company_services", "active_pricing_flow": "none", "pricing_requested_product": "", "requested_brands": [], "recognized_brands": [], "unknown_brand_mentions": [], "missing_price_brands": [], "priced_brands": [], "pending_brand_mentions": [], "pricing_mode": "all", "pricing_flow": {"active": false, "product": "", "mode": "all", "stage": "idle", "brand_mentions": [], "brand_items": [], "raw_brand_mentions": [], "requested_brand_keys": [], "recognized_brands": [], "unknown_brand_mentions": [], "priced_brands": [], "missing_price_brands": [], "pending_brand_mentions": [], "processed_brand_mentions": [], "remaining_brand_mentions": []}, "service_semantic_memory": {"used_fact_ids": ["company_services_general"], "used_groups": ["service_intro"]}, "slots": {"used_service_fact_ids": ["company_services_general"], "used_service_semantic_groups": ["service_intro"]}}
answer_selection_trace: {"llm_answer": "Пожалуйста, пришлите номер телефона. Наш менеджер проверит статус оплаты и свяжется с вами.", "fallback_answer": "Если оплата уже прошла, но доступ не открылся, пожалуйста, пришлите номер телефона. Наш менеджер проверит статус оплаты и свяжется с вами.\nЕсли нужно разобраться с возвратом после оплаты или с ситуацией, когда доступ не подошел, лучше передать вопрос менеджеру: он проверит детали оплаты и подскажет дальнейшие шаги.", "deterministic_answer": "Если оплата уже прошла, но доступ не открылся, пожалуйста, пришлите номер телефона. Наш менеджер проверит статус оплаты и свяжется с вами.\nЕсли нужно разобраться с возвратом после оплаты или с ситуацией, когда доступ не подошел, лучше передать вопрос менеджеру: он проверит детали оплаты и подскажет дальнейшие шаги.", "validator_passed": true, "selected_source": "llm", "selection_reason": "LLM answer preserved mandatory meaning and action compatibility.", "mandatory_blocks": [], "llm_validation": {}, "action_compatible": true, "validator_trace": {"is_valid": true, "blocker_hits": [], "missing_required": []}, "final_answer_source": "llm", "hard_deterministic_pricing": false, "hard_deterministic_service": false, "hard_locked_action": false}
pricing_flow_trace: {"active": false, "product": "", "mode": "all", "stage": "idle", "brand_mentions": [], "brand_items": [], "raw_brand_mentions": [], "requested_brand_keys": [], "recognized_brands": [], "unknown_brand_mentions": [], "priced_brands": [], "missing_price_brands": [], "pending_brand_mentions": [], "processed_brand_mentions": [], "remaining_brand_mentions": []}
product_context_trace: {"raw_query": "не могу войти", "requested_products": [], "raw_brand_mentions": [], "mentioned_brands": [], "unknown_brand_mentions": [], "brand_display": [], "asks_price": false, "asks_availability": false, "asks_comparison": false, "partial_access_requested": false, "partial_package_requested": false, "partial_epc_requested": false, "inferred_product_context": "", "unsupported_brand_group": "", "unknown_brand_query": "", "tis_price_status": "not_requested", "fallback_price_blocks": []}

TURN 3
user_query: +79111111111
agent_zero_turn_type: other
agent_zero_subtype: repetition
classifier_source: direct_json
topic_ids: ["nonsense_input"]
selected_action: clarify_request
answer_text: Здравствуйте! Уточните, пожалуйста, что именно вас интересует: каталоги EPC, TIS, проверка бренда, оформление доступа или вопрос по оплате.
followup_trace: {"is_followup": false, "followup_type": "unknown_followup", "input": "+79111111111", "state_before": {"last_mentioned_brand": "", "last_topic_ids": ["post_payment_no_access"], "last_action_name": "post_payment_no_access_handoff", "last_bot_question_type": "unknown", "active_request_kind": "post_payment_support", "manager_handoff_stage": "none"}, "inherited_brand": "", "suggested_topics": [], "reason": "No follow-up rule matched."}
dialog_act_trace: {}
shortlist_selected_scores: [{"topic_id": "nonsense_input", "label_ru": "Непонятный или шумный ввод", "score": 1.25, "lexical_score": 0.0, "semantic_boost": 1.25, "semantic_penalty": 0.0, "continuity_boost": 0.0, "overlap": 0.0, "jaccard": 0.0, "avoid_overlap": 0.0, "matched_tokens": [], "score_breakdown": {"query": 0.0, "meaning": 0.0, "brand_boost": 0.0, "query_boost": 1.25, "final": 1.25}}, {"topic_id": "existing_contract_check", "label_ru": "Проверка договора", "score": 0.137444, "lexical_score": 0.137444, "semantic_boost": 0.0, "semantic_penalty": 0.0, "continuity_boost": 0.0, "overlap": 0.142857, "jaccard": 0.052632, "avoid_overlap": 0.0, "matched_tokens": ["номер"], "score_breakdown": {"query": 0.0, "meaning": 0.171805, "brand_boost": 0.0, "query_boost": 0.0, "final": 0.137444}}, {"topic_id": "data_accuracy_doubt", "label_ru": "Сомнение в точности данных", "score": 0.130582, "lexical_score": 0.130582, "semantic_boost": 0.0, "semantic_penalty": 0.0, "continuity_boost": 0.0, "overlap": 0.142857, "jaccard": 0.037037, "avoid_overlap": 0.0, "matched_tokens": ["номер"], "score_breakdown": {"query": 0.0, "meaning": 0.163228, "brand_boost": 0.0, "query_boost": 0.0, "final": 0.130582}}, {"topic_id": "api_integration", "label_ru": "API и интеграция", "score": 0.0, "lexical_score": 0.0, "semantic_boost": 0.0, "semantic_penalty": 0.0, "continuity_boost": 0.0, "overlap": 0.0, "jaccard": 0.0, "avoid_overlap": 0.0, "matched_tokens": [], "score_breakdown": {"query": 0.0, "meaning": 0.0, "brand_boost": 0.0, "query_boost": 0.0, "final": 0.0}}, {"topic_id": "brand_list_request", "label_ru": "Список брендов", "score": 0.0, "lexical_score": 0.0, "semantic_boost": 0.0, "semantic_penalty": 0.0, "continuity_boost": 0.0, "overlap": 0.0, "jaccard": 0.0, "avoid_overlap": 0.0, "matched_tokens": [], "score_breakdown": {"query": 0.0, "meaning": 0.0, "brand_boost": 0.0, "query_boost": 0.0, "final": 0.0}}, {"topic_id": "catalog_list_request", "label_ru": "Список каталогов", "score": 0.0, "lexical_score": 0.0, "semantic_boost": 0.0, "semantic_penalty": 0.0, "continuity_boost": 0.0, "overlap": 0.0, "jaccard": 0.0, "avoid_overlap": 0.0, "matched_tokens": [], "score_breakdown": {"query": 0.0, "meaning": 0.0, "brand_boost": 0.0, "query_boost": 0.0, "final": 0.0}}, {"topic_id": "company_services_info", "label_ru": "Возможности сервиса", "score": 0.0, "lexical_score": 0.0, "semantic_boost": 0.0, "semantic_penalty": 0.0, "continuity_boost": 0.0, "overlap": 0.0, "jaccard": 0.0, "avoid_overlap": 0.0, "matched_tokens": [], "score_breakdown": {"query": 0.0, "meaning": 0.0, "brand_boost": 0.0, "query_boost": 0.0, "final": 0.0}}, {"topic_id": "competitor_choice", "label_ru": "Выбор конкурента", "score": 0.0, "lexical_score": 0.0, "semantic_boost": 0.0, "semantic_penalty": 0.0, "continuity_boost": 0.0, "overlap": 0.0, "jaccard": 0.0, "avoid_overlap": 0.0, "matched_tokens": [], "score_breakdown": {"query": 0.0, "meaning": 0.0, "brand_boost": 0.0, "query_boost": 0.0, "final": 0.0}}]
shortlist_skipped: null
shortlist_skip_reason: null
state_before: {"client_type": "unknown", "legal_entity_confirmed": false, "purchase_active": false, "purchase_stage": "unknown", "last_question_type": "unknown", "last_primary_topic": "post_payment_no_access", "last_topic_ids": ["post_payment_no_access"], "last_secondary_topics": [], "dialog_phase": "discovery", "conversation_closed": false, "greeted": false, "active_flow": "none", "flow_step": "idle", "last_action_name": "post_payment_no_access_handoff", "same_action_repeats": 1, "manager_handoff_stage": "none", "evidence_status": "knowledge_context", "active_request_kind": "post_payment_support", "document_contact_collected": false, "last_bot_question_type": "unknown", "last_mentioned_brand": "", "last_focus_topic": "post_payment_no_access", "last_context_gist": "Клиент сообщает о проблеме со входом в систему.", "last_context_meaning": "Клиент подтверждает, что не может войти в систему.", "last_context_fallback_used": false, "last_context_fallback_reason": "", "active_business_flow": "company_services", "active_pricing_flow": "none", "pricing_requested_product": "", "requested_brands": [], "recognized_brands": [], "unknown_brand_mentions": [], "missing_price_brands": [], "priced_brands": [], "pending_brand_mentions": [], "pricing_mode": "all", "pricing_flow": {"active": false, "product": "", "mode": "all", "stage": "idle", "brand_mentions": [], "brand_items": [], "raw_brand_mentions": [], "requested_brand_keys": [], "recognized_brands": [], "unknown_brand_mentions": [], "priced_brands": [], "missing_price_brands": [], "pending_brand_mentions": [], "processed_brand_mentions": [], "remaining_brand_mentions": []}, "service_semantic_memory": {"used_fact_ids": ["company_services_general"], "used_groups": ["service_intro"]}, "slots": {"used_service_fact_ids": ["company_services_general"], "used_service_semantic_groups": ["service_intro"]}}
state_after_classification: {"client_type": "unknown", "legal_entity_confirmed": false, "purchase_active": false, "purchase_stage": "unknown", "last_question_type": "unknown", "last_primary_topic": "nonsense_input", "last_topic_ids": ["nonsense_input"], "last_secondary_topics": [], "dialog_phase": "discovery", "conversation_closed": false, "greeted": false, "active_flow": "none", "flow_step": "idle", "last_action_name": "post_payment_no_access_handoff", "same_action_repeats": 1, "manager_handoff_stage": "none", "evidence_status": "knowledge_context", "active_request_kind": "nonsense_input", "document_contact_collected": false, "last_bot_question_type": "unknown", "last_mentioned_brand": "", "last_focus_topic": "nonsense_input", "last_context_gist": "Клиент предоставил номер телефона для решения проблемы с доступом.", "last_context_meaning": "Клиент повторно предоставил номер телефона, возможно, из-за ошибки или для подтверждения.", "last_context_fallback_used": false, "last_context_fallback_reason": "", "active_business_flow": "company_services", "active_pricing_flow": "none", "pricing_requested_product": "", "requested_brands": [], "recognized_brands": [], "unknown_brand_mentions": [], "missing_price_brands": [], "priced_brands": [], "pending_brand_mentions": [], "pricing_mode": "all", "pricing_flow": {"active": false, "product": "", "mode": "all", "stage": "idle", "brand_mentions": [], "brand_items": [], "raw_brand_mentions": [], "requested_brand_keys": [], "recognized_brands": [], "unknown_brand_mentions": [], "priced_brands": [], "missing_price_brands": [], "pending_brand_mentions": [], "processed_brand_mentions": [], "remaining_brand_mentions": []}, "service_semantic_memory": {"used_fact_ids": ["company_services_general"], "used_groups": ["service_intro"]}, "slots": {"used_service_fact_ids": ["company_services_general"], "used_service_semantic_groups": ["service_intro"], "phone": "+79111111111"}}
state_after_response: {"client_type": "unknown", "legal_entity_confirmed": false, "purchase_active": false, "purchase_stage": "unknown", "last_question_type": "unknown", "last_primary_topic": "nonsense_input", "last_topic_ids": ["nonsense_input"], "last_secondary_topics": [], "dialog_phase": "discovery", "conversation_closed": false, "greeted": false, "active_flow": "none", "flow_step": "idle", "last_action_name": "clarify_request", "same_action_repeats": 1, "manager_handoff_stage": "none", "evidence_status": "knowledge_context", "active_request_kind": "nonsense_input", "document_contact_collected": false, "last_bot_question_type": "unknown", "last_mentioned_brand": "", "last_focus_topic": "nonsense_input", "last_context_gist": "Клиент предоставил номер телефона для решения проблемы с доступом.", "last_context_meaning": "Клиент повторно предоставил номер телефона, возможно, из-за ошибки или для подтверждения.", "last_context_fallback_used": false, "last_context_fallback_reason": "", "active_business_flow": "company_services", "active_pricing_flow": "none", "pricing_requested_product": "", "requested_brands": [], "recognized_brands": [], "unknown_brand_mentions": [], "missing_price_brands": [], "priced_brands": [], "pending_brand_mentions": [], "pricing_mode": "all", "pricing_flow": {"active": false, "product": "", "mode": "all", "stage": "idle", "brand_mentions": [], "brand_items": [], "raw_brand_mentions": [], "requested_brand_keys": [], "recognized_brands": [], "unknown_brand_mentions": [], "priced_brands": [], "missing_price_brands": [], "pending_brand_mentions": [], "processed_brand_mentions": [], "remaining_brand_mentions": []}, "service_semantic_memory": {"used_fact_ids": ["company_services_general"], "used_groups": ["service_intro"]}, "slots": {"used_service_fact_ids": ["company_services_general"], "used_service_semantic_groups": ["service_intro"], "phone": "+79111111111"}}
answer_selection_trace: {"llm_answer": "Уточните, пожалуйста, что именно вас интересует: каталоги EPC, TIS, проверка бренда, оформление доступа или вопрос по оплате.", "fallback_answer": "Уточните, пожалуйста, что именно вас интересует: каталоги EPC, TIS, проверка бренда, оформление доступа или вопрос по оплате.", "deterministic_answer": "Уточните, пожалуйста, что именно вас интересует: каталоги EPC, TIS, проверка бренда, оформление доступа или вопрос по оплате.", "validator_passed": true, "selected_source": "llm", "selection_reason": "LLM answer preserved mandatory meaning and action compatibility.", "mandatory_blocks": [], "llm_validation": {}, "action_compatible": true, "validator_trace": {"is_valid": true, "blocker_hits": [], "missing_required": []}, "final_answer_source": "llm", "hard_deterministic_pricing": false, "hard_deterministic_service": false, "hard_locked_action": false}
pricing_flow_trace: {"active": false, "product": "", "mode": "all", "stage": "idle", "brand_mentions": [], "brand_items": [], "raw_brand_mentions": [], "requested_brand_keys": [], "recognized_brands": [], "unknown_brand_mentions": [], "priced_brands": [], "missing_price_brands": [], "pending_brand_mentions": [], "processed_brand_mentions": [], "remaining_brand_mentions": []}
product_context_trace: {"raw_query": "+79111111111", "requested_products": [], "raw_brand_mentions": [], "mentioned_brands": [], "unknown_brand_mentions": [], "brand_display": [], "asks_price": false, "asks_availability": false, "asks_comparison": false, "partial_access_requested": false, "partial_package_requested": false, "partial_epc_requested": false, "inferred_product_context": "", "unsupported_brand_group": "", "unknown_brand_query": "", "tis_price_status": "not_requested", "fallback_price_blocks": []}


SCENARIO: Объясни покупку по шагам
SESSION_ID: user_rye0hu6
--------------------------------------------------------------------------------
TURN 1
user_query: Объясни покупку по шагам
agent_zero_turn_type: service_discovery_continue
agent_zero_subtype: step_by_step_explanation
classifier_source: direct_json
topic_ids: ["company_services_info"]
selected_action: company_services
answer_text: Здравствуйте! Сервис помогает работать с каталогами запчастей. Хотите узнать о возможностях, сценариях использования или ограничениях?
followup_trace: {"is_followup": false, "followup_type": "unknown_followup", "input": "Объясни покупку по шагам", "state_before": {"last_mentioned_brand": "", "last_topic_ids": [], "last_action_name": "", "last_bot_question_type": "unknown", "active_request_kind": "none", "manager_handoff_stage": "none"}, "inherited_brand": "", "suggested_topics": [], "reason": "No follow-up rule matched."}
dialog_act_trace: {}
shortlist_selected_scores: [{"topic_id": "manager_setup_support", "label_ru": "Помощь в запуске и настройке", "score": 0.587047, "lexical_score": 0.587047, "semantic_boost": 0.0, "semantic_penalty": 0.0, "continuity_boost": 0.0, "overlap": 0.333333, "jaccard": 0.055556, "avoid_overlap": 0.0, "matched_tokens": ["покупк"], "score_breakdown": {"query": 0.363889, "meaning": 0.278947, "brand_boost": 0.0, "query_boost": 0.0, "final": 0.587047}}, {"topic_id": "out_of_scope_request", "label_ru": "Вне профиля компании", "score": 0.570783, "lexical_score": 0.570783, "semantic_boost": 0.0, "semantic_penalty": 0.0, "continuity_boost": 0.0, "overlap": 0.333333, "jaccard": 0.038462, "avoid_overlap": 0.0, "matched_tokens": ["покупк"], "score_breakdown": {"query": 0.354487, "meaning": 0.27037, "brand_boost": 0.0, "query_boost": 0.0, "final": 0.570783}}, {"topic_id": "purchase_ready", "label_ru": "Готовность к покупке", "score": 0.566966, "lexical_score": 0.566966, "semantic_boost": 0.0, "semantic_penalty": 0.0, "continuity_boost": 0.0, "overlap": 0.333333, "jaccard": 0.034483, "avoid_overlap": 0.0, "matched_tokens": ["покупк"], "score_breakdown": {"query": 0.352299, "meaning": 0.268333, "brand_boost": 0.0, "query_boost": 0.0, "final": 0.566966}}, {"topic_id": "physical_person_purchase", "label_ru": "Покупка как физлицо", "score": 0.403464, "lexical_score": 0.403464, "semantic_boost": 0.0, "semantic_penalty": 0.0, "continuity_boost": 0.0, "overlap": 0.333333, "jaccard": 0.058824, "avoid_overlap": 0.333333, "matched_tokens": ["покупк"], "score_breakdown": {"query": 0.24902, "meaning": 0.193056, "brand_boost": 0.0, "query_boost": 0.0, "final": 0.403464}}, {"topic_id": "legal_entity_purchase_flow", "label_ru": "Оформление для юрлица", "score": 0.346124, "lexical_score": 0.346124, "semantic_boost": 0.0, "semantic_penalty": 0.0, "continuity_boost": 0.0, "overlap": 0.333333, "jaccard": 0.023256, "avoid_overlap": 0.0, "matched_tokens": ["шаг"], "score_breakdown": {"query": 0.346124, "meaning": 0.0, "brand_boost": 0.0, "query_boost": 0.0, "final": 0.346124}}, {"topic_id": "payment_process", "label_ru": "Процесс оплаты", "score": 0.2275, "lexical_score": 0.2275, "semantic_boost": 0.0, "semantic_penalty": 0.0, "continuity_boost": 0.0, "overlap": 0.25, "jaccard": 0.0625, "avoid_overlap": 0.0, "matched_tokens": ["процесс"], "score_breakdown": {"query": 0.0, "meaning": 0.284375, "brand_boost": 0.0, "query_boost": 0.0, "final": 0.2275}}, {"topic_id": "company_services_info", "label_ru": "Возможности сервиса", "score": 0.215172, "lexical_score": 0.215172, "semantic_boost": 0.0, "semantic_penalty": 0.0, "continuity_boost": 0.0, "overlap": 0.25, "jaccard": 0.034483, "avoid_overlap": 0.333333, "matched_tokens": ["процесс"], "score_breakdown": {"query": 0.0, "meaning": 0.268966, "brand_boost": 0.0, "query_boost": 0.0, "final": 0.215172}}, {"topic_id": "api_integration", "label_ru": "API и интеграция", "score": 0.0, "lexical_score": 0.0, "semantic_boost": 0.0, "semantic_penalty": 0.0, "continuity_boost": 0.0, "overlap": 0.0, "jaccard": 0.0, "avoid_overlap": 0.0, "matched_tokens": [], "score_breakdown": {"query": 0.0, "meaning": 0.0, "brand_boost": 0.0, "query_boost": 0.0, "final": 0.0}}]
shortlist_skipped: null
shortlist_skip_reason: null
state_before: {"client_type": "unknown", "legal_entity_confirmed": false, "purchase_active": false, "purchase_stage": "unknown", "last_question_type": "unknown", "last_primary_topic": "out_of_scope_request", "last_topic_ids": [], "last_secondary_topics": [], "dialog_phase": "discovery", "conversation_closed": false, "greeted": false, "active_flow": "none", "flow_step": "idle", "last_action_name": "", "same_action_repeats": 0, "manager_handoff_stage": "none", "evidence_status": "unknown", "active_request_kind": "none", "document_contact_collected": false, "last_bot_question_type": "unknown", "last_mentioned_brand": "", "last_focus_topic": "out_of_scope_request", "last_context_gist": "", "last_context_meaning": "", "last_context_fallback_used": false, "last_context_fallback_reason": "", "active_business_flow": "none", "active_pricing_flow": "none", "pricing_requested_product": "", "requested_brands": [], "recognized_brands": [], "unknown_brand_mentions": [], "missing_price_brands": [], "priced_brands": [], "pending_brand_mentions": [], "pricing_mode": "all", "pricing_flow": {}, "service_semantic_memory": {}, "slots": {}}
state_after_classification: {"client_type": "unknown", "legal_entity_confirmed": false, "purchase_active": false, "purchase_stage": "unknown", "last_question_type": "unknown", "last_primary_topic": "company_services_info", "last_topic_ids": ["company_services_info"], "last_secondary_topics": [], "dialog_phase": "discovery", "conversation_closed": false, "greeted": false, "active_flow": "none", "flow_step": "idle", "last_action_name": "", "same_action_repeats": 0, "manager_handoff_stage": "none", "evidence_status": "unknown", "active_request_kind": "company_services_info", "document_contact_collected": false, "last_bot_question_type": "unknown", "last_mentioned_brand": "", "last_focus_topic": "company_services_info", "last_context_gist": "Клиент запрашивает пошаговую инструкцию по покупке.", "last_context_meaning": "Клиент повторно запрашивает объяснение процесса покупки.", "last_context_fallback_used": false, "last_context_fallback_reason": "", "active_business_flow": "none", "active_pricing_flow": "none", "pricing_requested_product": "", "requested_brands": [], "recognized_brands": [], "unknown_brand_mentions": [], "missing_price_brands": [], "priced_brands": [], "pending_brand_mentions": [], "pricing_mode": "all", "pricing_flow": {"active": false, "product": "", "mode": "all", "stage": "idle", "brand_mentions": [], "brand_items": [], "raw_brand_mentions": [], "requested_brand_keys": [], "recognized_brands": [], "unknown_brand_mentions": [], "priced_brands": [], "missing_price_brands": [], "pending_brand_mentions": [], "processed_brand_mentions": [], "remaining_brand_mentions": []}, "service_semantic_memory": {}, "slots": {}}
state_after_response: {"client_type": "unknown", "legal_entity_confirmed": false, "purchase_active": false, "purchase_stage": "unknown", "last_question_type": "unknown", "last_primary_topic": "company_services_info", "last_topic_ids": ["company_services_info"], "last_secondary_topics": [], "dialog_phase": "discovery", "conversation_closed": false, "greeted": false, "active_flow": "none", "flow_step": "idle", "last_action_name": "company_services", "same_action_repeats": 1, "manager_handoff_stage": "none", "evidence_status": "knowledge_context", "active_request_kind": "company_services_info", "document_contact_collected": false, "last_bot_question_type": "service_clarification", "last_mentioned_brand": "", "last_focus_topic": "company_services_info", "last_context_gist": "Клиент запрашивает пошаговую инструкцию по покупке.", "last_context_meaning": "Клиент повторно запрашивает объяснение процесса покупки.", "last_context_fallback_used": false, "last_context_fallback_reason": "", "active_business_flow": "company_services", "active_pricing_flow": "none", "pricing_requested_product": "", "requested_brands": [], "recognized_brands": [], "unknown_brand_mentions": [], "missing_price_brands": [], "priced_brands": [], "pending_brand_mentions": [], "pricing_mode": "all", "pricing_flow": {"active": false, "product": "", "mode": "all", "stage": "idle", "brand_mentions": [], "brand_items": [], "raw_brand_mentions": [], "requested_brand_keys": [], "recognized_brands": [], "unknown_brand_mentions": [], "priced_brands": [], "missing_price_brands": [], "pending_brand_mentions": [], "processed_brand_mentions": [], "remaining_brand_mentions": []}, "service_semantic_memory": {"used_fact_ids": ["company_services_general"], "used_groups": ["service_intro"]}, "slots": {"used_service_fact_ids": ["company_services_general"], "used_service_semantic_groups": ["service_intro"]}}
answer_selection_trace: {"llm_answer": "Сервис помогает работать с каталогами запчастей. Хотите узнать о возможностях, сценариях использования или ограничениях?", "fallback_answer": "Сервис помогает автобизнесу работать с каталогами запчастей и технической информацией. Могу кратко рассказать о возможностях системы, сценариях использования и ограничениях.", "deterministic_answer": "Сервис помогает автобизнесу работать с каталогами запчастей и технической информацией. Могу кратко рассказать о возможностях системы, сценариях использования и ограничениях.", "validator_passed": true, "selected_source": "llm", "selection_reason": "LLM answer preserved mandatory meaning and action compatibility.", "mandatory_blocks": [], "llm_validation": {}, "action_compatible": true, "validator_trace": {"is_valid": true, "blocker_hits": [], "missing_required": []}, "final_answer_source": "llm", "hard_deterministic_pricing": false, "hard_deterministic_service": false, "hard_locked_action": false}
pricing_flow_trace: {"active": false, "product": "", "mode": "all", "stage": "idle", "brand_mentions": [], "brand_items": [], "raw_brand_mentions": [], "requested_brand_keys": [], "recognized_brands": [], "unknown_brand_mentions": [], "priced_brands": [], "missing_price_brands": [], "pending_brand_mentions": [], "processed_brand_mentions": [], "remaining_brand_mentions": []}
product_context_trace: {"raw_query": "Объясни покупку по шагам", "requested_products": [], "raw_brand_mentions": [], "mentioned_brands": [], "unknown_brand_mentions": [], "brand_display": [], "asks_price": false, "asks_availability": false, "asks_comparison": false, "partial_access_requested": false, "partial_package_requested": false, "partial_epc_requested": false, "inferred_product_context": "", "unsupported_brand_group": "", "unknown_brand_query": "", "tis_price_status": "not_requested", "fallback_price_blocks": []}


SCENARIO: А этот дешевле? / База кроссов
SESSION_ID: user_gd8lxt4
--------------------------------------------------------------------------------
TURN 1
user_query: А этот дешевле?
agent_zero_turn_type: pricing_followup
agent_zero_subtype: repeat_question
classifier_source: direct_json
topic_ids: ["catalog_list_request"]
selected_action: catalog_list_info
answer_text: Здравствуйте! Уточните, пожалуйста, о каком продукте идет речь?
followup_trace: {"is_followup": false, "followup_type": "unknown_followup", "input": "А этот дешевле?", "state_before": {"last_mentioned_brand": "", "last_topic_ids": [], "last_action_name": "", "last_bot_question_type": "unknown", "active_request_kind": "none", "manager_handoff_stage": "none"}, "inherited_brand": "", "suggested_topics": [], "reason": "No follow-up rule matched."}
dialog_act_trace: {}
shortlist_selected_scores: [{"topic_id": "competitor_choice", "label_ru": "Выбор конкурента", "score": 0.812857, "lexical_score": 0.812857, "semantic_boost": 0.0, "semantic_penalty": 0.0, "continuity_boost": 0.0, "overlap": 0.5, "jaccard": 0.047619, "avoid_overlap": 0.0, "matched_tokens": ["дешевл"], "score_breakdown": {"query": 0.52619, "meaning": 0.358333, "brand_boost": 0.0, "query_boost": 0.0, "final": 0.812857}}, {"topic_id": "api_integration", "label_ru": "API и интеграция", "score": 0.0, "lexical_score": 0.0, "semantic_boost": 0.0, "semantic_penalty": 0.0, "continuity_boost": 0.0, "overlap": 0.0, "jaccard": 0.0, "avoid_overlap": 0.0, "matched_tokens": [], "score_breakdown": {"query": 0.0, "meaning": 0.0, "brand_boost": 0.0, "query_boost": 0.0, "final": 0.0}}, {"topic_id": "brand_list_request", "label_ru": "Список брендов", "score": 0.0, "lexical_score": 0.0, "semantic_boost": 0.0, "semantic_penalty": 0.0, "continuity_boost": 0.0, "overlap": 0.0, "jaccard": 0.0, "avoid_overlap": 0.0, "matched_tokens": [], "score_breakdown": {"query": 0.0, "meaning": 0.0, "brand_boost": 0.0, "query_boost": 0.0, "final": 0.0}}, {"topic_id": "catalog_list_request", "label_ru": "Список каталогов", "score": 0.0, "lexical_score": 0.0, "semantic_boost": 0.0, "semantic_penalty": 0.0, "continuity_boost": 0.0, "overlap": 0.0, "jaccard": 0.0, "avoid_overlap": 0.0, "matched_tokens": [], "score_breakdown": {"query": 0.0, "meaning": 0.0, "brand_boost": 0.0, "query_boost": 0.0, "final": 0.0}}, {"topic_id": "company_services_info", "label_ru": "Возможности сервиса", "score": 0.0, "lexical_score": 0.0, "semantic_boost": 0.0, "semantic_penalty": 0.0, "continuity_boost": 0.0, "overlap": 0.0, "jaccard": 0.0, "avoid_overlap": 0.0, "matched_tokens": [], "score_breakdown": {"query": 0.0, "meaning": 0.0, "brand_boost": 0.0, "query_boost": 0.0, "final": 0.0}}, {"topic_id": "competitor_comparison", "label_ru": "Отличие от конкурентов", "score": 0.0, "lexical_score": 0.0, "semantic_boost": 0.0, "semantic_penalty": 0.0, "continuity_boost": 0.0, "overlap": 0.0, "jaccard": 0.0, "avoid_overlap": 0.0, "matched_tokens": [], "score_breakdown": {"query": 0.0, "meaning": 0.0, "brand_boost": 0.0, "query_boost": 0.0, "final": 0.0}}, {"topic_id": "data_accuracy_doubt", "label_ru": "Сомнение в точности данных", "score": 0.0, "lexical_score": 0.0, "semantic_boost": 0.0, "semantic_penalty": 0.0, "continuity_boost": 0.0, "overlap": 0.0, "jaccard": 0.0, "avoid_overlap": 0.0, "matched_tokens": [], "score_breakdown": {"query": 0.0, "meaning": 0.0, "brand_boost": 0.0, "query_boost": 0.0, "final": 0.0}}, {"topic_id": "demo_access", "label_ru": "Демо-доступ", "score": 0.0, "lexical_score": 0.0, "semantic_boost": 0.0, "semantic_penalty": 0.0, "continuity_boost": 0.0, "overlap": 0.0, "jaccard": 0.0, "avoid_overlap": 0.0, "matched_tokens": [], "score_breakdown": {"query": 0.0, "meaning": 0.0, "brand_boost": 0.0, "query_boost": 0.0, "final": 0.0}}]
shortlist_skipped: null
shortlist_skip_reason: null
state_before: {"client_type": "unknown", "legal_entity_confirmed": false, "purchase_active": false, "purchase_stage": "unknown", "last_question_type": "unknown", "last_primary_topic": "out_of_scope_request", "last_topic_ids": [], "last_secondary_topics": [], "dialog_phase": "discovery", "conversation_closed": false, "greeted": false, "active_flow": "none", "flow_step": "idle", "last_action_name": "", "same_action_repeats": 0, "manager_handoff_stage": "none", "evidence_status": "unknown", "active_request_kind": "none", "document_contact_collected": false, "last_bot_question_type": "unknown", "last_mentioned_brand": "", "last_focus_topic": "out_of_scope_request", "last_context_gist": "", "last_context_meaning": "", "last_context_fallback_used": false, "last_context_fallback_reason": "", "active_business_flow": "none", "active_pricing_flow": "none", "pricing_requested_product": "", "requested_brands": [], "recognized_brands": [], "unknown_brand_mentions": [], "missing_price_brands": [], "priced_brands": [], "pending_brand_mentions": [], "pricing_mode": "all", "pricing_flow": {}, "service_semantic_memory": {}, "slots": {}}
state_after_classification: {"client_type": "unknown", "legal_entity_confirmed": false, "purchase_active": false, "purchase_stage": "unknown", "last_question_type": "unknown", "last_primary_topic": "catalog_list_request", "last_topic_ids": ["catalog_list_request"], "last_secondary_topics": [], "dialog_phase": "discovery", "conversation_closed": false, "greeted": false, "active_flow": "none", "flow_step": "idle", "last_action_name": "", "same_action_repeats": 0, "manager_handoff_stage": "none", "evidence_status": "unknown", "active_request_kind": "catalog_list_request", "document_contact_collected": false, "last_bot_question_type": "unknown", "last_mentioned_brand": "", "last_focus_topic": "catalog_list_request", "last_context_gist": "Клиент спрашивает о цене продукта.", "last_context_meaning": "Клиент повторно уточняет, дешевле ли данный продукт.", "last_context_fallback_used": false, "last_context_fallback_reason": "", "active_business_flow": "none", "active_pricing_flow": "none", "pricing_requested_product": "", "requested_brands": [], "recognized_brands": [], "unknown_brand_mentions": [], "missing_price_brands": [], "priced_brands": [], "pending_brand_mentions": [], "pricing_mode": "all", "pricing_flow": {"active": false, "product": "", "mode": "all", "stage": "idle", "brand_mentions": [], "brand_items": [], "raw_brand_mentions": [], "requested_brand_keys": [], "recognized_brands": [], "unknown_brand_mentions": [], "priced_brands": [], "missing_price_brands": [], "pending_brand_mentions": [], "processed_brand_mentions": [], "remaining_brand_mentions": []}, "service_semantic_memory": {}, "slots": {}}
state_after_response: {"client_type": "unknown", "legal_entity_confirmed": false, "purchase_active": false, "purchase_stage": "unknown", "last_question_type": "unknown", "last_primary_topic": "catalog_list_request", "last_topic_ids": ["catalog_list_request"], "last_secondary_topics": [], "dialog_phase": "discovery", "conversation_closed": false, "greeted": false, "active_flow": "none", "flow_step": "idle", "last_action_name": "catalog_list_info", "same_action_repeats": 1, "manager_handoff_stage": "none", "evidence_status": "knowledge_context", "active_request_kind": "catalog_list_request", "document_contact_collected": false, "last_bot_question_type": "unknown", "last_mentioned_brand": "", "last_focus_topic": "catalog_list_request", "last_context_gist": "Клиент спрашивает о цене продукта.", "last_context_meaning": "Клиент повторно уточняет, дешевле ли данный продукт.", "last_context_fallback_used": false, "last_context_fallback_reason": "", "active_business_flow": "none", "active_pricing_flow": "none", "pricing_requested_product": "", "requested_brands": [], "recognized_brands": [], "unknown_brand_mentions": [], "missing_price_brands": [], "priced_brands": [], "pending_brand_mentions": [], "pricing_mode": "all", "pricing_flow": {"active": false, "product": "", "mode": "all", "stage": "idle", "brand_mentions": [], "brand_items": [], "raw_brand_mentions": [], "requested_brand_keys": [], "recognized_brands": [], "unknown_brand_mentions": [], "priced_brands": [], "missing_price_brands": [], "pending_brand_mentions": [], "processed_brand_mentions": [], "remaining_brand_mentions": []}, "service_semantic_memory": {}, "slots": {}}
answer_selection_trace: {"llm_answer": "Уточните, пожалуйста, о каком продукте идет речь?", "fallback_answer": "У нас есть два продукта: EPC Full и TIS. EPC Full — каталог оригинальных запчастей и схем. TIS — техническая документация и инструкции по ремонту.", "deterministic_answer": "У нас есть два продукта: EPC Full и TIS. EPC Full — каталог оригинальных запчастей и схем. TIS — техническая документация и инструкции по ремонту.", "validator_passed": true, "selected_source": "llm", "selection_reason": "LLM answer preserved mandatory meaning and action compatibility.", "mandatory_blocks": [], "llm_validation": {}, "action_compatible": true, "validator_trace": {"is_valid": true, "blocker_hits": [], "missing_required": []}, "final_answer_source": "llm", "hard_deterministic_pricing": false, "hard_deterministic_service": false, "hard_locked_action": false}
pricing_flow_trace: {"active": false, "product": "", "mode": "all", "stage": "idle", "brand_mentions": [], "brand_items": [], "raw_brand_mentions": [], "requested_brand_keys": [], "recognized_brands": [], "unknown_brand_mentions": [], "priced_brands": [], "missing_price_brands": [], "pending_brand_mentions": [], "processed_brand_mentions": [], "remaining_brand_mentions": []}
product_context_trace: {"raw_query": "А этот дешевле?", "requested_products": [], "raw_brand_mentions": [], "mentioned_brands": [], "unknown_brand_mentions": [], "brand_display": [], "asks_price": false, "asks_availability": false, "asks_comparison": false, "partial_access_requested": false, "partial_package_requested": false, "partial_epc_requested": false, "inferred_product_context": "", "unsupported_brand_group": "", "unknown_brand_query": "", "tis_price_status": "not_requested", "fallback_price_blocks": []}

TURN 2
user_query: База кроссов
agent_zero_turn_type: clarification_pushback
agent_zero_subtype: product_name
classifier_source: direct_json
topic_ids: ["catalog_list_request"]
selected_action: catalog_list_info
answer_text: Здравствуйте! В нашем каталоге представлены EPC Full и TIS. EPC Full - каталог запчастей, TIS - техническая документация. Какой из них вас интересует?
followup_trace: {"is_followup": false, "followup_type": "unknown_followup", "input": "База кроссов", "state_before": {"last_mentioned_brand": "", "last_topic_ids": ["catalog_list_request"], "last_action_name": "catalog_list_info", "last_bot_question_type": "unknown", "active_request_kind": "catalog_list_request", "manager_handoff_stage": "none"}, "inherited_brand": "", "suggested_topics": [], "reason": "No follow-up rule matched."}
dialog_act_trace: {}
shortlist_selected_scores: [{"topic_id": "human_operator_request", "label_ru": "Перевод на менеджера", "score": 0.169778, "lexical_score": 0.169778, "semantic_boost": 0.0, "semantic_penalty": 0.0, "continuity_boost": 0.0, "overlap": 0.2, "jaccard": 0.022222, "avoid_overlap": 0.0, "matched_tokens": ["чтоб"], "score_breakdown": {"query": 0.0, "meaning": 0.212222, "brand_boost": 0.0, "query_boost": 0.0, "final": 0.169778}}, {"topic_id": "legal_entity_purchase_flow", "label_ru": "Оформление для юрлица", "score": 0.169778, "lexical_score": 0.169778, "semantic_boost": 0.0, "semantic_penalty": 0.0, "continuity_boost": 0.0, "overlap": 0.2, "jaccard": 0.022222, "avoid_overlap": 0.0, "matched_tokens": ["запрос"], "score_breakdown": {"query": 0.0, "meaning": 0.212222, "brand_boost": 0.0, "query_boost": 0.0, "final": 0.169778}}, {"topic_id": "api_integration", "label_ru": "API и интеграция", "score": 0.0, "lexical_score": 0.0, "semantic_boost": 0.0, "semantic_penalty": 0.0, "continuity_boost": 0.0, "overlap": 0.0, "jaccard": 0.0, "avoid_overlap": 0.0, "matched_tokens": [], "score_breakdown": {"query": 0.0, "meaning": 0.0, "brand_boost": 0.0, "query_boost": 0.0, "final": 0.0}}, {"topic_id": "brand_list_request", "label_ru": "Список брендов", "score": 0.0, "lexical_score": 0.0, "semantic_boost": 0.0, "semantic_penalty": 0.0, "continuity_boost": 0.0, "overlap": 0.0, "jaccard": 0.0, "avoid_overlap": 0.0, "matched_tokens": [], "score_breakdown": {"query": 0.0, "meaning": 0.0, "brand_boost": 0.0, "query_boost": 0.0, "final": 0.0}}, {"topic_id": "catalog_list_request", "label_ru": "Список каталогов", "score": 0.0, "lexical_score": 0.0, "semantic_boost": 0.0, "semantic_penalty": 0.0, "continuity_boost": 0.0, "overlap": 0.0, "jaccard": 0.0, "avoid_overlap": 0.0, "matched_tokens": [], "score_breakdown": {"query": 0.0, "meaning": 0.0, "brand_boost": 0.0, "query_boost": 0.0, "final": 0.0}}, {"topic_id": "company_services_info", "label_ru": "Возможности сервиса", "score": 0.0, "lexical_score": 0.0, "semantic_boost": 0.0, "semantic_penalty": 0.0, "continuity_boost": 0.0, "overlap": 0.0, "jaccard": 0.0, "avoid_overlap": 0.0, "matched_tokens": [], "score_breakdown": {"query": 0.0, "meaning": 0.0, "brand_boost": 0.0, "query_boost": 0.0, "final": 0.0}}, {"topic_id": "competitor_choice", "label_ru": "Выбор конкурента", "score": 0.0, "lexical_score": 0.0, "semantic_boost": 0.0, "semantic_penalty": 0.0, "continuity_boost": 0.0, "overlap": 0.0, "jaccard": 0.0, "avoid_overlap": 0.0, "matched_tokens": [], "score_breakdown": {"query": 0.0, "meaning": 0.0, "brand_boost": 0.0, "query_boost": 0.0, "final": 0.0}}, {"topic_id": "competitor_comparison", "label_ru": "Отличие от конкурентов", "score": 0.0, "lexical_score": 0.0, "semantic_boost": 0.0, "semantic_penalty": 0.0, "continuity_boost": 0.0, "overlap": 0.0, "jaccard": 0.0, "avoid_overlap": 0.0, "matched_tokens": [], "score_breakdown": {"query": 0.0, "meaning": 0.0, "brand_boost": 0.0, "query_boost": 0.0, "final": 0.0}}]
shortlist_skipped: null
shortlist_skip_reason: null
state_before: {"client_type": "unknown", "legal_entity_confirmed": false, "purchase_active": false, "purchase_stage": "unknown", "last_question_type": "unknown", "last_primary_topic": "catalog_list_request", "last_topic_ids": ["catalog_list_request"], "last_secondary_topics": [], "dialog_phase": "discovery", "conversation_closed": false, "greeted": false, "active_flow": "none", "flow_step": "idle", "last_action_name": "catalog_list_info", "same_action_repeats": 1, "manager_handoff_stage": "none", "evidence_status": "knowledge_context", "active_request_kind": "catalog_list_request", "document_contact_collected": false, "last_bot_question_type": "unknown", "last_mentioned_brand": "", "last_focus_topic": "catalog_list_request", "last_context_gist": "Клиент спрашивает о цене продукта.", "last_context_meaning": "Клиент повторно уточняет, дешевле ли данный продукт.", "last_context_fallback_used": false, "last_context_fallback_reason": "", "active_business_flow": "none", "active_pricing_flow": "none", "pricing_requested_product": "", "requested_brands": [], "recognized_brands": [], "unknown_brand_mentions": [], "missing_price_brands": [], "priced_brands": [], "pending_brand_mentions": [], "pricing_mode": "all", "pricing_flow": {"active": false, "product": "", "mode": "all", "stage": "idle", "brand_mentions": [], "brand_items": [], "raw_brand_mentions": [], "requested_brand_keys": [], "recognized_brands": [], "unknown_brand_mentions": [], "priced_brands": [], "missing_price_brands": [], "pending_brand_mentions": [], "processed_brand_mentions": [], "remaining_brand_mentions": []}, "service_semantic_memory": {}, "slots": {}}
state_after_classification: {"client_type": "unknown", "legal_entity_confirmed": false, "purchase_active": false, "purchase_stage": "unknown", "last_question_type": "unknown", "last_primary_topic": "catalog_list_request", "last_topic_ids": ["catalog_list_request"], "last_secondary_topics": [], "dialog_phase": "discovery", "conversation_closed": false, "greeted": false, "active_flow": "none", "flow_step": "idle", "last_action_name": "catalog_list_info", "same_action_repeats": 1, "manager_handoff_stage": "none", "evidence_status": "knowledge_context", "active_request_kind": "catalog_list_request", "document_contact_collected": false, "last_bot_question_type": "unknown", "last_mentioned_brand": "", "last_focus_topic": "catalog_list_request", "last_context_gist": "Клиент уточняет, о каком продукте идет речь, называя 'База кроссов'.", "last_context_meaning": "Клиент повторно называет продукт, чтобы уточнить запрос.", "last_context_fallback_used": false, "last_context_fallback_reason": "", "active_business_flow": "none", "active_pricing_flow": "none", "pricing_requested_product": "", "requested_brands": [], "recognized_brands": [], "unknown_brand_mentions": [], "missing_price_brands": [], "priced_brands": [], "pending_brand_mentions": [], "pricing_mode": "all", "pricing_flow": {"active": false, "product": "", "mode": "all", "stage": "idle", "brand_mentions": [], "brand_items": [], "raw_brand_mentions": [], "requested_brand_keys": [], "recognized_brands": [], "unknown_brand_mentions": [], "priced_brands": [], "missing_price_brands": [], "pending_brand_mentions": [], "processed_brand_mentions": [], "remaining_brand_mentions": []}, "service_semantic_memory": {}, "slots": {}}
state_after_response: {"client_type": "unknown", "legal_entity_confirmed": false, "purchase_active": false, "purchase_stage": "unknown", "last_question_type": "unknown", "last_primary_topic": "catalog_list_request", "last_topic_ids": ["catalog_list_request"], "last_secondary_topics": [], "dialog_phase": "discovery", "conversation_closed": false, "greeted": false, "active_flow": "none", "flow_step": "idle", "last_action_name": "catalog_list_info", "same_action_repeats": 2, "manager_handoff_stage": "none", "evidence_status": "knowledge_context", "active_request_kind": "catalog_list_request", "document_contact_collected": false, "last_bot_question_type": "unknown", "last_mentioned_brand": "", "last_focus_topic": "catalog_list_request", "last_context_gist": "Клиент уточняет, о каком продукте идет речь, называя 'База кроссов'.", "last_context_meaning": "Клиент повторно называет продукт, чтобы уточнить запрос.", "last_context_fallback_used": false, "last_context_fallback_reason": "", "active_business_flow": "none", "active_pricing_flow": "none", "pricing_requested_product": "", "requested_brands": [], "recognized_brands": [], "unknown_brand_mentions": [], "missing_price_brands": [], "priced_brands": [], "pending_brand_mentions": [], "pricing_mode": "all", "pricing_flow": {"active": false, "product": "", "mode": "all", "stage": "idle", "brand_mentions": [], "brand_items": [], "raw_brand_mentions": [], "requested_brand_keys": [], "recognized_brands": [], "unknown_brand_mentions": [], "priced_brands": [], "missing_price_brands": [], "pending_brand_mentions": [], "processed_brand_mentions": [], "remaining_brand_mentions": []}, "service_semantic_memory": {}, "slots": {}}
answer_selection_trace: {"llm_answer": "В нашем каталоге представлены EPC Full и TIS. EPC Full - каталог запчастей, TIS - техническая документация. Какой из них вас интересует?", "fallback_answer": "У нас есть два продукта: EPC Full и TIS. EPC Full — каталог оригинальных запчастей и схем. TIS — техническая документация и инструкции по ремонту.", "deterministic_answer": "У нас есть два продукта: EPC Full и TIS. EPC Full — каталог оригинальных запчастей и схем. TIS — техническая документация и инструкции по ремонту.", "validator_passed": true, "selected_source": "llm", "selection_reason": "LLM answer preserved mandatory meaning and action compatibility.", "mandatory_blocks": [], "llm_validation": {}, "action_compatible": true, "validator_trace": {"is_valid": true, "blocker_hits": [], "missing_required": []}, "final_answer_source": "llm", "hard_deterministic_pricing": false, "hard_deterministic_service": false, "hard_locked_action": false}
pricing_flow_trace: {"active": false, "product": "", "mode": "all", "stage": "idle", "brand_mentions": [], "brand_items": [], "raw_brand_mentions": [], "requested_brand_keys": [], "recognized_brands": [], "unknown_brand_mentions": [], "priced_brands": [], "missing_price_brands": [], "pending_brand_mentions": [], "processed_brand_mentions": [], "remaining_brand_mentions": []}
product_context_trace: {"raw_query": "База кроссов", "requested_products": [], "raw_brand_mentions": [], "mentioned_brands": [], "unknown_brand_mentions": [], "brand_display": [], "asks_price": false, "asks_availability": false, "asks_comparison": false, "partial_access_requested": false, "partial_package_requested": false, "partial_epc_requested": false, "inferred_product_context": "", "unsupported_brand_group": "", "unknown_brand_query": "", "tis_price_status": "not_requested", "fallback_price_blocks": []}


SCENARIO: Оплатил, но доступа нет / Продолжаем
SESSION_ID: user_rxih8l8
--------------------------------------------------------------------------------
TURN 1
user_query: Оплатил, но доступа нет
agent_zero_turn_type: abuse_or_frustration
agent_zero_subtype: access_issue
classifier_source: direct_json
topic_ids: ["post_payment_no_access"]
selected_action: post_payment_no_access_handoff
answer_text: Здравствуйте! Пожалуйста, пришлите номер телефона, чтобы наш менеджер проверил статус оплаты и связался с вами.
followup_trace: {"is_followup": false, "followup_type": "unknown_followup", "input": "Оплатил, но доступа нет", "state_before": {"last_mentioned_brand": "", "last_topic_ids": [], "last_action_name": "", "last_bot_question_type": "unknown", "active_request_kind": "none", "manager_handoff_stage": "none"}, "inherited_brand": "", "suggested_topics": [], "reason": "No follow-up rule matched."}
dialog_act_trace: {}
shortlist_selected_scores: [{"topic_id": "post_payment_no_access", "label_ru": "Оплатил, но доступа нет", "score": 1.250272, "lexical_score": 1.250272, "semantic_boost": 0.0, "semantic_penalty": 0.0, "continuity_boost": 0.0, "overlap": 1.0, "jaccard": 0.130435, "avoid_overlap": 0.5, "matched_tokens": ["доступ", "нет", "оплат", "оплатил"], "score_breakdown": {"query": 0.955072, "meaning": 0.369, "brand_boost": 0.0, "query_boost": 0.0, "final": 1.250272}}, {"topic_id": "legal_entity_purchase_flow", "label_ru": "Оформление для юрлица", "score": 0.977553, "lexical_score": 0.977553, "semantic_boost": 0.0, "semantic_penalty": 0.0, "continuity_boost": 0.0, "overlap": 0.75, "jaccard": 0.071429, "avoid_overlap": 0.0, "matched_tokens": ["доступ", "оплат", "подтверждает"], "score_breakdown": {"query": 0.346124, "meaning": 0.789286, "brand_boost": 0.0, "query_boost": 0.0, "final": 0.977553}}, {"topic_id": "post_payment_access_timing", "label_ru": "Когда доступ после оплаты", "score": 0.658333, "lexical_score": 0.658333, "semantic_boost": 0.0, "semantic_penalty": 0.0, "continuity_boost": 0.0, "overlap": 0.5, "jaccard": 0.090909, "avoid_overlap": 0.5, "matched_tokens": ["доступ", "оплат"], "score_breakdown": {"query": 0.358333, "meaning": 0.375, "brand_boost": 0.0, "query_boost": 0.0, "final": 0.658333}}, {"topic_id": "demo_access", "label_ru": "Демо-доступ", "score": 0.628333, "lexical_score": 0.628333, "semantic_boost": 0.0, "semantic_penalty": 0.0, "continuity_boost": 0.0, "overlap": 0.333333, "jaccard": 0.1, "avoid_overlap": 0.0, "matched_tokens": ["доступ"], "score_breakdown": {"query": 0.388333, "meaning": 0.3, "brand_boost": 0.0, "query_boost": 0.0, "final": 0.628333}}, {"topic_id": "subscription_renewal", "label_ru": "Продление подписки", "score": 0.613013, "lexical_score": 0.613013, "semantic_boost": 0.0, "semantic_penalty": 0.0, "continuity_boost": 0.0, "overlap": 0.333333, "jaccard": 0.083333, "avoid_overlap": 0.0, "matched_tokens": ["доступ"], "score_breakdown": {"query": 0.379167, "meaning": 0.292308, "brand_boost": 0.0, "query_boost": 0.0, "final": 0.613013}}, {"topic_id": "self_employed_purchase", "label_ru": "Самозанятые", "score": 0.5975, "lexical_score": 0.5975, "semantic_boost": 0.0, "semantic_penalty": 0.0, "continuity_boost": 0.0, "overlap": 0.333333, "jaccard": 0.066667, "avoid_overlap": 0.0, "matched_tokens": ["доступ"], "score_breakdown": {"query": 0.37, "meaning": 0.284375, "brand_boost": 0.0, "query_boost": 0.0, "final": 0.5975}}, {"topic_id": "purchase_ready", "label_ru": "Готовность к покупке", "score": 0.595977, "lexical_score": 0.595977, "semantic_boost": 0.0, "semantic_penalty": 0.0, "continuity_boost": 0.0, "overlap": 0.5, "jaccard": 0.068966, "avoid_overlap": 0.333333, "matched_tokens": ["доступ", "оплат"], "score_breakdown": {"query": 0.235632, "meaning": 0.450431, "brand_boost": 0.0, "query_boost": 0.0, "final": 0.595977}}, {"topic_id": "multi_device_access", "label_ru": "Многопользовательский доступ", "score": 0.563854, "lexical_score": 0.563854, "semantic_boost": 0.0, "semantic_penalty": 0.0, "continuity_boost": 0.0, "overlap": 0.333333, "jaccard": 0.03125, "avoid_overlap": 0.0, "matched_tokens": ["доступ"], "score_breakdown": {"query": 0.350521, "meaning": 0.266667, "brand_boost": 0.0, "query_boost": 0.0, "final": 0.563854}}]
shortlist_skipped: null
shortlist_skip_reason: null
state_before: {"client_type": "unknown", "legal_entity_confirmed": false, "purchase_active": false, "purchase_stage": "unknown", "last_question_type": "unknown", "last_primary_topic": "out_of_scope_request", "last_topic_ids": [], "last_secondary_topics": [], "dialog_phase": "discovery", "conversation_closed": false, "greeted": false, "active_flow": "none", "flow_step": "idle", "last_action_name": "", "same_action_repeats": 0, "manager_handoff_stage": "none", "evidence_status": "unknown", "active_request_kind": "none", "document_contact_collected": false, "last_bot_question_type": "unknown", "last_mentioned_brand": "", "last_focus_topic": "out_of_scope_request", "last_context_gist": "", "last_context_meaning": "", "last_context_fallback_used": false, "last_context_fallback_reason": "", "active_business_flow": "none", "active_pricing_flow": "none", "pricing_requested_product": "", "requested_brands": [], "recognized_brands": [], "unknown_brand_mentions": [], "missing_price_brands": [], "priced_brands": [], "pending_brand_mentions": [], "pricing_mode": "all", "pricing_flow": {}, "service_semantic_memory": {}, "slots": {}}
state_after_classification: {"client_type": "unknown", "legal_entity_confirmed": false, "purchase_active": false, "purchase_stage": "unknown", "last_question_type": "unknown", "last_primary_topic": "post_payment_no_access", "last_topic_ids": ["post_payment_no_access"], "last_secondary_topics": [], "dialog_phase": "discovery", "conversation_closed": false, "greeted": false, "active_flow": "none", "flow_step": "idle", "last_action_name": "", "same_action_repeats": 0, "manager_handoff_stage": "none", "evidence_status": "unknown", "active_request_kind": "post_payment_no_access", "document_contact_collected": false, "last_bot_question_type": "unknown", "last_mentioned_brand": "", "last_focus_topic": "post_payment_no_access", "last_context_gist": "Клиент сообщает об оплате и отсутствии доступа к сервису.", "last_context_meaning": "Клиент подтверждает оплату и сообщает о проблеме с доступом.", "last_context_fallback_used": false, "last_context_fallback_reason": "", "active_business_flow": "pricing_tis", "active_pricing_flow": "tis", "pricing_requested_product": "tis", "requested_brands": ["оплатил", "но доступа нет"], "recognized_brands": [], "unknown_brand_mentions": ["Оплатил", "но доступа нет"], "missing_price_brands": [], "priced_brands": [], "pending_brand_mentions": ["Оплатил", "но доступа нет"], "pricing_mode": "all", "pricing_flow": {"active": true, "product": "tis", "mode": "all", "stage": "pricing_all", "brand_mentions": [{"raw_text": "Оплатил", "normalized_key": "оплатил", "recognized": false, "display_name": "Оплатил", "canonical_brand": ""}, {"raw_text": "но доступа нет", "normalized_key": "но доступа нет", "recognized": false, "display_name": "но доступа нет", "canonical_brand": ""}], "brand_items": [{"canonical_brand": "", "display_name": "Оплатил", "raw_surface": "Оплатил", "recognized": false, "has_price": false, "processed": false, "status": "unresolved"}, {"canonical_brand": "", "display_name": "но доступа нет", "raw_surface": "но доступа нет", "recognized": false, "has_price": false, "processed": false, "status": "unresolved"}], "raw_brand_mentions": ["Оплатил", "но доступа нет"], "requested_brand_keys": ["оплатил", "но доступа нет"], "recognized_brands": [], "unknown_brand_mentions": ["Оплатил", "но доступа нет"], "priced_brands": [], "missing_price_brands": [], "pending_brand_mentions": ["Оплатил", "но доступа нет"], "processed_brand_mentions": [], "remaining_brand_mentions": ["Оплатил", "но доступа нет"]}, "service_semantic_memory": {}, "slots": {"raw_brand_mentions": ["Оплатил", "но доступа нет"], "brand_mentions": [{"raw_text": "Оплатил", "normalized_key": "оплатил", "recognized": false, "display_name": "Оплатил", "canonical_brand": ""}, {"raw_text": "но доступа нет", "normalized_key": "но доступа нет", "recognized": false, "display_name": "но доступа нет", "canonical_brand": ""}], "requested_brand_keys": ["оплатил", "но доступа нет"], "unknown_brand_mentions": ["Оплатил", "но доступа нет"]}}
state_after_response: {"client_type": "unknown", "legal_entity_confirmed": false, "purchase_active": false, "purchase_stage": "unknown", "last_question_type": "unknown", "last_primary_topic": "post_payment_no_access", "last_topic_ids": ["post_payment_no_access"], "last_secondary_topics": [], "dialog_phase": "discovery", "conversation_closed": false, "greeted": false, "active_flow": "none", "flow_step": "idle", "last_action_name": "post_payment_no_access_handoff", "same_action_repeats": 1, "manager_handoff_stage": "none", "evidence_status": "knowledge_context", "active_request_kind": "post_payment_support", "document_contact_collected": false, "last_bot_question_type": "unknown", "last_mentioned_brand": "", "last_focus_topic": "post_payment_no_access", "last_context_gist": "Клиент сообщает об оплате и отсутствии доступа к сервису.", "last_context_meaning": "Клиент подтверждает оплату и сообщает о проблеме с доступом.", "last_context_fallback_used": false, "last_context_fallback_reason": "", "active_business_flow": "pricing_tis", "active_pricing_flow": "tis", "pricing_requested_product": "tis", "requested_brands": ["оплатил", "но доступа нет"], "recognized_brands": [], "unknown_brand_mentions": ["Оплатил", "но доступа нет"], "missing_price_brands": [], "priced_brands": [], "pending_brand_mentions": ["Оплатил", "но доступа нет"], "pricing_mode": "all", "pricing_flow": {"active": true, "product": "tis", "mode": "all", "stage": "pricing_all", "brand_mentions": [{"raw_text": "Оплатил", "normalized_key": "оплатил", "recognized": false, "display_name": "Оплатил", "canonical_brand": ""}, {"raw_text": "но доступа нет", "normalized_key": "но доступа нет", "recognized": false, "display_name": "но доступа нет", "canonical_brand": ""}], "brand_items": [{"canonical_brand": "", "display_name": "Оплатил", "raw_surface": "Оплатил", "recognized": false, "has_price": false, "processed": false, "status": "unresolved"}, {"canonical_brand": "", "display_name": "но доступа нет", "raw_surface": "но доступа нет", "recognized": false, "has_price": false, "processed": false, "status": "unresolved"}], "raw_brand_mentions": ["Оплатил", "но доступа нет"], "requested_brand_keys": ["оплатил", "но доступа нет"], "recognized_brands": [], "unknown_brand_mentions": ["Оплатил", "но доступа нет"], "priced_brands": [], "missing_price_brands": [], "pending_brand_mentions": ["Оплатил", "но доступа нет"], "processed_brand_mentions": [], "remaining_brand_mentions": ["Оплатил", "но доступа нет"]}, "service_semantic_memory": {}, "slots": {"raw_brand_mentions": ["Оплатил", "но доступа нет"], "brand_mentions": [{"raw_text": "Оплатил", "normalized_key": "оплатил", "recognized": false, "display_name": "Оплатил", "canonical_brand": ""}, {"raw_text": "но доступа нет", "normalized_key": "но доступа нет", "recognized": false, "display_name": "но доступа нет", "canonical_brand": ""}], "requested_brand_keys": ["оплатил", "но доступа нет"], "unknown_brand_mentions": ["Оплатил", "но доступа нет"]}}
answer_selection_trace: {"llm_answer": "Пожалуйста, пришлите номер телефона, чтобы наш менеджер проверил статус оплаты и связался с вами.", "fallback_answer": "Если оплата уже прошла, но доступ не открылся, пожалуйста, пришлите номер телефона. Наш менеджер проверит статус оплаты и свяжется с вами.\nЕсли нужно разобраться с возвратом после оплаты или с ситуацией, когда доступ не подошел, лучше передать вопрос менеджеру: он проверит детали оплаты и подскажет дальнейшие шаги.", "deterministic_answer": "Если оплата уже прошла, но доступ не открылся, пожалуйста, пришлите номер телефона. Наш менеджер проверит статус оплаты и свяжется с вами.\nЕсли нужно разобраться с возвратом после оплаты или с ситуацией, когда доступ не подошел, лучше передать вопрос менеджеру: он проверит детали оплаты и подскажет дальнейшие шаги.", "validator_passed": true, "selected_source": "llm", "selection_reason": "LLM answer preserved mandatory meaning and action compatibility.", "mandatory_blocks": [], "llm_validation": {}, "action_compatible": true, "validator_trace": {"is_valid": true, "blocker_hits": [], "missing_required": []}, "final_answer_source": "llm", "hard_deterministic_pricing": false, "hard_deterministic_service": false, "hard_locked_action": false}
pricing_flow_trace: {"active": true, "product": "tis", "mode": "all", "stage": "pricing_all", "brand_mentions": [{"raw_text": "Оплатил", "normalized_key": "оплатил", "recognized": false, "display_name": "Оплатил", "canonical_brand": ""}, {"raw_text": "но доступа нет", "normalized_key": "но доступа нет", "recognized": false, "display_name": "но доступа нет", "canonical_brand": ""}], "brand_items": [{"canonical_brand": "", "display_name": "Оплатил", "raw_surface": "Оплатил", "recognized": false, "has_price": false, "processed": false, "status": "unresolved"}, {"canonical_brand": "", "display_name": "но доступа нет", "raw_surface": "но доступа нет", "recognized": false, "has_price": false, "processed": false, "status": "unresolved"}], "raw_brand_mentions": ["Оплатил", "но доступа нет"], "requested_brand_keys": ["оплатил", "но доступа нет"], "recognized_brands": [], "unknown_brand_mentions": ["Оплатил", "но доступа нет"], "priced_brands": [], "missing_price_brands": [], "pending_brand_mentions": ["Оплатил", "но доступа нет"], "processed_brand_mentions": [], "remaining_brand_mentions": ["Оплатил", "но доступа нет"]}
product_context_trace: {"raw_query": "Оплатил, но доступа нет", "requested_products": [], "raw_brand_mentions": ["Оплатил", "но доступа нет"], "mentioned_brands": [], "unknown_brand_mentions": ["Оплатил", "но доступа нет"], "brand_display": [], "asks_price": false, "asks_availability": false, "asks_comparison": false, "partial_access_requested": false, "partial_package_requested": false, "partial_epc_requested": false, "inferred_product_context": "", "unsupported_brand_group": "", "unknown_brand_query": "", "tis_price_status": "not_requested", "fallback_price_blocks": []}

TURN 2
user_query: +7911111
agent_zero_turn_type: other
agent_zero_subtype: repetition
classifier_source: direct_json
topic_ids: ["nonsense_input"]
selected_action: clarify_request
answer_text: Здравствуйте! Уточните, пожалуйста, что именно вас интересует: каталоги EPC, TIS, проверка бренда, оформление доступа или вопрос по оплате.
followup_trace: {"is_followup": false, "followup_type": "unknown_followup", "input": "+7911111", "state_before": {"last_mentioned_brand": "", "last_topic_ids": ["post_payment_no_access"], "last_action_name": "post_payment_no_access_handoff", "last_bot_question_type": "unknown", "active_request_kind": "post_payment_support", "manager_handoff_stage": "none"}, "inherited_brand": "", "suggested_topics": [], "reason": "No follow-up rule matched."}
dialog_act_trace: {}
shortlist_selected_scores: [{"topic_id": "nonsense_input", "label_ru": "Непонятный или шумный ввод", "score": 1.25, "lexical_score": 0.0, "semantic_boost": 1.25, "semantic_penalty": 0.0, "continuity_boost": 0.0, "overlap": 0.0, "jaccard": 0.0, "avoid_overlap": 0.0, "matched_tokens": [], "score_breakdown": {"query": 0.0, "meaning": 0.0, "brand_boost": 0.0, "query_boost": 1.25, "final": 1.25}}, {"topic_id": "existing_contract_check", "label_ru": "Проверка договора", "score": 0.137444, "lexical_score": 0.137444, "semantic_boost": 0.0, "semantic_penalty": 0.0, "continuity_boost": 0.0, "overlap": 0.142857, "jaccard": 0.052632, "avoid_overlap": 0.0, "matched_tokens": ["номер"], "score_breakdown": {"query": 0.0, "meaning": 0.171805, "brand_boost": 0.0, "query_boost": 0.0, "final": 0.137444}}, {"topic_id": "data_accuracy_doubt", "label_ru": "Сомнение в точности данных", "score": 0.130582, "lexical_score": 0.130582, "semantic_boost": 0.0, "semantic_penalty": 0.0, "continuity_boost": 0.0, "overlap": 0.142857, "jaccard": 0.037037, "avoid_overlap": 0.0, "matched_tokens": ["номер"], "score_breakdown": {"query": 0.0, "meaning": 0.163228, "brand_boost": 0.0, "query_boost": 0.0, "final": 0.130582}}, {"topic_id": "api_integration", "label_ru": "API и интеграция", "score": 0.0, "lexical_score": 0.0, "semantic_boost": 0.0, "semantic_penalty": 0.0, "continuity_boost": 0.0, "overlap": 0.0, "jaccard": 0.0, "avoid_overlap": 0.0, "matched_tokens": [], "score_breakdown": {"query": 0.0, "meaning": 0.0, "brand_boost": 0.0, "query_boost": 0.0, "final": 0.0}}, {"topic_id": "brand_list_request", "label_ru": "Список брендов", "score": 0.0, "lexical_score": 0.0, "semantic_boost": 0.0, "semantic_penalty": 0.0, "continuity_boost": 0.0, "overlap": 0.0, "jaccard": 0.0, "avoid_overlap": 0.0, "matched_tokens": [], "score_breakdown": {"query": 0.0, "meaning": 0.0, "brand_boost": 0.0, "query_boost": 0.0, "final": 0.0}}, {"topic_id": "catalog_list_request", "label_ru": "Список каталогов", "score": 0.0, "lexical_score": 0.0, "semantic_boost": 0.0, "semantic_penalty": 0.0, "continuity_boost": 0.0, "overlap": 0.0, "jaccard": 0.0, "avoid_overlap": 0.0, "matched_tokens": [], "score_breakdown": {"query": 0.0, "meaning": 0.0, "brand_boost": 0.0, "query_boost": 0.0, "final": 0.0}}, {"topic_id": "company_services_info", "label_ru": "Возможности сервиса", "score": 0.0, "lexical_score": 0.0, "semantic_boost": 0.0, "semantic_penalty": 0.0, "continuity_boost": 0.0, "overlap": 0.0, "jaccard": 0.0, "avoid_overlap": 0.0, "matched_tokens": [], "score_breakdown": {"query": 0.0, "meaning": 0.0, "brand_boost": 0.0, "query_boost": 0.0, "final": 0.0}}, {"topic_id": "competitor_choice", "label_ru": "Выбор конкурента", "score": 0.0, "lexical_score": 0.0, "semantic_boost": 0.0, "semantic_penalty": 0.0, "continuity_boost": 0.0, "overlap": 0.0, "jaccard": 0.0, "avoid_overlap": 0.0, "matched_tokens": [], "score_breakdown": {"query": 0.0, "meaning": 0.0, "brand_boost": 0.0, "query_boost": 0.0, "final": 0.0}}]
shortlist_skipped: null
shortlist_skip_reason: null
state_before: {"client_type": "unknown", "legal_entity_confirmed": false, "purchase_active": false, "purchase_stage": "unknown", "last_question_type": "unknown", "last_primary_topic": "post_payment_no_access", "last_topic_ids": ["post_payment_no_access"], "last_secondary_topics": [], "dialog_phase": "discovery", "conversation_closed": false, "greeted": false, "active_flow": "none", "flow_step": "idle", "last_action_name": "post_payment_no_access_handoff", "same_action_repeats": 1, "manager_handoff_stage": "none", "evidence_status": "knowledge_context", "active_request_kind": "post_payment_support", "document_contact_collected": false, "last_bot_question_type": "unknown", "last_mentioned_brand": "", "last_focus_topic": "post_payment_no_access", "last_context_gist": "Клиент сообщает об оплате и отсутствии доступа к сервису.", "last_context_meaning": "Клиент подтверждает оплату и сообщает о проблеме с доступом.", "last_context_fallback_used": false, "last_context_fallback_reason": "", "active_business_flow": "pricing_tis", "active_pricing_flow": "tis", "pricing_requested_product": "tis", "requested_brands": ["оплатил", "но доступа нет"], "recognized_brands": [], "unknown_brand_mentions": ["Оплатил", "но доступа нет"], "missing_price_brands": [], "priced_brands": [], "pending_brand_mentions": ["Оплатил", "но доступа нет"], "pricing_mode": "all", "pricing_flow": {"active": true, "product": "tis", "mode": "all", "stage": "pricing_all", "brand_mentions": [{"raw_text": "Оплатил", "normalized_key": "оплатил", "recognized": false, "display_name": "Оплатил", "canonical_brand": ""}, {"raw_text": "но доступа нет", "normalized_key": "но доступа нет", "recognized": false, "display_name": "но доступа нет", "canonical_brand": ""}], "brand_items": [{"canonical_brand": "", "display_name": "Оплатил", "raw_surface": "Оплатил", "recognized": false, "has_price": false, "processed": false, "status": "unresolved"}, {"canonical_brand": "", "display_name": "но доступа нет", "raw_surface": "но доступа нет", "recognized": false, "has_price": false, "processed": false, "status": "unresolved"}], "raw_brand_mentions": ["Оплатил", "но доступа нет"], "requested_brand_keys": ["оплатил", "но доступа нет"], "recognized_brands": [], "unknown_brand_mentions": ["Оплатил", "но доступа нет"], "priced_brands": [], "missing_price_brands": [], "pending_brand_mentions": ["Оплатил", "но доступа нет"], "processed_brand_mentions": [], "remaining_brand_mentions": ["Оплатил", "но доступа нет"]}, "service_semantic_memory": {}, "slots": {"raw_brand_mentions": ["Оплатил", "но доступа нет"], "brand_mentions": [{"raw_text": "Оплатил", "normalized_key": "оплатил", "recognized": false, "display_name": "Оплатил", "canonical_brand": ""}, {"raw_text": "но доступа нет", "normalized_key": "но доступа нет", "recognized": false, "display_name": "но доступа нет", "canonical_brand": ""}], "requested_brand_keys": ["оплатил", "но доступа нет"], "unknown_brand_mentions": ["Оплатил", "но доступа нет"]}}
state_after_classification: {"client_type": "unknown", "legal_entity_confirmed": false, "purchase_active": false, "purchase_stage": "unknown", "last_question_type": "unknown", "last_primary_topic": "nonsense_input", "last_topic_ids": ["nonsense_input"], "last_secondary_topics": [], "dialog_phase": "discovery", "conversation_closed": false, "greeted": false, "active_flow": "none", "flow_step": "idle", "last_action_name": "post_payment_no_access_handoff", "same_action_repeats": 1, "manager_handoff_stage": "none", "evidence_status": "knowledge_context", "active_request_kind": "nonsense_input", "document_contact_collected": false, "last_bot_question_type": "unknown", "last_mentioned_brand": "", "last_focus_topic": "nonsense_input", "last_context_gist": "Клиент предоставил номер телефона для проверки оплаты доступа к сервису.", "last_context_meaning": "Клиент повторно предоставил номер телефона, возможно, из-за ошибки или для подтверждения.", "last_context_fallback_used": false, "last_context_fallback_reason": "", "active_business_flow": "pricing_tis", "active_pricing_flow": "tis", "pricing_requested_product": "tis", "requested_brands": ["оплатил", "но доступа нет"], "recognized_brands": [], "unknown_brand_mentions": ["Оплатил", "но доступа нет"], "missing_price_brands": [], "priced_brands": [], "pending_brand_mentions": ["Оплатил", "но доступа нет"], "pricing_mode": "all", "pricing_flow": {"active": true, "product": "tis", "mode": "all", "stage": "pricing_all", "brand_mentions": [{"raw_text": "Оплатил", "normalized_key": "оплатил", "recognized": false, "display_name": "Оплатил", "canonical_brand": ""}, {"raw_text": "но доступа нет", "normalized_key": "но доступа нет", "recognized": false, "display_name": "но доступа нет", "canonical_brand": ""}], "brand_items": [{"canonical_brand": "", "display_name": "Оплатил", "raw_surface": "Оплатил", "recognized": false, "has_price": false, "processed": false, "status": "unresolved"}, {"canonical_brand": "", "display_name": "но доступа нет", "raw_surface": "но доступа нет", "recognized": false, "has_price": false, "processed": false, "status": "unresolved"}], "raw_brand_mentions": ["Оплатил", "но доступа нет"], "requested_brand_keys": ["оплатил", "но доступа нет"], "recognized_brands": [], "unknown_brand_mentions": ["Оплатил", "но доступа нет"], "priced_brands": [], "missing_price_brands": [], "pending_brand_mentions": ["Оплатил", "но доступа нет"], "processed_brand_mentions": [], "remaining_brand_mentions": ["Оплатил", "но доступа нет"]}, "service_semantic_memory": {}, "slots": {"raw_brand_mentions": ["Оплатил", "но доступа нет"], "brand_mentions": [{"raw_text": "Оплатил", "normalized_key": "оплатил", "recognized": false, "display_name": "Оплатил", "canonical_brand": ""}, {"raw_text": "но доступа нет", "normalized_key": "но доступа нет", "recognized": false, "display_name": "но доступа нет", "canonical_brand": ""}], "requested_brand_keys": ["оплатил", "но доступа нет"], "unknown_brand_mentions": ["Оплатил", "но доступа нет"]}}
state_after_response: {"client_type": "unknown", "legal_entity_confirmed": false, "purchase_active": false, "purchase_stage": "unknown", "last_question_type": "unknown", "last_primary_topic": "nonsense_input", "last_topic_ids": ["nonsense_input"], "last_secondary_topics": [], "dialog_phase": "discovery", "conversation_closed": false, "greeted": false, "active_flow": "none", "flow_step": "idle", "last_action_name": "clarify_request", "same_action_repeats": 1, "manager_handoff_stage": "none", "evidence_status": "knowledge_context", "active_request_kind": "nonsense_input", "document_contact_collected": false, "last_bot_question_type": "unknown", "last_mentioned_brand": "", "last_focus_topic": "nonsense_input", "last_context_gist": "Клиент предоставил номер телефона для проверки оплаты доступа к сервису.", "last_context_meaning": "Клиент повторно предоставил номер телефона, возможно, из-за ошибки или для подтверждения.", "last_context_fallback_used": false, "last_context_fallback_reason": "", "active_business_flow": "pricing_tis", "active_pricing_flow": "tis", "pricing_requested_product": "tis", "requested_brands": ["оплатил", "но доступа нет"], "recognized_brands": [], "unknown_brand_mentions": ["Оплатил", "но доступа нет"], "missing_price_brands": [], "priced_brands": [], "pending_brand_mentions": ["Оплатил", "но доступа нет"], "pricing_mode": "all", "pricing_flow": {"active": true, "product": "tis", "mode": "all", "stage": "pricing_all", "brand_mentions": [{"raw_text": "Оплатил", "normalized_key": "оплатил", "recognized": false, "display_name": "Оплатил", "canonical_brand": ""}, {"raw_text": "но доступа нет", "normalized_key": "но доступа нет", "recognized": false, "display_name": "но доступа нет", "canonical_brand": ""}], "brand_items": [{"canonical_brand": "", "display_name": "Оплатил", "raw_surface": "Оплатил", "recognized": false, "has_price": false, "processed": false, "status": "unresolved"}, {"canonical_brand": "", "display_name": "но доступа нет", "raw_surface": "но доступа нет", "recognized": false, "has_price": false, "processed": false, "status": "unresolved"}], "raw_brand_mentions": ["Оплатил", "но доступа нет"], "requested_brand_keys": ["оплатил", "но доступа нет"], "recognized_brands": [], "unknown_brand_mentions": ["Оплатил", "но доступа нет"], "priced_brands": [], "missing_price_brands": [], "pending_brand_mentions": ["Оплатил", "но доступа нет"], "processed_brand_mentions": [], "remaining_brand_mentions": ["Оплатил", "но доступа нет"]}, "service_semantic_memory": {}, "slots": {"raw_brand_mentions": ["Оплатил", "но доступа нет"], "brand_mentions": [{"raw_text": "Оплатил", "normalized_key": "оплатил", "recognized": false, "display_name": "Оплатил", "canonical_brand": ""}, {"raw_text": "но доступа нет", "normalized_key": "но доступа нет", "recognized": false, "display_name": "но доступа нет", "canonical_brand": ""}], "requested_brand_keys": ["оплатил", "но доступа нет"], "unknown_brand_mentions": ["Оплатил", "но доступа нет"]}}
answer_selection_trace: {"llm_answer": "Уточните, пожалуйста, что именно вас интересует: каталоги EPC, TIS, проверка бренда, оформление доступа или вопрос по оплате.", "fallback_answer": "Уточните, пожалуйста, что именно вас интересует: каталоги EPC, TIS, проверка бренда, оформление доступа или вопрос по оплате.", "deterministic_answer": "Уточните, пожалуйста, что именно вас интересует: каталоги EPC, TIS, проверка бренда, оформление доступа или вопрос по оплате.", "validator_passed": true, "selected_source": "llm", "selection_reason": "LLM answer preserved mandatory meaning and action compatibility.", "mandatory_blocks": [], "llm_validation": {}, "action_compatible": true, "validator_trace": {"is_valid": true, "blocker_hits": [], "missing_required": []}, "final_answer_source": "llm", "hard_deterministic_pricing": false, "hard_deterministic_service": false, "hard_locked_action": false}
pricing_flow_trace: {"active": true, "product": "tis", "mode": "all", "stage": "pricing_all", "brand_mentions": [{"raw_text": "Оплатил", "normalized_key": "оплатил", "recognized": false, "display_name": "Оплатил", "canonical_brand": ""}, {"raw_text": "но доступа нет", "normalized_key": "но доступа нет", "recognized": false, "display_name": "но доступа нет", "canonical_brand": ""}], "brand_items": [{"canonical_brand": "", "display_name": "Оплатил", "raw_surface": "Оплатил", "recognized": false, "has_price": false, "processed": false, "status": "unresolved"}, {"canonical_brand": "", "display_name": "но доступа нет", "raw_surface": "но доступа нет", "recognized": false, "has_price": false, "processed": false, "status": "unresolved"}], "raw_brand_mentions": ["Оплатил", "но доступа нет"], "requested_brand_keys": ["оплатил", "но доступа нет"], "recognized_brands": [], "unknown_brand_mentions": ["Оплатил", "но доступа нет"], "priced_brands": [], "missing_price_brands": [], "pending_brand_mentions": ["Оплатил", "но доступа нет"], "processed_brand_mentions": [], "remaining_brand_mentions": ["Оплатил", "но доступа нет"]}
product_context_trace: {"raw_query": "+7911111", "requested_products": [], "raw_brand_mentions": [], "mentioned_brands": [], "unknown_brand_mentions": [], "brand_display": [], "asks_price": false, "asks_availability": false, "asks_comparison": false, "partial_access_requested": false, "partial_package_requested": false, "partial_epc_requested": false, "inferred_product_context": "", "unsupported_brand_group": "", "unknown_brand_query": "", "tis_price_status": "not_requested", "fallback_price_blocks": []}


SCENARIO: стоп, я хочу сначала знать, что я получу от этого
SESSION_ID: user_yjzffqh
--------------------------------------------------------------------------------
TURN 1
user_query: привет, хочу каталог
agent_zero_turn_type: service_discovery_continue
agent_zero_subtype: 
classifier_source: direct_json
topic_ids: ["catalog_list_request"]
selected_action: catalog_list_info
answer_text: Здравствуйте! У нас есть два каталога: EPC Full (оригинальные запчасти и схемы) и TIS (техническая документация и инструкции по ремонту). Какой из них вас интересует?
followup_trace: {"is_followup": false, "followup_type": "unknown_followup", "input": "привет, хочу каталог", "state_before": {"last_mentioned_brand": "", "last_topic_ids": [], "last_action_name": "", "last_bot_question_type": "unknown", "active_request_kind": "none", "manager_handoff_stage": "none"}, "inherited_brand": "", "suggested_topics": [], "reason": "No follow-up rule matched."}
dialog_act_trace: {}
shortlist_selected_scores: [{"topic_id": "catalog_list_request", "label_ru": "Список каталогов", "score": 0.587047, "lexical_score": 0.587047, "semantic_boost": 0.0, "semantic_penalty": 0.0, "continuity_boost": 0.0, "overlap": 0.333333, "jaccard": 0.055556, "avoid_overlap": 0.0, "matched_tokens": ["каталог"], "score_breakdown": {"query": 0.363889, "meaning": 0.278947, "brand_boost": 0.0, "query_boost": 0.0, "final": 0.587047}}, {"topic_id": "free_catalog_comparison", "label_ru": "Сравнение с бесплатными каталогами", "score": 0.57558, "lexical_score": 0.57558, "semantic_boost": 0.0, "semantic_penalty": 0.0, "continuity_boost": 0.0, "overlap": 0.333333, "jaccard": 0.043478, "avoid_overlap": 0.0, "matched_tokens": ["каталог"], "score_breakdown": {"query": 0.357246, "meaning": 0.272917, "brand_boost": 0.0, "query_boost": 0.0, "final": 0.57558}}, {"topic_id": "partial_catalog_request", "label_ru": "Только один бренд", "score": 0.566966, "lexical_score": 0.566966, "semantic_boost": 0.0, "semantic_penalty": 0.0, "continuity_boost": 0.0, "overlap": 0.333333, "jaccard": 0.034483, "avoid_overlap": 0.0, "matched_tokens": ["каталог"], "score_breakdown": {"query": 0.352299, "meaning": 0.268333, "brand_boost": 0.0, "query_boost": 0.0, "final": 0.566966}}, {"topic_id": "specific_brand_check", "label_ru": "Проверка конкретного бренда", "score": 0.390797, "lexical_score": 0.390797, "semantic_boost": 0.0, "semantic_penalty": 0.0, "continuity_boost": 0.0, "overlap": 0.333333, "jaccard": 0.045455, "avoid_overlap": 0.333333, "matched_tokens": ["каталог"], "score_breakdown": {"query": 0.241667, "meaning": 0.186413, "brand_boost": 0.0, "query_boost": 0.0, "final": 0.390797}}, {"topic_id": "subscription_renewal", "label_ru": "Продление подписки", "score": 0.379167, "lexical_score": 0.379167, "semantic_boost": 0.0, "semantic_penalty": 0.0, "continuity_boost": 0.0, "overlap": 0.333333, "jaccard": 0.083333, "avoid_overlap": 0.0, "matched_tokens": ["хочу"], "score_breakdown": {"query": 0.379167, "meaning": 0.0, "brand_boost": 0.0, "query_boost": 0.0, "final": 0.379167}}, {"topic_id": "physical_person_purchase", "label_ru": "Покупка как физлицо", "score": 0.365686, "lexical_score": 0.365686, "semantic_boost": 0.0, "semantic_penalty": 0.0, "continuity_boost": 0.0, "overlap": 0.333333, "jaccard": 0.058824, "avoid_overlap": 0.0, "matched_tokens": ["хочу"], "score_breakdown": {"query": 0.365686, "meaning": 0.0, "brand_boost": 0.0, "query_boost": 0.0, "final": 0.365686}}, {"topic_id": "purchase_ready", "label_ru": "Готовность к покупке", "score": 0.352299, "lexical_score": 0.352299, "semantic_boost": 0.0, "semantic_penalty": 0.0, "continuity_boost": 0.0, "overlap": 0.333333, "jaccard": 0.034483, "avoid_overlap": 0.0, "matched_tokens": ["хочу"], "score_breakdown": {"query": 0.352299, "meaning": 0.0, "brand_boost": 0.0, "query_boost": 0.0, "final": 0.352299}}, {"topic_id": "human_operator_request", "label_ru": "Перевод на менеджера", "score": 0.346124, "lexical_score": 0.346124, "semantic_boost": 0.0, "semantic_penalty": 0.0, "continuity_boost": 0.0, "overlap": 0.333333, "jaccard": 0.023256, "avoid_overlap": 0.0, "matched_tokens": ["хочу"], "score_breakdown": {"query": 0.346124, "meaning": 0.0, "brand_boost": 0.0, "query_boost": 0.0, "final": 0.346124}}]
shortlist_skipped: null
shortlist_skip_reason: null
state_before: {"client_type": "unknown", "legal_entity_confirmed": false, "purchase_active": false, "purchase_stage": "unknown", "last_question_type": "unknown", "last_primary_topic": "out_of_scope_request", "last_topic_ids": [], "last_secondary_topics": [], "dialog_phase": "discovery", "conversation_closed": false, "greeted": false, "active_flow": "none", "flow_step": "idle", "last_action_name": "", "same_action_repeats": 0, "manager_handoff_stage": "none", "evidence_status": "unknown", "active_request_kind": "none", "document_contact_collected": false, "last_bot_question_type": "unknown", "last_mentioned_brand": "", "last_focus_topic": "out_of_scope_request", "last_context_gist": "", "last_context_meaning": "", "last_context_fallback_used": false, "last_context_fallback_reason": "", "active_business_flow": "none", "active_pricing_flow": "none", "pricing_requested_product": "", "requested_brands": [], "recognized_brands": [], "unknown_brand_mentions": [], "missing_price_brands": [], "priced_brands": [], "pending_brand_mentions": [], "pricing_mode": "all", "pricing_flow": {}, "service_semantic_memory": {}, "slots": {}}
state_after_classification: {"client_type": "unknown", "legal_entity_confirmed": false, "purchase_active": false, "purchase_stage": "unknown", "last_question_type": "unknown", "last_primary_topic": "catalog_list_request", "last_topic_ids": ["catalog_list_request"], "last_secondary_topics": [], "dialog_phase": "discovery", "conversation_closed": false, "greeted": false, "active_flow": "none", "flow_step": "idle", "last_action_name": "", "same_action_repeats": 0, "manager_handoff_stage": "none", "evidence_status": "unknown", "active_request_kind": "catalog_list_request", "document_contact_collected": false, "last_bot_question_type": "unknown", "last_mentioned_brand": "", "last_focus_topic": "catalog_list_request", "last_context_gist": "Клиент обратился с запросом на каталог.", "last_context_meaning": "Клиент выражает заинтересованность в получении каталога.", "last_context_fallback_used": false, "last_context_fallback_reason": "", "active_business_flow": "pricing_tis", "active_pricing_flow": "tis", "pricing_requested_product": "tis", "requested_brands": ["привет", "хочу каталог"], "recognized_brands": [], "unknown_brand_mentions": ["привет", "хочу каталог"], "missing_price_brands": [], "priced_brands": [], "pending_brand_mentions": ["привет", "хочу каталог"], "pricing_mode": "all", "pricing_flow": {"active": true, "product": "tis", "mode": "all", "stage": "pricing_all", "brand_mentions": [{"raw_text": "привет", "normalized_key": "привет", "recognized": false, "display_name": "привет", "canonical_brand": ""}, {"raw_text": "хочу каталог", "normalized_key": "хочу каталог", "recognized": false, "display_name": "хочу каталог", "canonical_brand": ""}], "brand_items": [{"canonical_brand": "", "display_name": "привет", "raw_surface": "привет", "recognized": false, "has_price": false, "processed": false, "status": "unresolved"}, {"canonical_brand": "", "display_name": "хочу каталог", "raw_surface": "хочу каталог", "recognized": false, "has_price": false, "processed": false, "status": "unresolved"}], "raw_brand_mentions": ["привет", "хочу каталог"], "requested_brand_keys": ["привет", "хочу каталог"], "recognized_brands": [], "unknown_brand_mentions": ["привет", "хочу каталог"], "priced_brands": [], "missing_price_brands": [], "pending_brand_mentions": ["привет", "хочу каталог"], "processed_brand_mentions": [], "remaining_brand_mentions": ["привет", "хочу каталог"]}, "service_semantic_memory": {}, "slots": {"raw_brand_mentions": ["привет", "хочу каталог"], "brand_mentions": [{"raw_text": "привет", "normalized_key": "привет", "recognized": false, "display_name": "привет", "canonical_brand": ""}, {"raw_text": "хочу каталог", "normalized_key": "хочу каталог", "recognized": false, "display_name": "хочу каталог", "canonical_brand": ""}], "requested_brand_keys": ["привет", "хочу каталог"], "unknown_brand_mentions": ["привет", "хочу каталог"]}}
state_after_response: {"client_type": "unknown", "legal_entity_confirmed": false, "purchase_active": false, "purchase_stage": "unknown", "last_question_type": "unknown", "last_primary_topic": "catalog_list_request", "last_topic_ids": ["catalog_list_request"], "last_secondary_topics": [], "dialog_phase": "discovery", "conversation_closed": false, "greeted": false, "active_flow": "none", "flow_step": "idle", "last_action_name": "catalog_list_info", "same_action_repeats": 1, "manager_handoff_stage": "none", "evidence_status": "knowledge_context", "active_request_kind": "catalog_list_request", "document_contact_collected": false, "last_bot_question_type": "unknown", "last_mentioned_brand": "", "last_focus_topic": "catalog_list_request", "last_context_gist": "Клиент обратился с запросом на каталог.", "last_context_meaning": "Клиент выражает заинтересованность в получении каталога.", "last_context_fallback_used": false, "last_context_fallback_reason": "", "active_business_flow": "pricing_tis", "active_pricing_flow": "tis", "pricing_requested_product": "tis", "requested_brands": ["привет", "хочу каталог"], "recognized_brands": [], "unknown_brand_mentions": ["привет", "хочу каталог"], "missing_price_brands": [], "priced_brands": [], "pending_brand_mentions": ["привет", "хочу каталог"], "pricing_mode": "all", "pricing_flow": {"active": true, "product": "tis", "mode": "all", "stage": "pricing_all", "brand_mentions": [{"raw_text": "привет", "normalized_key": "привет", "recognized": false, "display_name": "привет", "canonical_brand": ""}, {"raw_text": "хочу каталог", "normalized_key": "хочу каталог", "recognized": false, "display_name": "хочу каталог", "canonical_brand": ""}], "brand_items": [{"canonical_brand": "", "display_name": "привет", "raw_surface": "привет", "recognized": false, "has_price": false, "processed": false, "status": "unresolved"}, {"canonical_brand": "", "display_name": "хочу каталог", "raw_surface": "хочу каталог", "recognized": false, "has_price": false, "processed": false, "status": "unresolved"}], "raw_brand_mentions": ["привет", "хочу каталог"], "requested_brand_keys": ["привет", "хочу каталог"], "recognized_brands": [], "unknown_brand_mentions": ["привет", "хочу каталог"], "priced_brands": [], "missing_price_brands": [], "pending_brand_mentions": ["привет", "хочу каталог"], "processed_brand_mentions": [], "remaining_brand_mentions": ["привет", "хочу каталог"]}, "service_semantic_memory": {}, "slots": {"raw_brand_mentions": ["привет", "хочу каталог"], "brand_mentions": [{"raw_text": "привет", "normalized_key": "привет", "recognized": false, "display_name": "привет", "canonical_brand": ""}, {"raw_text": "хочу каталог", "normalized_key": "хочу каталог", "recognized": false, "display_name": "хочу каталог", "canonical_brand": ""}], "requested_brand_keys": ["привет", "хочу каталог"], "unknown_brand_mentions": ["привет", "хочу каталог"]}}
answer_selection_trace: {"llm_answer": "У нас есть два каталога: EPC Full (оригинальные запчасти и схемы) и TIS (техническая документация и инструкции по ремонту). Какой из них вас интересует?", "fallback_answer": "У нас есть два продукта: EPC Full и TIS. EPC Full — каталог оригинальных запчастей и схем. TIS — техническая документация и инструкции по ремонту.", "deterministic_answer": "У нас есть два продукта: EPC Full и TIS. EPC Full — каталог оригинальных запчастей и схем. TIS — техническая документация и инструкции по ремонту.", "validator_passed": true, "selected_source": "llm", "selection_reason": "LLM answer preserved mandatory meaning and action compatibility.", "mandatory_blocks": [], "llm_validation": {}, "action_compatible": true, "validator_trace": {"is_valid": true, "blocker_hits": [], "missing_required": []}, "final_answer_source": "llm", "hard_deterministic_pricing": false, "hard_deterministic_service": false, "hard_locked_action": false}
pricing_flow_trace: {"active": true, "product": "tis", "mode": "all", "stage": "pricing_all", "brand_mentions": [{"raw_text": "привет", "normalized_key": "привет", "recognized": false, "display_name": "привет", "canonical_brand": ""}, {"raw_text": "хочу каталог", "normalized_key": "хочу каталог", "recognized": false, "display_name": "хочу каталог", "canonical_brand": ""}], "brand_items": [{"canonical_brand": "", "display_name": "привет", "raw_surface": "привет", "recognized": false, "has_price": false, "processed": false, "status": "unresolved"}, {"canonical_brand": "", "display_name": "хочу каталог", "raw_surface": "хочу каталог", "recognized": false, "has_price": false, "processed": false, "status": "unresolved"}], "raw_brand_mentions": ["привет", "хочу каталог"], "requested_brand_keys": ["привет", "хочу каталог"], "recognized_brands": [], "unknown_brand_mentions": ["привет", "хочу каталог"], "priced_brands": [], "missing_price_brands": [], "pending_brand_mentions": ["привет", "хочу каталог"], "processed_brand_mentions": [], "remaining_brand_mentions": ["привет", "хочу каталог"]}
product_context_trace: {"raw_query": "привет, хочу каталог", "requested_products": [], "raw_brand_mentions": ["привет", "хочу каталог"], "mentioned_brands": [], "unknown_brand_mentions": ["привет", "хочу каталог"], "brand_display": [], "asks_price": false, "asks_availability": false, "asks_comparison": false, "partial_access_requested": false, "partial_package_requested": false, "partial_epc_requested": false, "inferred_product_context": "", "unsupported_brand_group": "", "unknown_brand_query": "", "tis_price_status": "not_requested", "fallback_price_blocks": []}

TURN 2
user_query: запчасти подбирать хочу
agent_zero_turn_type: service_discovery_continue
agent_zero_subtype: parts_selection
classifier_source: direct_json
topic_ids: ["purchase_ready"]
selected_action: ask_legal_status
answer_text: Здравствуйте! Мы работаем только с юридическими лицами и ИП. Подскажите, пожалуйста, вы представитель юридического лица?
followup_trace: {"is_followup": false, "followup_type": "unknown_followup", "input": "запчасти подбирать хочу", "state_before": {"last_mentioned_brand": "", "last_topic_ids": ["catalog_list_request"], "last_action_name": "catalog_list_info", "last_bot_question_type": "unknown", "active_request_kind": "catalog_list_request", "manager_handoff_stage": "none"}, "inherited_brand": "", "suggested_topics": [], "reason": "No follow-up rule matched."}
dialog_act_trace: {}
shortlist_selected_scores: [{"topic_id": "physical_person_purchase", "label_ru": "Покупка как физлицо", "score": 0.500924, "lexical_score": 0.500924, "semantic_boost": 0.0, "semantic_penalty": 0.0, "continuity_boost": 0.0, "overlap": 0.333333, "jaccard": 0.058824, "avoid_overlap": 0.0, "matched_tokens": ["хочет", "хочу"], "score_breakdown": {"query": 0.365686, "meaning": 0.169048, "brand_boost": 0.0, "query_boost": 0.0, "final": 0.500924}}, {"topic_id": "purchase_ready", "label_ru": "Готовность к покупке", "score": 0.479918, "lexical_score": 0.479918, "semantic_boost": 0.0, "semantic_penalty": 0.0, "continuity_boost": 0.0, "overlap": 0.333333, "jaccard": 0.034483, "avoid_overlap": 0.0, "matched_tokens": ["хочет", "хочу"], "score_breakdown": {"query": 0.352299, "meaning": 0.159524, "brand_boost": 0.0, "query_boost": 0.0, "final": 0.479918}}, {"topic_id": "subscription_renewal", "label_ru": "Продление подписки", "score": 0.379167, "lexical_score": 0.379167, "semantic_boost": 0.0, "semantic_penalty": 0.0, "continuity_boost": 0.0, "overlap": 0.333333, "jaccard": 0.083333, "avoid_overlap": 0.0, "matched_tokens": ["хочу"], "score_breakdown": {"query": 0.379167, "meaning": 0.0, "brand_boost": 0.0, "query_boost": 0.0, "final": 0.379167}}, {"topic_id": "human_operator_request", "label_ru": "Перевод на менеджера", "score": 0.346124, "lexical_score": 0.346124, "semantic_boost": 0.0, "semantic_penalty": 0.0, "continuity_boost": 0.0, "overlap": 0.333333, "jaccard": 0.023256, "avoid_overlap": 0.0, "matched_tokens": ["хочу"], "score_breakdown": {"query": 0.346124, "meaning": 0.0, "brand_boost": 0.0, "query_boost": 0.0, "final": 0.346124}}, {"topic_id": "legal_entity_purchase_flow", "label_ru": "Оформление для юрлица", "score": 0.247702, "lexical_score": 0.247702, "semantic_boost": 0.0, "semantic_penalty": 0.0, "continuity_boost": 0.0, "overlap": 0.285714, "jaccard": 0.043478, "avoid_overlap": 0.0, "matched_tokens": ["запрос", "подтверждает"], "score_breakdown": {"query": 0.0, "meaning": 0.309627, "brand_boost": 0.0, "query_boost": 0.0, "final": 0.247702}}, {"topic_id": "payment_without_details", "label_ru": "Оплата без реквизитов", "score": 0.129458, "lexical_score": 0.129458, "semantic_boost": 0.0, "semantic_penalty": 0.0, "continuity_boost": 0.0, "overlap": 0.142857, "jaccard": 0.034483, "avoid_overlap": 0.0, "matched_tokens": ["хочет"], "score_breakdown": {"query": 0.0, "meaning": 0.161823, "brand_boost": 0.0, "query_boost": 0.0, "final": 0.129458}}, {"topic_id": "api_integration", "label_ru": "API и интеграция", "score": 0.0, "lexical_score": 0.0, "semantic_boost": 0.0, "semantic_penalty": 0.0, "continuity_boost": 0.0, "overlap": 0.0, "jaccard": 0.0, "avoid_overlap": 0.0, "matched_tokens": [], "score_breakdown": {"query": 0.0, "meaning": 0.0, "brand_boost": 0.0, "query_boost": 0.0, "final": 0.0}}, {"topic_id": "brand_list_request", "label_ru": "Список брендов", "score": 0.0, "lexical_score": 0.0, "semantic_boost": 0.0, "semantic_penalty": 0.0, "continuity_boost": 0.0, "overlap": 0.0, "jaccard": 0.0, "avoid_overlap": 0.0, "matched_tokens": [], "score_breakdown": {"query": 0.0, "meaning": 0.0, "brand_boost": 0.0, "query_boost": 0.0, "final": 0.0}}]
shortlist_skipped: null
shortlist_skip_reason: null
state_before: {"client_type": "unknown", "legal_entity_confirmed": false, "purchase_active": false, "purchase_stage": "unknown", "last_question_type": "unknown", "last_primary_topic": "catalog_list_request", "last_topic_ids": ["catalog_list_request"], "last_secondary_topics": [], "dialog_phase": "discovery", "conversation_closed": false, "greeted": false, "active_flow": "none", "flow_step": "idle", "last_action_name": "catalog_list_info", "same_action_repeats": 1, "manager_handoff_stage": "none", "evidence_status": "knowledge_context", "active_request_kind": "catalog_list_request", "document_contact_collected": false, "last_bot_question_type": "unknown", "last_mentioned_brand": "", "last_focus_topic": "catalog_list_request", "last_context_gist": "Клиент обратился с запросом на каталог.", "last_context_meaning": "Клиент выражает заинтересованность в получении каталога.", "last_context_fallback_used": false, "last_context_fallback_reason": "", "active_business_flow": "pricing_tis", "active_pricing_flow": "tis", "pricing_requested_product": "tis", "requested_brands": ["привет", "хочу каталог"], "recognized_brands": [], "unknown_brand_mentions": ["привет", "хочу каталог"], "missing_price_brands": [], "priced_brands": [], "pending_brand_mentions": ["привет", "хочу каталог"], "pricing_mode": "all", "pricing_flow": {"active": true, "product": "tis", "mode": "all", "stage": "pricing_all", "brand_mentions": [{"raw_text": "привет", "normalized_key": "привет", "recognized": false, "display_name": "привет", "canonical_brand": ""}, {"raw_text": "хочу каталог", "normalized_key": "хочу каталог", "recognized": false, "display_name": "хочу каталог", "canonical_brand": ""}], "brand_items": [{"canonical_brand": "", "display_name": "привет", "raw_surface": "привет", "recognized": false, "has_price": false, "processed": false, "status": "unresolved"}, {"canonical_brand": "", "display_name": "хочу каталог", "raw_surface": "хочу каталог", "recognized": false, "has_price": false, "processed": false, "status": "unresolved"}], "raw_brand_mentions": ["привет", "хочу каталог"], "requested_brand_keys": ["привет", "хочу каталог"], "recognized_brands": [], "unknown_brand_mentions": ["привет", "хочу каталог"], "priced_brands": [], "missing_price_brands": [], "pending_brand_mentions": ["привет", "хочу каталог"], "processed_brand_mentions": [], "remaining_brand_mentions": ["привет", "хочу каталог"]}, "service_semantic_memory": {}, "slots": {"raw_brand_mentions": ["привет", "хочу каталог"], "brand_mentions": [{"raw_text": "привет", "normalized_key": "привет", "recognized": false, "display_name": "привет", "canonical_brand": ""}, {"raw_text": "хочу каталог", "normalized_key": "хочу каталог", "recognized": false, "display_name": "хочу каталог", "canonical_brand": ""}], "requested_brand_keys": ["привет", "хочу каталог"], "unknown_brand_mentions": ["привет", "хочу каталог"]}}
state_after_classification: {"client_type": "unknown", "legal_entity_confirmed": false, "purchase_active": false, "purchase_stage": "unknown", "last_question_type": "unknown", "last_primary_topic": "purchase_ready", "last_topic_ids": ["purchase_ready"], "last_secondary_topics": [], "dialog_phase": "discovery", "conversation_closed": false, "greeted": false, "active_flow": "none", "flow_step": "idle", "last_action_name": "catalog_list_info", "same_action_repeats": 1, "manager_handoff_stage": "none", "evidence_status": "knowledge_context", "active_request_kind": "purchase_ready", "document_contact_collected": false, "last_bot_question_type": "unknown", "last_mentioned_brand": "", "last_focus_topic": "purchase_ready", "last_context_gist": "Клиент заинтересован в подборе запчастей и обсуждает, какой каталог ему нужен.", "last_context_meaning": "Клиент подтверждает, что хочет подбирать запчасти, уточняя свой запрос.", "last_context_fallback_used": false, "last_context_fallback_reason": "", "active_business_flow": "pricing_tis", "active_pricing_flow": "tis", "pricing_requested_product": "tis", "requested_brands": ["привет", "хочу каталог"], "recognized_brands": [], "unknown_brand_mentions": ["привет", "хочу каталог"], "missing_price_brands": [], "priced_brands": [], "pending_brand_mentions": ["привет", "хочу каталог"], "pricing_mode": "all", "pricing_flow": {"active": true, "product": "tis", "mode": "all", "stage": "pricing_all", "brand_mentions": [{"raw_text": "привет", "normalized_key": "привет", "recognized": false, "display_name": "привет", "canonical_brand": ""}, {"raw_text": "хочу каталог", "normalized_key": "хочу каталог", "recognized": false, "display_name": "хочу каталог", "canonical_brand": ""}], "brand_items": [{"canonical_brand": "", "display_name": "привет", "raw_surface": "привет", "recognized": false, "has_price": false, "processed": false, "status": "unresolved"}, {"canonical_brand": "", "display_name": "хочу каталог", "raw_surface": "хочу каталог", "recognized": false, "has_price": false, "processed": false, "status": "unresolved"}], "raw_brand_mentions": ["привет", "хочу каталог"], "requested_brand_keys": ["привет", "хочу каталог"], "recognized_brands": [], "unknown_brand_mentions": ["привет", "хочу каталог"], "priced_brands": [], "missing_price_brands": [], "pending_brand_mentions": ["привет", "хочу каталог"], "processed_brand_mentions": [], "remaining_brand_mentions": ["привет", "хочу каталог"]}, "service_semantic_memory": {}, "slots": {"raw_brand_mentions": ["привет", "хочу каталог"], "brand_mentions": [{"raw_text": "привет", "normalized_key": "привет", "recognized": false, "display_name": "привет", "canonical_brand": ""}, {"raw_text": "хочу каталог", "normalized_key": "хочу каталог", "recognized": false, "display_name": "хочу каталог", "canonical_brand": ""}], "requested_brand_keys": ["привет", "хочу каталог"], "unknown_brand_mentions": ["привет", "хочу каталог"]}}
state_after_response: {"client_type": "unknown", "legal_entity_confirmed": false, "purchase_active": false, "purchase_stage": "unknown", "last_question_type": "unknown", "last_primary_topic": "purchase_ready", "last_topic_ids": ["purchase_ready"], "last_secondary_topics": [], "dialog_phase": "discovery", "conversation_closed": false, "greeted": false, "active_flow": "none", "flow_step": "idle", "last_action_name": "ask_legal_status", "same_action_repeats": 1, "manager_handoff_stage": "none", "evidence_status": "knowledge_context", "active_request_kind": "checkout", "document_contact_collected": false, "last_bot_question_type": "legal_status_check", "last_mentioned_brand": "", "last_focus_topic": "purchase_ready", "last_context_gist": "Клиент заинтересован в подборе запчастей и обсуждает, какой каталог ему нужен.", "last_context_meaning": "Клиент подтверждает, что хочет подбирать запчасти, уточняя свой запрос.", "last_context_fallback_used": false, "last_context_fallback_reason": "", "active_business_flow": "purchase_flow", "active_pricing_flow": "tis", "pricing_requested_product": "tis", "requested_brands": ["привет", "хочу каталог"], "recognized_brands": [], "unknown_brand_mentions": ["привет", "хочу каталог"], "missing_price_brands": [], "priced_brands": [], "pending_brand_mentions": ["привет", "хочу каталог"], "pricing_mode": "all", "pricing_flow": {"active": true, "product": "tis", "mode": "all", "stage": "pricing_all", "brand_mentions": [{"raw_text": "привет", "normalized_key": "привет", "recognized": false, "display_name": "привет", "canonical_brand": ""}, {"raw_text": "хочу каталог", "normalized_key": "хочу каталог", "recognized": false, "display_name": "хочу каталог", "canonical_brand": ""}], "brand_items": [{"canonical_brand": "", "display_name": "привет", "raw_surface": "привет", "recognized": false, "has_price": false, "processed": false, "status": "unresolved"}, {"canonical_brand": "", "display_name": "хочу каталог", "raw_surface": "хочу каталог", "recognized": false, "has_price": false, "processed": false, "status": "unresolved"}], "raw_brand_mentions": ["привет", "хочу каталог"], "requested_brand_keys": ["привет", "хочу каталог"], "recognized_brands": [], "unknown_brand_mentions": ["привет", "хочу каталог"], "priced_brands": [], "missing_price_brands": [], "pending_brand_mentions": ["привет", "хочу каталог"], "processed_brand_mentions": [], "remaining_brand_mentions": ["привет", "хочу каталог"]}, "service_semantic_memory": {}, "slots": {"raw_brand_mentions": ["привет", "хочу каталог"], "brand_mentions": [{"raw_text": "привет", "normalized_key": "привет", "recognized": false, "display_name": "привет", "canonical_brand": ""}, {"raw_text": "хочу каталог", "normalized_key": "хочу каталог", "recognized": false, "display_name": "хочу каталог", "canonical_brand": ""}], "requested_brand_keys": ["привет", "хочу каталог"], "unknown_brand_mentions": ["привет", "хочу каталог"]}}
answer_selection_trace: {"llm_answer": "Мы работаем только с юридическими лицами и ИП. Подскажите, пожалуйста, вы представитель юридического лица?", "fallback_answer": "Мы работаем только с юридическими лицами и ИП. Подскажите, пожалуйста, вы представитель юридического лица?", "deterministic_answer": "Мы работаем только с юридическими лицами и ИП. Подскажите, пожалуйста, вы представитель юридического лица?", "validator_passed": true, "selected_source": "deterministic", "selection_reason": "Locked business action enforced deterministic answer ownership.", "mandatory_blocks": [{"key": "ask_legal_status", "required_phrases": ["юрлицо", "ИП"], "semantic_tags": []}], "llm_validation": {"ask_legal_status": true}, "action_compatible": true, "validator_trace": {"is_valid": true, "blocker_hits": [], "missing_required": []}, "final_answer_source": "deterministic", "hard_deterministic_pricing": false, "hard_deterministic_service": false, "hard_locked_action": true}
pricing_flow_trace: {"active": true, "product": "tis", "mode": "all", "stage": "pricing_all", "brand_mentions": [{"raw_text": "привет", "normalized_key": "привет", "recognized": false, "display_name": "привет", "canonical_brand": ""}, {"raw_text": "хочу каталог", "normalized_key": "хочу каталог", "recognized": false, "display_name": "хочу каталог", "canonical_brand": ""}], "brand_items": [{"canonical_brand": "", "display_name": "привет", "raw_surface": "привет", "recognized": false, "has_price": false, "processed": false, "status": "unresolved"}, {"canonical_brand": "", "display_name": "хочу каталог", "raw_surface": "хочу каталог", "recognized": false, "has_price": false, "processed": false, "status": "unresolved"}], "raw_brand_mentions": ["привет", "хочу каталог"], "requested_brand_keys": ["привет", "хочу каталог"], "recognized_brands": [], "unknown_brand_mentions": ["привет", "хочу каталог"], "priced_brands": [], "missing_price_brands": [], "pending_brand_mentions": ["привет", "хочу каталог"], "processed_brand_mentions": [], "remaining_brand_mentions": ["привет", "хочу каталог"]}
product_context_trace: {"raw_query": "запчасти подбирать хочу", "requested_products": [], "raw_brand_mentions": [], "mentioned_brands": [], "unknown_brand_mentions": [], "brand_display": [], "asks_price": false, "asks_availability": false, "asks_comparison": false, "partial_access_requested": false, "partial_package_requested": false, "partial_epc_requested": false, "inferred_product_context": "", "unsupported_brand_group": "", "unknown_brand_query": "", "tis_price_status": "not_requested", "fallback_price_blocks": []}

TURN 3
user_query: да
agent_zero_turn_type: service_discovery_continue
agent_zero_subtype: 
classifier_source: direct_json
topic_ids: ["legal_entity_purchase_flow"]
selected_action: request_requisites
answer_text: Здравствуйте! Для оформления доступа, пожалуйста, пришлите ИНН вашей компании, телефон, имя контактного лица, желаемый период и количество доступов. Также уточните способ оплаты: выставить счет или оплатить по QR.
followup_trace: {"is_followup": false, "followup_type": "unknown_followup", "input": "да", "state_before": {"last_mentioned_brand": "", "last_topic_ids": ["purchase_ready"], "last_action_name": "ask_legal_status", "last_bot_question_type": "legal_status_check", "active_request_kind": "checkout", "manager_handoff_stage": "none"}, "inherited_brand": "", "suggested_topics": [], "reason": "No follow-up rule matched."}
dialog_act_trace: {}
shortlist_selected_scores: [{"topic_id": "legal_entity_purchase_flow", "label_ru": "Оформление для юрлица", "score": 2.383192, "lexical_score": 1.183192, "semantic_boost": 1.2, "semantic_penalty": 0.0, "continuity_boost": 0.0, "overlap": 1.0, "jaccard": 0.02439, "avoid_overlap": 0.0, "matched_tokens": ["да", "юрлиц"], "score_breakdown": {"query": 1.013415, "meaning": 0.212222, "brand_boost": 0.0, "query_boost": 1.2, "final": 2.383192}}, {"topic_id": "purchase_ready", "label_ru": "Готовность к покупке", "score": 0.46, "lexical_score": 0.0, "semantic_boost": 0.46, "semantic_penalty": 0.0, "continuity_boost": 0.0, "overlap": 0.0, "jaccard": 0.0, "avoid_overlap": 0.2, "matched_tokens": [], "score_breakdown": {"query": 0.0, "meaning": 0.0, "brand_boost": 0.0, "query_boost": 0.46, "final": 0.46}}, {"topic_id": "physical_person_purchase", "label_ru": "Покупка как физлицо", "score": 0.183158, "lexical_score": 0.183158, "semantic_boost": 0.0, "semantic_penalty": 0.0, "continuity_boost": 0.0, "overlap": 0.2, "jaccard": 0.052632, "avoid_overlap": 0.0, "matched_tokens": ["юрлиц"], "score_breakdown": {"query": 0.0, "meaning": 0.228947, "brand_boost": 0.0, "query_boost": 0.0, "final": 0.183158}}, {"topic_id": "api_integration", "label_ru": "API и интеграция", "score": 0.0, "lexical_score": 0.0, "semantic_boost": 0.0, "semantic_penalty": 0.0, "continuity_boost": 0.0, "overlap": 0.0, "jaccard": 0.0, "avoid_overlap": 0.0, "matched_tokens": [], "score_breakdown": {"query": 0.0, "meaning": 0.0, "brand_boost": 0.0, "query_boost": 0.0, "final": 0.0}}, {"topic_id": "brand_list_request", "label_ru": "Список брендов", "score": 0.0, "lexical_score": 0.0, "semantic_boost": 0.0, "semantic_penalty": 0.0, "continuity_boost": 0.0, "overlap": 0.0, "jaccard": 0.0, "avoid_overlap": 0.0, "matched_tokens": [], "score_breakdown": {"query": 0.0, "meaning": 0.0, "brand_boost": 0.0, "query_boost": 0.0, "final": 0.0}}, {"topic_id": "catalog_list_request", "label_ru": "Список каталогов", "score": 0.0, "lexical_score": 0.0, "semantic_boost": 0.0, "semantic_penalty": 0.0, "continuity_boost": 0.0, "overlap": 0.0, "jaccard": 0.0, "avoid_overlap": 0.0, "matched_tokens": [], "score_breakdown": {"query": 0.0, "meaning": 0.0, "brand_boost": 0.0, "query_boost": 0.0, "final": 0.0}}, {"topic_id": "company_services_info", "label_ru": "Возможности сервиса", "score": 0.0, "lexical_score": 0.0, "semantic_boost": 0.0, "semantic_penalty": 0.0, "continuity_boost": 0.0, "overlap": 0.0, "jaccard": 0.0, "avoid_overlap": 0.0, "matched_tokens": [], "score_breakdown": {"query": 0.0, "meaning": 0.0, "brand_boost": 0.0, "query_boost": 0.0, "final": 0.0}}, {"topic_id": "competitor_choice", "label_ru": "Выбор конкурента", "score": 0.0, "lexical_score": 0.0, "semantic_boost": 0.0, "semantic_penalty": 0.0, "continuity_boost": 0.0, "overlap": 0.0, "jaccard": 0.0, "avoid_overlap": 0.0, "matched_tokens": [], "score_breakdown": {"query": 0.0, "meaning": 0.0, "brand_boost": 0.0, "query_boost": 0.0, "final": 0.0}}]
shortlist_skipped: null
shortlist_skip_reason: null
state_before: {"client_type": "unknown", "legal_entity_confirmed": false, "purchase_active": false, "purchase_stage": "unknown", "last_question_type": "unknown", "last_primary_topic": "purchase_ready", "last_topic_ids": ["purchase_ready"], "last_secondary_topics": [], "dialog_phase": "discovery", "conversation_closed": false, "greeted": false, "active_flow": "none", "flow_step": "idle", "last_action_name": "ask_legal_status", "same_action_repeats": 1, "manager_handoff_stage": "none", "evidence_status": "knowledge_context", "active_request_kind": "checkout", "document_contact_collected": false, "last_bot_question_type": "legal_status_check", "last_mentioned_brand": "", "last_focus_topic": "purchase_ready", "last_context_gist": "Клиент заинтересован в подборе запчастей и обсуждает, какой каталог ему нужен.", "last_context_meaning": "Клиент подтверждает, что хочет подбирать запчасти, уточняя свой запрос.", "last_context_fallback_used": false, "last_context_fallback_reason": "", "active_business_flow": "purchase_flow", "active_pricing_flow": "tis", "pricing_requested_product": "tis", "requested_brands": ["привет", "хочу каталог"], "recognized_brands": [], "unknown_brand_mentions": ["привет", "хочу каталог"], "missing_price_brands": [], "priced_brands": [], "pending_brand_mentions": ["привет", "хочу каталог"], "pricing_mode": "all", "pricing_flow": {"active": true, "product": "tis", "mode": "all", "stage": "pricing_all", "brand_mentions": [{"raw_text": "привет", "normalized_key": "привет", "recognized": false, "display_name": "привет", "canonical_brand": ""}, {"raw_text": "хочу каталог", "normalized_key": "хочу каталог", "recognized": false, "display_name": "хочу каталог", "canonical_brand": ""}], "brand_items": [{"canonical_brand": "", "display_name": "привет", "raw_surface": "привет", "recognized": false, "has_price": false, "processed": false, "status": "unresolved"}, {"canonical_brand": "", "display_name": "хочу каталог", "raw_surface": "хочу каталог", "recognized": false, "has_price": false, "processed": false, "status": "unresolved"}], "raw_brand_mentions": ["привет", "хочу каталог"], "requested_brand_keys": ["привет", "хочу каталог"], "recognized_brands": [], "unknown_brand_mentions": ["привет", "хочу каталог"], "priced_brands": [], "missing_price_brands": [], "pending_brand_mentions": ["привет", "хочу каталог"], "processed_brand_mentions": [], "remaining_brand_mentions": ["привет", "хочу каталог"]}, "service_semantic_memory": {}, "slots": {"raw_brand_mentions": ["привет", "хочу каталог"], "brand_mentions": [{"raw_text": "привет", "normalized_key": "привет", "recognized": false, "display_name": "привет", "canonical_brand": ""}, {"raw_text": "хочу каталог", "normalized_key": "хочу каталог", "recognized": false, "display_name": "хочу каталог", "canonical_brand": ""}], "requested_brand_keys": ["привет", "хочу каталог"], "unknown_brand_mentions": ["привет", "хочу каталог"]}}
state_after_classification: {"client_type": "unknown", "legal_entity_confirmed": false, "purchase_active": false, "purchase_stage": "unknown", "last_question_type": "unknown", "last_primary_topic": "legal_entity_purchase_flow", "last_topic_ids": ["legal_entity_purchase_flow"], "last_secondary_topics": [], "dialog_phase": "discovery", "conversation_closed": false, "greeted": false, "active_flow": "none", "flow_step": "idle", "last_action_name": "ask_legal_status", "same_action_repeats": 1, "manager_handoff_stage": "none", "evidence_status": "knowledge_context", "active_request_kind": "legal_entity_purchase_flow", "document_contact_collected": false, "last_bot_question_type": "unknown", "last_mentioned_brand": "", "last_focus_topic": "legal_entity_purchase_flow", "last_context_gist": "Клиент подтвердил, что является представителем юридического лица.", "last_context_meaning": "Клиент подтвердил, что он является представителем юридического лица.", "last_context_fallback_used": false, "last_context_fallback_reason": "", "active_business_flow": "pricing_tis", "active_pricing_flow": "tis", "pricing_requested_product": "tis", "requested_brands": ["привет", "хочу каталог"], "recognized_brands": [], "unknown_brand_mentions": ["привет", "хочу каталог"], "missing_price_brands": [], "priced_brands": [], "pending_brand_mentions": ["привет", "хочу каталог"], "pricing_mode": "all", "pricing_flow": {"active": true, "product": "tis", "mode": "all", "stage": "pricing_all", "brand_mentions": [{"raw_text": "привет", "normalized_key": "привет", "recognized": false, "display_name": "привет", "canonical_brand": ""}, {"raw_text": "хочу каталог", "normalized_key": "хочу каталог", "recognized": false, "display_name": "хочу каталог", "canonical_brand": ""}], "brand_items": [{"canonical_brand": "", "display_name": "привет", "raw_surface": "привет", "recognized": false, "has_price": false, "processed": false, "status": "unresolved"}, {"canonical_brand": "", "display_name": "хочу каталог", "raw_surface": "хочу каталог", "recognized": false, "has_price": false, "processed": false, "status": "unresolved"}], "raw_brand_mentions": ["привет", "хочу каталог"], "requested_brand_keys": ["привет", "хочу каталог"], "recognized_brands": [], "unknown_brand_mentions": ["привет", "хочу каталог"], "priced_brands": [], "missing_price_brands": [], "pending_brand_mentions": ["привет", "хочу каталог"], "processed_brand_mentions": [], "remaining_brand_mentions": ["привет", "хочу каталог"]}, "service_semantic_memory": {}, "slots": {"raw_brand_mentions": ["привет", "хочу каталог"], "brand_mentions": [{"raw_text": "привет", "normalized_key": "привет", "recognized": false, "display_name": "привет", "canonical_brand": ""}, {"raw_text": "хочу каталог", "normalized_key": "хочу каталог", "recognized": false, "display_name": "хочу каталог", "canonical_brand": ""}], "requested_brand_keys": ["привет", "хочу каталог"], "unknown_brand_mentions": ["привет", "хочу каталог"]}}
state_after_response: {"client_type": "unknown", "legal_entity_confirmed": false, "purchase_active": false, "purchase_stage": "unknown", "last_question_type": "unknown", "last_primary_topic": "legal_entity_purchase_flow", "last_topic_ids": ["legal_entity_purchase_flow"], "last_secondary_topics": [], "dialog_phase": "discovery", "conversation_closed": false, "greeted": false, "active_flow": "none", "flow_step": "idle", "last_action_name": "request_requisites", "same_action_repeats": 1, "manager_handoff_stage": "none", "evidence_status": "knowledge_context", "active_request_kind": "checkout", "document_contact_collected": false, "last_bot_question_type": "purchase_confirmation", "last_mentioned_brand": "", "last_focus_topic": "legal_entity_purchase_flow", "last_context_gist": "Клиент подтвердил, что является представителем юридического лица.", "last_context_meaning": "Клиент подтвердил, что он является представителем юридического лица.", "last_context_fallback_used": false, "last_context_fallback_reason": "", "active_business_flow": "purchase_flow", "active_pricing_flow": "tis", "pricing_requested_product": "tis", "requested_brands": ["привет", "хочу каталог"], "recognized_brands": [], "unknown_brand_mentions": ["привет", "хочу каталог"], "missing_price_brands": [], "priced_brands": [], "pending_brand_mentions": ["привет", "хочу каталог"], "pricing_mode": "all", "pricing_flow": {"active": true, "product": "tis", "mode": "all", "stage": "pricing_all", "brand_mentions": [{"raw_text": "привет", "normalized_key": "привет", "recognized": false, "display_name": "привет", "canonical_brand": ""}, {"raw_text": "хочу каталог", "normalized_key": "хочу каталог", "recognized": false, "display_name": "хочу каталог", "canonical_brand": ""}], "brand_items": [{"canonical_brand": "", "display_name": "привет", "raw_surface": "привет", "recognized": false, "has_price": false, "processed": false, "status": "unresolved"}, {"canonical_brand": "", "display_name": "хочу каталог", "raw_surface": "хочу каталог", "recognized": false, "has_price": false, "processed": false, "status": "unresolved"}], "raw_brand_mentions": ["привет", "хочу каталог"], "requested_brand_keys": ["привет", "хочу каталог"], "recognized_brands": [], "unknown_brand_mentions": ["привет", "хочу каталог"], "priced_brands": [], "missing_price_brands": [], "pending_brand_mentions": ["привет", "хочу каталог"], "processed_brand_mentions": [], "remaining_brand_mentions": ["привет", "хочу каталог"]}, "service_semantic_memory": {}, "slots": {"raw_brand_mentions": ["привет", "хочу каталог"], "brand_mentions": [{"raw_text": "привет", "normalized_key": "привет", "recognized": false, "display_name": "привет", "canonical_brand": ""}, {"raw_text": "хочу каталог", "normalized_key": "хочу каталог", "recognized": false, "display_name": "хочу каталог", "canonical_brand": ""}], "requested_brand_keys": ["привет", "хочу каталог"], "unknown_brand_mentions": ["привет", "хочу каталог"]}}
answer_selection_trace: {"llm_answer": "Для оформления доступа, пожалуйста, пришлите ИНН вашей компании, телефон, имя контактного лица, желаемый период и количество доступов. Также уточните способ оплаты: выставить счет или оплатить по QR.", "fallback_answer": "Для оформления доступа, пожалуйста, пришлите ИНН вашей компании, телефон, имя контактного лица, желаемый период и количество доступов. Также уточните способ оплаты: выставить счет или оплатить по QR.", "deterministic_answer": "Для оформления доступа, пожалуйста, пришлите ИНН вашей компании, телефон, имя контактного лица, желаемый период и количество доступов. Также уточните способ оплаты: выставить счет или оплатить по QR.", "validator_passed": true, "selected_source": "llm", "selection_reason": "LLM answer preserved mandatory meaning and action compatibility.", "mandatory_blocks": [], "llm_validation": {}, "action_compatible": true, "validator_trace": {"is_valid": true, "blocker_hits": [], "missing_required": []}, "final_answer_source": "llm", "hard_deterministic_pricing": false, "hard_deterministic_service": false, "hard_locked_action": false}
pricing_flow_trace: {"active": true, "product": "tis", "mode": "all", "stage": "pricing_all", "brand_mentions": [{"raw_text": "привет", "normalized_key": "привет", "recognized": false, "display_name": "привет", "canonical_brand": ""}, {"raw_text": "хочу каталог", "normalized_key": "хочу каталог", "recognized": false, "display_name": "хочу каталог", "canonical_brand": ""}], "brand_items": [{"canonical_brand": "", "display_name": "привет", "raw_surface": "привет", "recognized": false, "has_price": false, "processed": false, "status": "unresolved"}, {"canonical_brand": "", "display_name": "хочу каталог", "raw_surface": "хочу каталог", "recognized": false, "has_price": false, "processed": false, "status": "unresolved"}], "raw_brand_mentions": ["привет", "хочу каталог"], "requested_brand_keys": ["привет", "хочу каталог"], "recognized_brands": [], "unknown_brand_mentions": ["привет", "хочу каталог"], "priced_brands": [], "missing_price_brands": [], "pending_brand_mentions": ["привет", "хочу каталог"], "processed_brand_mentions": [], "remaining_brand_mentions": ["привет", "хочу каталог"]}
product_context_trace: {"raw_query": "да", "requested_products": [], "raw_brand_mentions": [], "mentioned_brands": [], "unknown_brand_mentions": [], "brand_display": [], "asks_price": false, "asks_availability": false, "asks_comparison": false, "partial_access_requested": false, "partial_package_requested": false, "partial_epc_requested": false, "inferred_product_context": "", "unsupported_brand_group": "", "unknown_brand_query": "", "tis_price_status": "not_requested", "fallback_price_blocks": []}

TURN 4
user_query: стоп, я хочу сначала знать, что я получу от этого
agent_zero_turn_type: clarification_pushback
agent_zero_subtype: information_request
classifier_source: direct_json
topic_ids: ["demo_access"]
selected_action: demo_policy
answer_text: Здравствуйте! Демо-доступ возможен для юридических лиц и ИП. Подтвердите, пожалуйста, ваш юридический статус, и я продолжу оформление.
followup_trace: {"is_followup": false, "followup_type": "unknown_followup", "input": "стоп, я хочу сначала знать, что я получу от этого", "state_before": {"last_mentioned_brand": "", "last_topic_ids": ["legal_entity_purchase_flow"], "last_action_name": "request_requisites", "last_bot_question_type": "purchase_confirmation", "active_request_kind": "checkout", "manager_handoff_stage": "none"}, "inherited_brand": "", "suggested_topics": [], "reason": "No follow-up rule matched."}
dialog_act_trace: {}
shortlist_selected_scores: [{"topic_id": "purchase_ready", "label_ru": "Готовность к покупке", "score": 0.387514, "lexical_score": 0.387514, "semantic_boost": 0.0, "semantic_penalty": 0.0, "continuity_boost": 0.0, "overlap": 0.222222, "jaccard": 0.058824, "avoid_overlap": 0.0, "matched_tokens": ["подписк", "просит", "хочу"], "score_breakdown": {"query": 0.183854, "meaning": 0.254575, "brand_boost": 0.0, "query_boost": 0.0, "final": 0.387514}}, {"topic_id": "subscription_renewal", "label_ru": "Продление подписки", "score": 0.316667, "lexical_score": 0.316667, "semantic_boost": 0.0, "semantic_penalty": 0.0, "continuity_boost": 0.0, "overlap": 0.166667, "jaccard": 0.066667, "avoid_overlap": 0.0, "matched_tokens": ["подписк", "хочу"], "score_breakdown": {"query": 0.203333, "meaning": 0.141667, "brand_boost": 0.0, "query_boost": 0.0, "final": 0.316667}}, {"topic_id": "human_operator_request", "label_ru": "Перевод на менеджера", "score": 0.276492, "lexical_score": 0.276492, "semantic_boost": 0.0, "semantic_penalty": 0.0, "continuity_boost": 0.0, "overlap": 0.166667, "jaccard": 0.021739, "avoid_overlap": 0.0, "matched_tokens": ["просит", "хочу"], "score_breakdown": {"query": 0.178623, "meaning": 0.122336, "brand_boost": 0.0, "query_boost": 0.0, "final": 0.276492}}, {"topic_id": "competitor_comparison", "label_ru": "Отличие от конкурентов", "score": 0.216039, "lexical_score": 0.216039, "semantic_boost": 0.0, "semantic_penalty": 0.0, "continuity_boost": 0.0, "overlap": 0.222222, "jaccard": 0.086957, "avoid_overlap": 0.0, "matched_tokens": ["просит", "чем"], "score_breakdown": {"query": 0.0, "meaning": 0.270048, "brand_boost": 0.0, "query_boost": 0.0, "final": 0.216039}}, {"topic_id": "no_private_sales_reason", "label_ru": "Почему не продаем физлицам", "score": 0.21037, "lexical_score": 0.21037, "semantic_boost": 0.0, "semantic_penalty": 0.0, "continuity_boost": 0.0, "overlap": 0.222222, "jaccard": 0.074074, "avoid_overlap": 0.0, "matched_tokens": ["просит", "чем"], "score_breakdown": {"query": 0.0, "meaning": 0.262963, "brand_boost": 0.0, "query_boost": 0.0, "final": 0.21037}}, {"topic_id": "physical_person_purchase", "label_ru": "Покупка как физлицо", "score": 0.194167, "lexical_score": 0.194167, "semantic_boost": 0.0, "semantic_penalty": 0.0, "continuity_boost": 0.0, "overlap": 0.166667, "jaccard": 0.05, "avoid_overlap": 0.111111, "matched_tokens": ["хочу"], "score_breakdown": {"query": 0.194167, "meaning": 0.0, "brand_boost": 0.0, "query_boost": 0.0, "final": 0.194167}}, {"topic_id": "demo_access", "label_ru": "Демо-доступ", "score": 0.116389, "lexical_score": 0.116389, "semantic_boost": 0.0, "semantic_penalty": 0.0, "continuity_boost": 0.0, "overlap": 0.111111, "jaccard": 0.0625, "avoid_overlap": 0.0, "matched_tokens": ["просит"], "score_breakdown": {"query": 0.0, "meaning": 0.145486, "brand_boost": 0.0, "query_boost": 0.0, "final": 0.116389}}, {"topic_id": "existing_contract_check", "label_ru": "Проверка договора", "score": 0.109841, "lexical_score": 0.109841, "semantic_boost": 0.0, "semantic_penalty": 0.0, "continuity_boost": 0.0, "overlap": 0.111111, "jaccard": 0.047619, "avoid_overlap": 0.0, "matched_tokens": ["просит"], "score_breakdown": {"query": 0.0, "meaning": 0.137302, "brand_boost": 0.0, "query_boost": 0.0, "final": 0.109841}}]
shortlist_skipped: null
shortlist_skip_reason: null
state_before: {"client_type": "unknown", "legal_entity_confirmed": false, "purchase_active": false, "purchase_stage": "unknown", "last_question_type": "unknown", "last_primary_topic": "legal_entity_purchase_flow", "last_topic_ids": ["legal_entity_purchase_flow"], "last_secondary_topics": [], "dialog_phase": "discovery", "conversation_closed": false, "greeted": false, "active_flow": "none", "flow_step": "idle", "last_action_name": "request_requisites", "same_action_repeats": 1, "manager_handoff_stage": "none", "evidence_status": "knowledge_context", "active_request_kind": "checkout", "document_contact_collected": false, "last_bot_question_type": "purchase_confirmation", "last_mentioned_brand": "", "last_focus_topic": "legal_entity_purchase_flow", "last_context_gist": "Клиент подтвердил, что является представителем юридического лица.", "last_context_meaning": "Клиент подтвердил, что он является представителем юридического лица.", "last_context_fallback_used": false, "last_context_fallback_reason": "", "active_business_flow": "purchase_flow", "active_pricing_flow": "tis", "pricing_requested_product": "tis", "requested_brands": ["привет", "хочу каталог"], "recognized_brands": [], "unknown_brand_mentions": ["привет", "хочу каталог"], "missing_price_brands": [], "priced_brands": [], "pending_brand_mentions": ["привет", "хочу каталог"], "pricing_mode": "all", "pricing_flow": {"active": true, "product": "tis", "mode": "all", "stage": "pricing_all", "brand_mentions": [{"raw_text": "привет", "normalized_key": "привет", "recognized": false, "display_name": "привет", "canonical_brand": ""}, {"raw_text": "хочу каталог", "normalized_key": "хочу каталог", "recognized": false, "display_name": "хочу каталог", "canonical_brand": ""}], "brand_items": [{"canonical_brand": "", "display_name": "привет", "raw_surface": "привет", "recognized": false, "has_price": false, "processed": false, "status": "unresolved"}, {"canonical_brand": "", "display_name": "хочу каталог", "raw_surface": "хочу каталог", "recognized": false, "has_price": false, "processed": false, "status": "unresolved"}], "raw_brand_mentions": ["привет", "хочу каталог"], "requested_brand_keys": ["привет", "хочу каталог"], "recognized_brands": [], "unknown_brand_mentions": ["привет", "хочу каталог"], "priced_brands": [], "missing_price_brands": [], "pending_brand_mentions": ["привет", "хочу каталог"], "processed_brand_mentions": [], "remaining_brand_mentions": ["привет", "хочу каталог"]}, "service_semantic_memory": {}, "slots": {"raw_brand_mentions": ["привет", "хочу каталог"], "brand_mentions": [{"raw_text": "привет", "normalized_key": "привет", "recognized": false, "display_name": "привет", "canonical_brand": ""}, {"raw_text": "хочу каталог", "normalized_key": "хочу каталог", "recognized": false, "display_name": "хочу каталог", "canonical_brand": ""}], "requested_brand_keys": ["привет", "хочу каталог"], "unknown_brand_mentions": ["привет", "хочу каталог"]}}
state_after_classification: {"client_type": "unknown", "legal_entity_confirmed": false, "purchase_active": false, "purchase_stage": "unknown", "last_question_type": "unknown", "last_primary_topic": "demo_access", "last_topic_ids": ["demo_access"], "last_secondary_topics": [], "dialog_phase": "discovery", "conversation_closed": false, "greeted": false, "active_flow": "none", "flow_step": "idle", "last_action_name": "request_requisites", "same_action_repeats": 1, "manager_handoff_stage": "none", "evidence_status": "knowledge_context", "active_request_kind": "demo_access", "document_contact_collected": false, "last_bot_question_type": "unknown", "last_mentioned_brand": "", "last_focus_topic": "demo_access", "last_context_gist": "Клиент интересуется подпиской на каталог запчастей и запрашивает информацию о предоставляемых услугах.", "last_context_meaning": "Клиент просит предоставить информацию о том, что он получит, прежде чем оформлять подписку.", "last_context_fallback_used": false, "last_context_fallback_reason": "", "active_business_flow": "pricing_tis", "active_pricing_flow": "tis", "pricing_requested_product": "tis", "requested_brands": ["привет", "хочу каталог"], "recognized_brands": [], "unknown_brand_mentions": ["привет", "хочу каталог"], "missing_price_brands": [], "priced_brands": [], "pending_brand_mentions": ["привет", "хочу каталог"], "pricing_mode": "all", "pricing_flow": {"active": true, "product": "tis", "mode": "all", "stage": "pricing_all", "brand_mentions": [{"raw_text": "привет", "normalized_key": "привет", "recognized": false, "display_name": "привет", "canonical_brand": ""}, {"raw_text": "хочу каталог", "normalized_key": "хочу каталог", "recognized": false, "display_name": "хочу каталог", "canonical_brand": ""}], "brand_items": [{"canonical_brand": "", "display_name": "привет", "raw_surface": "привет", "recognized": false, "has_price": false, "processed": false, "status": "unresolved"}, {"canonical_brand": "", "display_name": "хочу каталог", "raw_surface": "хочу каталог", "recognized": false, "has_price": false, "processed": false, "status": "unresolved"}], "raw_brand_mentions": ["привет", "хочу каталог"], "requested_brand_keys": ["привет", "хочу каталог"], "recognized_brands": [], "unknown_brand_mentions": ["привет", "хочу каталог"], "priced_brands": [], "missing_price_brands": [], "pending_brand_mentions": ["привет", "хочу каталог"], "processed_brand_mentions": [], "remaining_brand_mentions": ["привет", "хочу каталог"]}, "service_semantic_memory": {}, "slots": {"raw_brand_mentions": ["привет", "хочу каталог"], "brand_mentions": [{"raw_text": "привет", "normalized_key": "привет", "recognized": false, "display_name": "привет", "canonical_brand": ""}, {"raw_text": "хочу каталог", "normalized_key": "хочу каталог", "recognized": false, "display_name": "хочу каталог", "canonical_brand": ""}], "requested_brand_keys": ["привет", "хочу каталог"], "unknown_brand_mentions": ["привет", "хочу каталог"]}}
state_after_response: {"client_type": "unknown", "legal_entity_confirmed": false, "purchase_active": false, "purchase_stage": "unknown", "last_question_type": "unknown", "last_primary_topic": "demo_access", "last_topic_ids": ["demo_access"], "last_secondary_topics": [], "dialog_phase": "discovery", "conversation_closed": false, "greeted": false, "active_flow": "none", "flow_step": "idle", "last_action_name": "demo_policy", "same_action_repeats": 1, "manager_handoff_stage": "none", "evidence_status": "knowledge_context", "active_request_kind": "demo_access", "document_contact_collected": false, "last_bot_question_type": "unknown", "last_mentioned_brand": "", "last_focus_topic": "demo_access", "last_context_gist": "Клиент интересуется подпиской на каталог запчастей и запрашивает информацию о предоставляемых услугах.", "last_context_meaning": "Клиент просит предоставить информацию о том, что он получит, прежде чем оформлять подписку.", "last_context_fallback_used": false, "last_context_fallback_reason": "", "active_business_flow": "pricing_tis", "active_pricing_flow": "tis", "pricing_requested_product": "tis", "requested_brands": ["привет", "хочу каталог"], "recognized_brands": [], "unknown_brand_mentions": ["привет", "хочу каталог"], "missing_price_brands": [], "priced_brands": [], "pending_brand_mentions": ["привет", "хочу каталог"], "pricing_mode": "all", "pricing_flow": {"active": true, "product": "tis", "mode": "all", "stage": "pricing_all", "brand_mentions": [{"raw_text": "привет", "normalized_key": "привет", "recognized": false, "display_name": "привет", "canonical_brand": ""}, {"raw_text": "хочу каталог", "normalized_key": "хочу каталог", "recognized": false, "display_name": "хочу каталог", "canonical_brand": ""}], "brand_items": [{"canonical_brand": "", "display_name": "привет", "raw_surface": "привет", "recognized": false, "has_price": false, "processed": false, "status": "unresolved"}, {"canonical_brand": "", "display_name": "хочу каталог", "raw_surface": "хочу каталог", "recognized": false, "has_price": false, "processed": false, "status": "unresolved"}], "raw_brand_mentions": ["привет", "хочу каталог"], "requested_brand_keys": ["привет", "хочу каталог"], "recognized_brands": [], "unknown_brand_mentions": ["привет", "хочу каталог"], "priced_brands": [], "missing_price_brands": [], "pending_brand_mentions": ["привет", "хочу каталог"], "processed_brand_mentions": [], "remaining_brand_mentions": ["привет", "хочу каталог"]}, "service_semantic_memory": {}, "slots": {"raw_brand_mentions": ["привет", "хочу каталог"], "brand_mentions": [{"raw_text": "привет", "normalized_key": "привет", "recognized": false, "display_name": "привет", "canonical_brand": ""}, {"raw_text": "хочу каталог", "normalized_key": "хочу каталог", "recognized": false, "display_name": "хочу каталог", "canonical_brand": ""}], "requested_brand_keys": ["привет", "хочу каталог"], "unknown_brand_mentions": ["привет", "хочу каталог"]}}
answer_selection_trace: {"llm_answer": "Демо-доступ возможен для юридических лиц и ИП. Подтвердите, пожалуйста, ваш юридический статус, и я продолжу оформление.", "fallback_answer": "Демо-доступ возможен для юридических лиц и ИП. Подтвердите, пожалуйста, ваш юридический статус, и я продолжу оформление.", "deterministic_answer": "Демо-доступ возможен для юридических лиц и ИП. Подтвердите, пожалуйста, ваш юридический статус, и я продолжу оформление.", "validator_passed": true, "selected_source": "llm", "selection_reason": "LLM answer preserved mandatory meaning and action compatibility.", "mandatory_blocks": [], "llm_validation": {}, "action_compatible": true, "validator_trace": {"is_valid": true, "blocker_hits": [], "missing_required": []}, "final_answer_source": "llm", "hard_deterministic_pricing": false, "hard_deterministic_service": false, "hard_locked_action": false}
pricing_flow_trace: {"active": true, "product": "tis", "mode": "all", "stage": "pricing_all", "brand_mentions": [{"raw_text": "привет", "normalized_key": "привет", "recognized": false, "display_name": "привет", "canonical_brand": ""}, {"raw_text": "хочу каталог", "normalized_key": "хочу каталог", "recognized": false, "display_name": "хочу каталог", "canonical_brand": ""}], "brand_items": [{"canonical_brand": "", "display_name": "привет", "raw_surface": "привет", "recognized": false, "has_price": false, "processed": false, "status": "unresolved"}, {"canonical_brand": "", "display_name": "хочу каталог", "raw_surface": "хочу каталог", "recognized": false, "has_price": false, "processed": false, "status": "unresolved"}], "raw_brand_mentions": ["привет", "хочу каталог"], "requested_brand_keys": ["привет", "хочу каталог"], "recognized_brands": [], "unknown_brand_mentions": ["привет", "хочу каталог"], "priced_brands": [], "missing_price_brands": [], "pending_brand_mentions": ["привет", "хочу каталог"], "processed_brand_mentions": [], "remaining_brand_mentions": ["привет", "хочу каталог"]}
product_context_trace: {"raw_query": "стоп, я хочу сначала знать, что я получу от этого", "requested_products": [], "raw_brand_mentions": [], "mentioned_brands": [], "unknown_brand_mentions": [], "brand_display": [], "asks_price": false, "asks_availability": false, "asks_comparison": false, "partial_access_requested": false, "partial_package_requested": false, "partial_epc_requested": false, "inferred_product_context": "", "unsupported_brand_group": "", "unknown_brand_query": "", "tis_price_status": "not_requested", "fallback_price_blocks": []}


SCENARIO: Как продлить подписку? / как написать менеджеру?
SESSION_ID: user_4qu5igs
--------------------------------------------------------------------------------
TURN 1
user_query: Как продлить подписку?
agent_zero_turn_type: service_discovery_continue
agent_zero_subtype: subscription_renewal
classifier_source: direct_json
topic_ids: ["subscription_renewal"]
selected_action: subscription_renewal
answer_text: Здравствуйте! Для продления напишите менеджеру или пришлите данные текущего доступа и организации, и мы подскажем дальнейшие шаги по продлению.
followup_trace: {"is_followup": false, "followup_type": "unknown_followup", "input": "Как продлить подписку?", "state_before": {"last_mentioned_brand": "", "last_topic_ids": [], "last_action_name": "", "last_bot_question_type": "unknown", "active_request_kind": "none", "manager_handoff_stage": "none"}, "inherited_brand": "", "suggested_topics": [], "reason": "No follow-up rule matched."}
dialog_act_trace: {}
shortlist_selected_scores: [{"topic_id": "subscription_renewal", "label_ru": "Продление подписки", "score": 2.783333, "lexical_score": 1.583333, "semantic_boost": 1.2, "semantic_penalty": 0.0, "continuity_boost": 0.0, "overlap": 1.0, "jaccard": 0.2, "avoid_overlap": 0.0, "matched_tokens": ["подписк", "продлени", "продлить"], "score_breakdown": {"query": 1.11, "meaning": 0.591667, "brand_boost": 0.0, "query_boost": 1.2, "final": 2.783333}}, {"topic_id": "purchase_ready", "label_ru": "Готовность к покупке", "score": 0.991786, "lexical_score": 0.991786, "semantic_boost": 0.0, "semantic_penalty": 0.0, "continuity_boost": 0.0, "overlap": 0.75, "jaccard": 0.107143, "avoid_overlap": 0.5, "matched_tokens": ["подписк", "продлени", "способ"], "score_breakdown": {"query": 0.344643, "meaning": 0.808929, "brand_boost": 0.0, "query_boost": 0.0, "final": 0.991786}}, {"topic_id": "epc_tariffs", "label_ru": "Тарифы EPC", "score": 0.507556, "lexical_score": 0.507556, "semantic_boost": 0.0, "semantic_penalty": 0.0, "continuity_boost": 0.0, "overlap": 0.5, "jaccard": 0.055556, "avoid_overlap": 0.5, "matched_tokens": ["подписк"], "score_breakdown": {"query": 0.355556, "meaning": 0.19, "brand_boost": 0.0, "query_boost": 0.0, "final": 0.507556}}, {"topic_id": "payment_process", "label_ru": "Процесс оплаты", "score": 0.2275, "lexical_score": 0.2275, "semantic_boost": 0.0, "semantic_penalty": 0.0, "continuity_boost": 0.0, "overlap": 0.25, "jaccard": 0.0625, "avoid_overlap": 0.0, "matched_tokens": ["способ"], "score_breakdown": {"query": 0.0, "meaning": 0.284375, "brand_boost": 0.0, "query_boost": 0.0, "final": 0.2275}}, {"topic_id": "legal_entity_purchase_flow", "label_ru": "Оформление для юрлица", "score": 0.21, "lexical_score": 0.21, "semantic_boost": 0.0, "semantic_penalty": 0.0, "continuity_boost": 0.0, "overlap": 0.25, "jaccard": 0.022727, "avoid_overlap": 0.0, "matched_tokens": ["способ"], "score_breakdown": {"query": 0.0, "meaning": 0.2625, "brand_boost": 0.0, "query_boost": 0.0, "final": 0.21}}, {"topic_id": "api_integration", "label_ru": "API и интеграция", "score": 0.0, "lexical_score": 0.0, "semantic_boost": 0.0, "semantic_penalty": 0.0, "continuity_boost": 0.0, "overlap": 0.0, "jaccard": 0.0, "avoid_overlap": 0.0, "matched_tokens": [], "score_breakdown": {"query": 0.0, "meaning": 0.0, "brand_boost": 0.0, "query_boost": 0.0, "final": 0.0}}, {"topic_id": "brand_list_request", "label_ru": "Список брендов", "score": 0.0, "lexical_score": 0.0, "semantic_boost": 0.0, "semantic_penalty": 0.0, "continuity_boost": 0.0, "overlap": 0.0, "jaccard": 0.0, "avoid_overlap": 0.0, "matched_tokens": [], "score_breakdown": {"query": 0.0, "meaning": 0.0, "brand_boost": 0.0, "query_boost": 0.0, "final": 0.0}}, {"topic_id": "catalog_list_request", "label_ru": "Список каталогов", "score": 0.0, "lexical_score": 0.0, "semantic_boost": 0.0, "semantic_penalty": 0.0, "continuity_boost": 0.0, "overlap": 0.0, "jaccard": 0.0, "avoid_overlap": 0.0, "matched_tokens": [], "score_breakdown": {"query": 0.0, "meaning": 0.0, "brand_boost": 0.0, "query_boost": 0.0, "final": 0.0}}]
shortlist_skipped: null
shortlist_skip_reason: null
state_before: {"client_type": "unknown", "legal_entity_confirmed": false, "purchase_active": false, "purchase_stage": "unknown", "last_question_type": "unknown", "last_primary_topic": "out_of_scope_request", "last_topic_ids": [], "last_secondary_topics": [], "dialog_phase": "discovery", "conversation_closed": false, "greeted": false, "active_flow": "none", "flow_step": "idle", "last_action_name": "", "same_action_repeats": 0, "manager_handoff_stage": "none", "evidence_status": "unknown", "active_request_kind": "none", "document_contact_collected": false, "last_bot_question_type": "unknown", "last_mentioned_brand": "", "last_focus_topic": "out_of_scope_request", "last_context_gist": "", "last_context_meaning": "", "last_context_fallback_used": false, "last_context_fallback_reason": "", "active_business_flow": "none", "active_pricing_flow": "none", "pricing_requested_product": "", "requested_brands": [], "recognized_brands": [], "unknown_brand_mentions": [], "missing_price_brands": [], "priced_brands": [], "pending_brand_mentions": [], "pricing_mode": "all", "pricing_flow": {}, "service_semantic_memory": {}, "slots": {}}
state_after_classification: {"client_type": "unknown", "legal_entity_confirmed": false, "purchase_active": false, "purchase_stage": "unknown", "last_question_type": "unknown", "last_primary_topic": "subscription_renewal", "last_topic_ids": ["subscription_renewal"], "last_secondary_topics": [], "dialog_phase": "discovery", "conversation_closed": false, "greeted": false, "active_flow": "none", "flow_step": "idle", "last_action_name": "", "same_action_repeats": 0, "manager_handoff_stage": "none", "evidence_status": "unknown", "active_request_kind": "subscription_renewal", "document_contact_collected": false, "last_bot_question_type": "unknown", "last_mentioned_brand": "", "last_focus_topic": "subscription_renewal", "last_context_gist": "Клиент спрашивает о продлении подписки.", "last_context_meaning": "Клиент повторно спрашивает о способе продления подписки.", "last_context_fallback_used": false, "last_context_fallback_reason": "", "active_business_flow": "none", "active_pricing_flow": "none", "pricing_requested_product": "", "requested_brands": [], "recognized_brands": [], "unknown_brand_mentions": [], "missing_price_brands": [], "priced_brands": [], "pending_brand_mentions": [], "pricing_mode": "all", "pricing_flow": {"active": false, "product": "", "mode": "all", "stage": "idle", "brand_mentions": [], "brand_items": [], "raw_brand_mentions": [], "requested_brand_keys": [], "recognized_brands": [], "unknown_brand_mentions": [], "priced_brands": [], "missing_price_brands": [], "pending_brand_mentions": [], "processed_brand_mentions": [], "remaining_brand_mentions": []}, "service_semantic_memory": {}, "slots": {}}
state_after_response: {"client_type": "unknown", "legal_entity_confirmed": false, "purchase_active": false, "purchase_stage": "unknown", "last_question_type": "unknown", "last_primary_topic": "subscription_renewal", "last_topic_ids": ["subscription_renewal"], "last_secondary_topics": [], "dialog_phase": "discovery", "conversation_closed": false, "greeted": false, "active_flow": "none", "flow_step": "idle", "last_action_name": "subscription_renewal", "same_action_repeats": 1, "manager_handoff_stage": "none", "evidence_status": "knowledge_context", "active_request_kind": "subscription_renewal", "document_contact_collected": false, "last_bot_question_type": "unknown", "last_mentioned_brand": "", "last_focus_topic": "subscription_renewal", "last_context_gist": "Клиент спрашивает о продлении подписки.", "last_context_meaning": "Клиент повторно спрашивает о способе продления подписки.", "last_context_fallback_used": false, "last_context_fallback_reason": "", "active_business_flow": "none", "active_pricing_flow": "none", "pricing_requested_product": "", "requested_brands": [], "recognized_brands": [], "unknown_brand_mentions": [], "missing_price_brands": [], "priced_brands": [], "pending_brand_mentions": [], "pricing_mode": "all", "pricing_flow": {"active": false, "product": "", "mode": "all", "stage": "idle", "brand_mentions": [], "brand_items": [], "raw_brand_mentions": [], "requested_brand_keys": [], "recognized_brands": [], "unknown_brand_mentions": [], "priced_brands": [], "missing_price_brands": [], "pending_brand_mentions": [], "processed_brand_mentions": [], "remaining_brand_mentions": []}, "service_semantic_memory": {}, "slots": {}}
answer_selection_trace: {"llm_answer": "Для продления напишите менеджеру или пришлите данные текущего доступа и организации, и мы подскажем дальнейшие шаги по продлению.", "fallback_answer": "Для продления напишите менеджеру или пришлите данные текущего доступа и организации, и мы подскажем дальнейшие шаги по продлению.", "deterministic_answer": "Для продления напишите менеджеру или пришлите данные текущего доступа и организации, и мы подскажем дальнейшие шаги по продлению.", "validator_passed": true, "selected_source": "llm", "selection_reason": "LLM answer preserved mandatory meaning and action compatibility.", "mandatory_blocks": [], "llm_validation": {}, "action_compatible": true, "validator_trace": {"is_valid": true, "blocker_hits": [], "missing_required": []}, "final_answer_source": "llm", "hard_deterministic_pricing": false, "hard_deterministic_service": false, "hard_locked_action": false}
pricing_flow_trace: {"active": false, "product": "", "mode": "all", "stage": "idle", "brand_mentions": [], "brand_items": [], "raw_brand_mentions": [], "requested_brand_keys": [], "recognized_brands": [], "unknown_brand_mentions": [], "priced_brands": [], "missing_price_brands": [], "pending_brand_mentions": [], "processed_brand_mentions": [], "remaining_brand_mentions": []}
product_context_trace: {"raw_query": "Как продлить подписку?", "requested_products": [], "raw_brand_mentions": [], "mentioned_brands": [], "unknown_brand_mentions": [], "brand_display": [], "asks_price": false, "asks_availability": false, "asks_comparison": false, "partial_access_requested": false, "partial_package_requested": false, "partial_epc_requested": false, "inferred_product_context": "", "unsupported_brand_group": "", "unknown_brand_query": "", "tis_price_status": "not_requested", "fallback_price_blocks": []}

TURN 2
user_query: как написать менеджеру?
agent_zero_turn_type: human_escalation
agent_zero_subtype: contact_request
classifier_source: direct_json
topic_ids: ["human_operator_request"]
selected_action: human_operator
answer_text: Здравствуйте! Я могу оперативно предоставить вам всю информацию прямо в чате. Если останутся вопросы, подключу менеджера.
Если клиент резко недоволен, обвиняет компанию или конфликтует с ботом, нужно отвечать спокойно, не спорить и предложить передать обращение менеджеру.
followup_trace: {"is_followup": false, "followup_type": "unknown_followup", "input": "как написать менеджеру?", "state_before": {"last_mentioned_brand": "", "last_topic_ids": ["subscription_renewal"], "last_action_name": "subscription_renewal", "last_bot_question_type": "unknown", "active_request_kind": "subscription_renewal", "manager_handoff_stage": "none"}, "inherited_brand": "", "suggested_topics": [], "reason": "No follow-up rule matched."}
dialog_act_trace: {}
shortlist_selected_scores: [{"topic_id": "manager_setup_support", "label_ru": "Помощь в запуске и настройке", "score": 0.714353, "lexical_score": 0.714353, "semantic_boost": 0.0, "semantic_penalty": 0.0, "continuity_boost": 0.0, "overlap": 0.5, "jaccard": 0.058824, "avoid_overlap": 0.0, "matched_tokens": ["менеджер"], "score_breakdown": {"query": 0.532353, "meaning": 0.2275, "brand_boost": 0.0, "query_boost": 0.0, "final": 0.714353}}, {"topic_id": "human_operator_request", "label_ru": "Перевод на менеджера", "score": 0.682873, "lexical_score": 0.682873, "semantic_boost": 0.0, "semantic_penalty": 0.0, "continuity_boost": 0.0, "overlap": 0.5, "jaccard": 0.02381, "avoid_overlap": 0.0, "matched_tokens": ["менеджер"], "score_breakdown": {"query": 0.513095, "meaning": 0.212222, "brand_boost": 0.0, "query_boost": 0.0, "final": 0.682873}}, {"topic_id": "payment_process", "label_ru": "Процесс оплаты", "score": 0.185882, "lexical_score": 0.185882, "semantic_boost": 0.0, "semantic_penalty": 0.0, "continuity_boost": 0.0, "overlap": 0.2, "jaccard": 0.058824, "avoid_overlap": 0.0, "matched_tokens": ["способ"], "score_breakdown": {"query": 0.0, "meaning": 0.232353, "brand_boost": 0.0, "query_boost": 0.0, "final": 0.185882}}, {"topic_id": "data_accuracy_doubt", "label_ru": "Сомнение в точности данных", "score": 0.1776, "lexical_score": 0.1776, "semantic_boost": 0.0, "semantic_penalty": 0.0, "continuity_boost": 0.0, "overlap": 0.2, "jaccard": 0.04, "avoid_overlap": 0.0, "matched_tokens": ["информаци"], "score_breakdown": {"query": 0.0, "meaning": 0.222, "brand_boost": 0.0, "query_boost": 0.0, "final": 0.1776}}, {"topic_id": "purchase_ready", "label_ru": "Готовность к покупке", "score": 0.174194, "lexical_score": 0.174194, "semantic_boost": 0.0, "semantic_penalty": 0.0, "continuity_boost": 0.0, "overlap": 0.2, "jaccard": 0.032258, "avoid_overlap": 0.0, "matched_tokens": ["способ"], "score_breakdown": {"query": 0.0, "meaning": 0.217742, "brand_boost": 0.0, "query_boost": 0.0, "final": 0.174194}}, {"topic_id": "legal_entity_purchase_flow", "label_ru": "Оформление для юрлица", "score": 0.169778, "lexical_score": 0.169778, "semantic_boost": 0.0, "semantic_penalty": 0.0, "continuity_boost": 0.0, "overlap": 0.2, "jaccard": 0.022222, "avoid_overlap": 0.0, "matched_tokens": ["способ"], "score_breakdown": {"query": 0.0, "meaning": 0.212222, "brand_boost": 0.0, "query_boost": 0.0, "final": 0.169778}}, {"topic_id": "api_integration", "label_ru": "API и интеграция", "score": 0.0, "lexical_score": 0.0, "semantic_boost": 0.0, "semantic_penalty": 0.0, "continuity_boost": 0.0, "overlap": 0.0, "jaccard": 0.0, "avoid_overlap": 0.0, "matched_tokens": [], "score_breakdown": {"query": 0.0, "meaning": 0.0, "brand_boost": 0.0, "query_boost": 0.0, "final": 0.0}}, {"topic_id": "brand_list_request", "label_ru": "Список брендов", "score": 0.0, "lexical_score": 0.0, "semantic_boost": 0.0, "semantic_penalty": 0.0, "continuity_boost": 0.0, "overlap": 0.0, "jaccard": 0.0, "avoid_overlap": 0.0, "matched_tokens": [], "score_breakdown": {"query": 0.0, "meaning": 0.0, "brand_boost": 0.0, "query_boost": 0.0, "final": 0.0}}]
shortlist_skipped: null
shortlist_skip_reason: null
state_before: {"client_type": "unknown", "legal_entity_confirmed": false, "purchase_active": false, "purchase_stage": "unknown", "last_question_type": "unknown", "last_primary_topic": "subscription_renewal", "last_topic_ids": ["subscription_renewal"], "last_secondary_topics": [], "dialog_phase": "discovery", "conversation_closed": false, "greeted": false, "active_flow": "none", "flow_step": "idle", "last_action_name": "subscription_renewal", "same_action_repeats": 1, "manager_handoff_stage": "none", "evidence_status": "knowledge_context", "active_request_kind": "subscription_renewal", "document_contact_collected": false, "last_bot_question_type": "unknown", "last_mentioned_brand": "", "last_focus_topic": "subscription_renewal", "last_context_gist": "Клиент спрашивает о продлении подписки.", "last_context_meaning": "Клиент повторно спрашивает о способе продления подписки.", "last_context_fallback_used": false, "last_context_fallback_reason": "", "active_business_flow": "none", "active_pricing_flow": "none", "pricing_requested_product": "", "requested_brands": [], "recognized_brands": [], "unknown_brand_mentions": [], "missing_price_brands": [], "priced_brands": [], "pending_brand_mentions": [], "pricing_mode": "all", "pricing_flow": {"active": false, "product": "", "mode": "all", "stage": "idle", "brand_mentions": [], "brand_items": [], "raw_brand_mentions": [], "requested_brand_keys": [], "recognized_brands": [], "unknown_brand_mentions": [], "priced_brands": [], "missing_price_brands": [], "pending_brand_mentions": [], "processed_brand_mentions": [], "remaining_brand_mentions": []}, "service_semantic_memory": {}, "slots": {}}
state_after_classification: {"client_type": "unknown", "legal_entity_confirmed": false, "purchase_active": false, "purchase_stage": "unknown", "last_question_type": "unknown", "last_primary_topic": "human_operator_request", "last_topic_ids": ["human_operator_request"], "last_secondary_topics": [], "dialog_phase": "discovery", "conversation_closed": false, "greeted": false, "active_flow": "none", "flow_step": "idle", "last_action_name": "subscription_renewal", "same_action_repeats": 1, "manager_handoff_stage": "none", "evidence_status": "knowledge_context", "active_request_kind": "human_operator_request", "document_contact_collected": false, "last_bot_question_type": "unknown", "last_mentioned_brand": "", "last_focus_topic": "human_operator_request", "last_context_gist": "Клиент спрашивает, как связаться с менеджером для продления подписки.", "last_context_meaning": "Клиент повторно запрашивает информацию о способе связи с менеджером.", "last_context_fallback_used": false, "last_context_fallback_reason": "", "active_business_flow": "none", "active_pricing_flow": "none", "pricing_requested_product": "", "requested_brands": [], "recognized_brands": [], "unknown_brand_mentions": [], "missing_price_brands": [], "priced_brands": [], "pending_brand_mentions": [], "pricing_mode": "all", "pricing_flow": {"active": false, "product": "", "mode": "all", "stage": "idle", "brand_mentions": [], "brand_items": [], "raw_brand_mentions": [], "requested_brand_keys": [], "recognized_brands": [], "unknown_brand_mentions": [], "priced_brands": [], "missing_price_brands": [], "pending_brand_mentions": [], "processed_brand_mentions": [], "remaining_brand_mentions": []}, "service_semantic_memory": {}, "slots": {}}
state_after_response: {"client_type": "unknown", "legal_entity_confirmed": false, "purchase_active": false, "purchase_stage": "unknown", "last_question_type": "unknown", "last_primary_topic": "human_operator_request", "last_topic_ids": ["human_operator_request"], "last_secondary_topics": [], "dialog_phase": "discovery", "conversation_closed": false, "greeted": false, "active_flow": "none", "flow_step": "idle", "last_action_name": "human_operator", "same_action_repeats": 1, "manager_handoff_stage": "awaiting_phone", "evidence_status": "knowledge_context", "active_request_kind": "human_operator_request", "document_contact_collected": false, "last_bot_question_type": "unknown", "last_mentioned_brand": "", "last_focus_topic": "human_operator_request", "last_context_gist": "Клиент спрашивает, как связаться с менеджером для продления подписки.", "last_context_meaning": "Клиент повторно запрашивает информацию о способе связи с менеджером.", "last_context_fallback_used": false, "last_context_fallback_reason": "", "active_business_flow": "manager_handoff", "active_pricing_flow": "tis", "pricing_requested_product": "tis", "requested_brands": [], "recognized_brands": [], "unknown_brand_mentions": [], "missing_price_brands": [], "priced_brands": [], "pending_brand_mentions": [], "pricing_mode": "all", "pricing_flow": {"active": true, "product": "tis", "mode": "all", "stage": "manager_handoff", "brand_mentions": [], "brand_items": [], "raw_brand_mentions": [], "requested_brand_keys": [], "recognized_brands": [], "unknown_brand_mentions": [], "priced_brands": [], "missing_price_brands": [], "pending_brand_mentions": [], "processed_brand_mentions": [], "remaining_brand_mentions": []}, "service_semantic_memory": {}, "slots": {}}
answer_selection_trace: {"llm_answer": "Я могу оперативно предоставить вам всю информацию прямо в чате. Если останутся вопросы, подключу менеджера.", "fallback_answer": "Я могу оперативно предоставить вам всю информацию прямо в чате. Если останутся вопросы, подключу менеджера.\nЕсли клиент резко недоволен, обвиняет компанию или конфликтует с ботом, нужно отвечать спокойно, не спорить и предложить передать обращение менеджеру.", "deterministic_answer": "Я могу оперативно предоставить вам всю информацию прямо в чате. Если останутся вопросы, подключу менеджера.\nЕсли клиент резко недоволен, обвиняет компанию или конфликтует с ботом, нужно отвечать спокойно, не спорить и предложить передать обращение менеджеру.", "validator_passed": true, "selected_source": "deterministic", "selection_reason": "Locked business action enforced deterministic answer ownership.", "mandatory_blocks": [{"key": "human_operator_handoff", "required_phrases": ["менеджер"], "semantic_tags": ["human_operator_handoff"]}], "llm_validation": {"human_operator_handoff": true}, "action_compatible": true, "validator_trace": {"is_valid": true, "blocker_hits": [], "missing_required": []}, "final_answer_source": "deterministic", "hard_deterministic_pricing": false, "hard_deterministic_service": false, "hard_locked_action": true}
pricing_flow_trace: {"active": false, "product": "", "mode": "all", "stage": "idle", "brand_mentions": [], "brand_items": [], "raw_brand_mentions": [], "requested_brand_keys": [], "recognized_brands": [], "unknown_brand_mentions": [], "priced_brands": [], "missing_price_brands": [], "pending_brand_mentions": [], "processed_brand_mentions": [], "remaining_brand_mentions": []}
product_context_trace: {"raw_query": "как написать менеджеру?", "requested_products": [], "raw_brand_mentions": [], "mentioned_brands": [], "unknown_brand_mentions": [], "brand_display": [], "asks_price": false, "asks_availability": false, "asks_comparison": false, "partial_access_requested": false, "partial_package_requested": false, "partial_epc_requested": false, "inferred_product_context": "", "unsupported_brand_group": "", "unknown_brand_query": "", "tis_price_status": "not_requested", "fallback_price_blocks": []}


SCENARIO: Сколько стоит подписка? / mers, ford, автоваз, Captiva и РСД-10
SESSION_ID: test_05_pricing_flow_keeps_tis_context
--------------------------------------------------------------------------------
TURN 1
user_query: сколько стоит подписка
agent_zero_turn_type: pricing_request
agent_zero_subtype: repeat_request
classifier_source: direct_json
topic_ids: ["epc_tariffs"]
selected_action: pricing_summary
answer_text: Здравствуйте! Подписка EPC Full доступна на 1, 3, 6 и 12 месяцев. Стоимость: 1 месяц — 6500 руб, 3 месяца — 18000 руб, 6 месяцев — 34800 руб, 12 месяцев — 62400 руб. Для TIS, пожалуйста, укажите интересующий вас бренд.
followup_trace: {"is_followup": false, "followup_type": "unknown_followup", "input": "сколько стоит подписка", "state_before": {"last_mentioned_brand": "", "last_topic_ids": [], "last_action_name": "", "last_bot_question_type": "unknown", "active_request_kind": "none", "manager_handoff_stage": "none"}, "inherited_brand": "", "suggested_topics": [], "reason": "No follow-up rule matched."}
dialog_act_trace: {}
shortlist_selected_scores: [{"topic_id": "epc_tariffs", "label_ru": "Тарифы EPC", "score": 1.941022, "lexical_score": 1.021022, "semantic_boost": 0.92, "semantic_penalty": 0.0, "continuity_boost": 0.0, "overlap": 1.0, "jaccard": 0.117647, "avoid_overlap": 1.0, "matched_tokens": ["подписк", "цена", "цене"], "score_breakdown": {"query": 0.714706, "meaning": 0.382895, "brand_boost": 0.0, "query_boost": 0.92, "final": 1.941022}}, {"topic_id": "tis_tariffs", "label_ru": "Тарифы TIS", "score": 1.586868, "lexical_score": 0.666868, "semantic_boost": 0.92, "semantic_penalty": 0.0, "continuity_boost": 0.0, "overlap": 0.5, "jaccard": 0.038462, "avoid_overlap": 0.25, "matched_tokens": ["цена", "цене"], "score_breakdown": {"query": 0.521154, "meaning": 0.182143, "brand_boost": 0.0, "query_boost": 0.92, "final": 1.586868}}, {"topic_id": "purchase_ready", "label_ru": "Готовность к покупке", "score": 0.73431, "lexical_score": 0.73431, "semantic_boost": 0.0, "semantic_penalty": 0.0, "continuity_boost": 0.0, "overlap": 0.5, "jaccard": 0.035714, "avoid_overlap": 0.0, "matched_tokens": ["подписк"], "score_breakdown": {"query": 0.519643, "meaning": 0.268333, "brand_boost": 0.0, "query_boost": 0.0, "final": 0.73431}}, {"topic_id": "subscription_renewal", "label_ru": "Продление подписки", "score": 0.713846, "lexical_score": 0.713846, "semantic_boost": 0.0, "semantic_penalty": 0.0, "continuity_boost": 0.0, "overlap": 0.5, "jaccard": 0.090909, "avoid_overlap": 0.25, "matched_tokens": ["подписк"], "score_breakdown": {"query": 0.55, "meaning": 0.204808, "brand_boost": 0.0, "query_boost": 0.0, "final": 0.713846}}, {"topic_id": "post_payment_access_timing", "label_ru": "Когда доступ после оплаты", "score": 0.52619, "lexical_score": 0.52619, "semantic_boost": 0.0, "semantic_penalty": 0.0, "continuity_boost": 0.0, "overlap": 0.5, "jaccard": 0.047619, "avoid_overlap": 0.0, "matched_tokens": ["цена"], "score_breakdown": {"query": 0.52619, "meaning": 0.0, "brand_boost": 0.0, "query_boost": 0.0, "final": 0.52619}}, {"topic_id": "free_catalog_comparison", "label_ru": "Сравнение с бесплатными каталогами", "score": 0.525, "lexical_score": 0.525, "semantic_boost": 0.0, "semantic_penalty": 0.0, "continuity_boost": 0.0, "overlap": 0.5, "jaccard": 0.045455, "avoid_overlap": 0.0, "matched_tokens": ["цена"], "score_breakdown": {"query": 0.525, "meaning": 0.0, "brand_boost": 0.0, "query_boost": 0.0, "final": 0.525}}, {"topic_id": "out_of_scope_request", "label_ru": "Вне профиля компании", "score": 0.522, "lexical_score": 0.522, "semantic_boost": 0.0, "semantic_penalty": 0.0, "continuity_boost": 0.0, "overlap": 0.5, "jaccard": 0.04, "avoid_overlap": 0.0, "matched_tokens": ["цена"], "score_breakdown": {"query": 0.522, "meaning": 0.0, "brand_boost": 0.0, "query_boost": 0.0, "final": 0.522}}, {"topic_id": "price_objection", "label_ru": "Возражение по цене", "score": 0.2599, "lexical_score": 0.2599, "semantic_boost": 0.0, "semantic_penalty": 0.0, "continuity_boost": 0.0, "overlap": 0.5, "jaccard": 0.052632, "avoid_overlap": 1.0, "matched_tokens": ["цена", "цене"], "score_breakdown": {"query": 0.178947, "meaning": 0.10119, "brand_boost": 0.0, "query_boost": 0.0, "final": 0.2599}}]
shortlist_skipped: null
shortlist_skip_reason: null
state_before: {"client_type": "unknown", "legal_entity_confirmed": false, "purchase_active": false, "purchase_stage": "unknown", "last_question_type": "unknown", "last_primary_topic": "out_of_scope_request", "last_topic_ids": [], "last_secondary_topics": [], "dialog_phase": "discovery", "conversation_closed": false, "greeted": false, "active_flow": "none", "flow_step": "idle", "last_action_name": "", "same_action_repeats": 0, "manager_handoff_stage": "none", "evidence_status": "unknown", "active_request_kind": "none", "document_contact_collected": false, "last_bot_question_type": "unknown", "last_mentioned_brand": "", "last_focus_topic": "out_of_scope_request", "last_context_gist": "", "last_context_meaning": "", "last_context_fallback_used": false, "last_context_fallback_reason": "", "active_business_flow": "none", "active_pricing_flow": "none", "pricing_requested_product": "", "requested_brands": [], "recognized_brands": [], "unknown_brand_mentions": [], "missing_price_brands": [], "priced_brands": [], "pending_brand_mentions": [], "pricing_mode": "all", "pricing_flow": {}, "service_semantic_memory": {}, "slots": {}}
state_after_classification: {"client_type": "unknown", "legal_entity_confirmed": false, "purchase_active": false, "purchase_stage": "unknown", "last_question_type": "unknown", "last_primary_topic": "epc_tariffs", "last_topic_ids": ["epc_tariffs"], "last_secondary_topics": [], "dialog_phase": "discovery", "conversation_closed": false, "greeted": false, "active_flow": "none", "flow_step": "idle", "last_action_name": "", "same_action_repeats": 0, "manager_handoff_stage": "none", "evidence_status": "unknown", "active_request_kind": "epc_tariffs", "document_contact_collected": false, "last_bot_question_type": "unknown", "last_mentioned_brand": "", "last_focus_topic": "epc_tariffs", "last_context_gist": "Клиент повторно спрашивает о стоимости подписки.", "last_context_meaning": "Клиент повторно запрашивает информацию о цене подписки.", "last_context_fallback_used": false, "last_context_fallback_reason": "", "active_business_flow": "pricing_tis", "active_pricing_flow": "tis", "pricing_requested_product": "tis", "requested_brands": [], "recognized_brands": [], "unknown_brand_mentions": [], "missing_price_brands": [], "priced_brands": [], "pending_brand_mentions": [], "pricing_mode": "all", "pricing_flow": {"active": true, "product": "tis", "mode": "all", "stage": "pricing_all", "brand_mentions": [], "brand_items": [], "raw_brand_mentions": [], "requested_brand_keys": [], "recognized_brands": [], "unknown_brand_mentions": [], "priced_brands": [], "missing_price_brands": [], "pending_brand_mentions": [], "processed_brand_mentions": [], "remaining_brand_mentions": []}, "service_semantic_memory": {}, "slots": {}}
state_after_response: {"client_type": "unknown", "legal_entity_confirmed": false, "purchase_active": false, "purchase_stage": "unknown", "last_question_type": "unknown", "last_primary_topic": "epc_tariffs", "last_topic_ids": ["epc_tariffs"], "last_secondary_topics": [], "dialog_phase": "discovery", "conversation_closed": false, "greeted": false, "active_flow": "none", "flow_step": "idle", "last_action_name": "pricing_summary", "same_action_repeats": 1, "manager_handoff_stage": "none", "evidence_status": "knowledge_context", "active_request_kind": "epc_tariffs", "document_contact_collected": false, "last_bot_question_type": "unknown", "last_mentioned_brand": "", "last_focus_topic": "epc_tariffs", "last_context_gist": "Клиент повторно спрашивает о стоимости подписки.", "last_context_meaning": "Клиент повторно запрашивает информацию о цене подписки.", "last_context_fallback_used": false, "last_context_fallback_reason": "", "active_business_flow": "pricing_tis", "active_pricing_flow": "tis", "pricing_requested_product": "tis", "requested_brands": [], "recognized_brands": [], "unknown_brand_mentions": [], "missing_price_brands": [], "priced_brands": [], "pending_brand_mentions": [], "pricing_mode": "all", "pricing_flow": {"active": true, "product": "tis", "mode": "all", "stage": "pricing_all", "brand_mentions": [], "brand_items": [], "raw_brand_mentions": [], "requested_brand_keys": [], "recognized_brands": [], "unknown_brand_mentions": [], "priced_brands": [], "missing_price_brands": [], "pending_brand_mentions": [], "processed_brand_mentions": [], "remaining_brand_mentions": []}, "service_semantic_memory": {}, "slots": {}}
answer_selection_trace: {"llm_answer": "Подписка EPC Full доступна на 1, 3, 6 и 12 месяцев. Стоимость: 1 месяц — 6500 руб, 3 месяца — 18000 руб, 6 месяцев — 34800 руб, 12 месяцев — 62400 руб. Для TIS, пожалуйста, укажите интересующий вас бренд.", "fallback_answer": "EPC Full доступен на 1, 3, 6 и 12 месяцев. Ниже сразу показываю тарифы по периодам.\nСтоимость TIS зависит от бренда. Если марка указана, сразу показываю цену из прайса; если нет, попрошу назвать бренд.", "deterministic_answer": "Тариф EPC Full: 1 месяц — 6500 руб, 3 месяца — 18000 руб, 6 месяцев — 34800 руб, 12 месяцев — 62400 руб.\nДля расчета стоимости TIS нужна конкретная марка. Напишите интересующие бренды, и я сразу покажу цену.", "validator_passed": true, "selected_source": "llm", "selection_reason": "LLM answer preserved mandatory meaning and action compatibility.", "mandatory_blocks": [], "llm_validation": {}, "action_compatible": true, "validator_trace": {"is_valid": true, "blocker_hits": [], "missing_required": []}, "final_answer_source": "llm", "hard_deterministic_pricing": false, "hard_deterministic_service": false, "hard_locked_action": false}
pricing_flow_trace: {"active": false, "product": "", "mode": "all", "stage": "idle", "brand_mentions": [], "brand_items": [], "raw_brand_mentions": [], "requested_brand_keys": [], "recognized_brands": [], "unknown_brand_mentions": [], "priced_brands": [], "missing_price_brands": [], "pending_brand_mentions": [], "processed_brand_mentions": [], "remaining_brand_mentions": []}
product_context_trace: {"raw_query": "сколько стоит подписка", "requested_products": [], "raw_brand_mentions": [], "mentioned_brands": [], "unknown_brand_mentions": [], "brand_display": [], "asks_price": true, "asks_availability": false, "asks_comparison": false, "partial_access_requested": false, "partial_package_requested": false, "partial_epc_requested": false, "inferred_product_context": "", "unsupported_brand_group": "", "unknown_brand_query": "", "tis_price_status": "not_requested", "fallback_price_blocks": []}

TURN 1
user_query: сколько стоит подписка
agent_zero_turn_type: pricing_request
agent_zero_subtype: repeat_request
classifier_source: direct_json
topic_ids: ["epc_tariffs"]
selected_action: pricing_summary
answer_text: Здравствуйте! Подписка EPC Full доступна на 1, 3, 6 и 12 месяцев. Стоимость: 1 месяц — 6500 руб, 3 месяца — 18000 руб, 6 месяцев — 34800 руб, 12 месяцев — 62400 руб. Для TIS, пожалуйста, укажите интересующий вас бренд.
followup_trace: {"is_followup": false, "followup_type": "unknown_followup", "input": "сколько стоит подписка", "state_before": {"last_mentioned_brand": "", "last_topic_ids": [], "last_action_name": "", "last_bot_question_type": "unknown", "active_request_kind": "none", "manager_handoff_stage": "none"}, "inherited_brand": "", "suggested_topics": [], "reason": "No follow-up rule matched."}
dialog_act_trace: {}
shortlist_selected_scores: [{"topic_id": "epc_tariffs", "label_ru": "Тарифы EPC", "score": 1.941022, "lexical_score": 1.021022, "semantic_boost": 0.92, "semantic_penalty": 0.0, "continuity_boost": 0.0, "overlap": 1.0, "jaccard": 0.117647, "avoid_overlap": 1.0, "matched_tokens": ["подписк", "цена", "цене"], "score_breakdown": {"query": 0.714706, "meaning": 0.382895, "brand_boost": 0.0, "query_boost": 0.92, "final": 1.941022}}, {"topic_id": "tis_tariffs", "label_ru": "Тарифы TIS", "score": 1.586868, "lexical_score": 0.666868, "semantic_boost": 0.92, "semantic_penalty": 0.0, "continuity_boost": 0.0, "overlap": 0.5, "jaccard": 0.038462, "avoid_overlap": 0.25, "matched_tokens": ["цена", "цене"], "score_breakdown": {"query": 0.521154, "meaning": 0.182143, "brand_boost": 0.0, "query_boost": 0.92, "final": 1.586868}}, {"topic_id": "purchase_ready", "label_ru": "Готовность к покупке", "score": 0.73431, "lexical_score": 0.73431, "semantic_boost": 0.0, "semantic_penalty": 0.0, "continuity_boost": 0.0, "overlap": 0.5, "jaccard": 0.035714, "avoid_overlap": 0.0, "matched_tokens": ["подписк"], "score_breakdown": {"query": 0.519643, "meaning": 0.268333, "brand_boost": 0.0, "query_boost": 0.0, "final": 0.73431}}, {"topic_id": "subscription_renewal", "label_ru": "Продление подписки", "score": 0.713846, "lexical_score": 0.713846, "semantic_boost": 0.0, "semantic_penalty": 0.0, "continuity_boost": 0.0, "overlap": 0.5, "jaccard": 0.090909, "avoid_overlap": 0.25, "matched_tokens": ["подписк"], "score_breakdown": {"query": 0.55, "meaning": 0.204808, "brand_boost": 0.0, "query_boost": 0.0, "final": 0.713846}}, {"topic_id": "post_payment_access_timing", "label_ru": "Когда доступ после оплаты", "score": 0.52619, "lexical_score": 0.52619, "semantic_boost": 0.0, "semantic_penalty": 0.0, "continuity_boost": 0.0, "overlap": 0.5, "jaccard": 0.047619, "avoid_overlap": 0.0, "matched_tokens": ["цена"], "score_breakdown": {"query": 0.52619, "meaning": 0.0, "brand_boost": 0.0, "query_boost": 0.0, "final": 0.52619}}, {"topic_id": "free_catalog_comparison", "label_ru": "Сравнение с бесплатными каталогами", "score": 0.525, "lexical_score": 0.525, "semantic_boost": 0.0, "semantic_penalty": 0.0, "continuity_boost": 0.0, "overlap": 0.5, "jaccard": 0.045455, "avoid_overlap": 0.0, "matched_tokens": ["цена"], "score_breakdown": {"query": 0.525, "meaning": 0.0, "brand_boost": 0.0, "query_boost": 0.0, "final": 0.525}}, {"topic_id": "out_of_scope_request", "label_ru": "Вне профиля компании", "score": 0.522, "lexical_score": 0.522, "semantic_boost": 0.0, "semantic_penalty": 0.0, "continuity_boost": 0.0, "overlap": 0.5, "jaccard": 0.04, "avoid_overlap": 0.0, "matched_tokens": ["цена"], "score_breakdown": {"query": 0.522, "meaning": 0.0, "brand_boost": 0.0, "query_boost": 0.0, "final": 0.522}}, {"topic_id": "price_objection", "label_ru": "Возражение по цене", "score": 0.2599, "lexical_score": 0.2599, "semantic_boost": 0.0, "semantic_penalty": 0.0, "continuity_boost": 0.0, "overlap": 0.5, "jaccard": 0.052632, "avoid_overlap": 1.0, "matched_tokens": ["цена", "цене"], "score_breakdown": {"query": 0.178947, "meaning": 0.10119, "brand_boost": 0.0, "query_boost": 0.0, "final": 0.2599}}]
shortlist_skipped: null
shortlist_skip_reason: null
state_before: {"client_type": "unknown", "legal_entity_confirmed": false, "purchase_active": false, "purchase_stage": "unknown", "last_question_type": "unknown", "last_primary_topic": "out_of_scope_request", "last_topic_ids": [], "last_secondary_topics": [], "dialog_phase": "discovery", "conversation_closed": false, "greeted": false, "active_flow": "none", "flow_step": "idle", "last_action_name": "", "same_action_repeats": 0, "manager_handoff_stage": "none", "evidence_status": "unknown", "active_request_kind": "none", "document_contact_collected": false, "last_bot_question_type": "unknown", "last_mentioned_brand": "", "last_focus_topic": "out_of_scope_request", "last_context_gist": "", "last_context_meaning": "", "last_context_fallback_used": false, "last_context_fallback_reason": "", "active_business_flow": "none", "active_pricing_flow": "none", "pricing_requested_product": "", "requested_brands": [], "recognized_brands": [], "unknown_brand_mentions": [], "missing_price_brands": [], "priced_brands": [], "pending_brand_mentions": [], "pricing_mode": "all", "pricing_flow": {}, "service_semantic_memory": {}, "slots": {}}
state_after_classification: {"client_type": "unknown", "legal_entity_confirmed": false, "purchase_active": false, "purchase_stage": "unknown", "last_question_type": "unknown", "last_primary_topic": "epc_tariffs", "last_topic_ids": ["epc_tariffs"], "last_secondary_topics": [], "dialog_phase": "discovery", "conversation_closed": false, "greeted": false, "active_flow": "none", "flow_step": "idle", "last_action_name": "", "same_action_repeats": 0, "manager_handoff_stage": "none", "evidence_status": "unknown", "active_request_kind": "epc_tariffs", "document_contact_collected": false, "last_bot_question_type": "unknown", "last_mentioned_brand": "", "last_focus_topic": "epc_tariffs", "last_context_gist": "Клиент повторно спрашивает о стоимости подписки.", "last_context_meaning": "Клиент повторно запрашивает информацию о цене подписки.", "last_context_fallback_used": false, "last_context_fallback_reason": "", "active_business_flow": "pricing_tis", "active_pricing_flow": "tis", "pricing_requested_product": "tis", "requested_brands": [], "recognized_brands": [], "unknown_brand_mentions": [], "missing_price_brands": [], "priced_brands": [], "pending_brand_mentions": [], "pricing_mode": "all", "pricing_flow": {"active": true, "product": "tis", "mode": "all", "stage": "pricing_all", "brand_mentions": [], "brand_items": [], "raw_brand_mentions": [], "requested_brand_keys": [], "recognized_brands": [], "unknown_brand_mentions": [], "priced_brands": [], "missing_price_brands": [], "pending_brand_mentions": [], "processed_brand_mentions": [], "remaining_brand_mentions": []}, "service_semantic_memory": {}, "slots": {}}
state_after_response: {"client_type": "unknown", "legal_entity_confirmed": false, "purchase_active": false, "purchase_stage": "unknown", "last_question_type": "unknown", "last_primary_topic": "epc_tariffs", "last_topic_ids": ["epc_tariffs"], "last_secondary_topics": [], "dialog_phase": "discovery", "conversation_closed": false, "greeted": false, "active_flow": "none", "flow_step": "idle", "last_action_name": "pricing_summary", "same_action_repeats": 1, "manager_handoff_stage": "none", "evidence_status": "knowledge_context", "active_request_kind": "epc_tariffs", "document_contact_collected": false, "last_bot_question_type": "unknown", "last_mentioned_brand": "", "last_focus_topic": "epc_tariffs", "last_context_gist": "Клиент повторно спрашивает о стоимости подписки.", "last_context_meaning": "Клиент повторно запрашивает информацию о цене подписки.", "last_context_fallback_used": false, "last_context_fallback_reason": "", "active_business_flow": "pricing_tis", "active_pricing_flow": "tis", "pricing_requested_product": "tis", "requested_brands": [], "recognized_brands": [], "unknown_brand_mentions": [], "missing_price_brands": [], "priced_brands": [], "pending_brand_mentions": [], "pricing_mode": "all", "pricing_flow": {"active": true, "product": "tis", "mode": "all", "stage": "pricing_all", "brand_mentions": [], "brand_items": [], "raw_brand_mentions": [], "requested_brand_keys": [], "recognized_brands": [], "unknown_brand_mentions": [], "priced_brands": [], "missing_price_brands": [], "pending_brand_mentions": [], "processed_brand_mentions": [], "remaining_brand_mentions": []}, "service_semantic_memory": {}, "slots": {}}
answer_selection_trace: {"llm_answer": "Подписка EPC Full доступна на 1, 3, 6 и 12 месяцев. Стоимость: 1 месяц — 6500 руб, 3 месяца — 18000 руб, 6 месяцев — 34800 руб, 12 месяцев — 62400 руб. Для TIS, пожалуйста, укажите интересующий вас бренд.", "fallback_answer": "EPC Full доступен на 1, 3, 6 и 12 месяцев. Ниже сразу показываю тарифы по периодам.\nСтоимость TIS зависит от бренда. Если марка указана, сразу показываю цену из прайса; если нет, попрошу назвать бренд.", "deterministic_answer": "Тариф EPC Full: 1 месяц — 6500 руб, 3 месяца — 18000 руб, 6 месяцев — 34800 руб, 12 месяцев — 62400 руб.\nДля расчета стоимости TIS нужна конкретная марка. Напишите интересующие бренды, и я сразу покажу цену.", "validator_passed": true, "selected_source": "llm", "selection_reason": "LLM answer preserved mandatory meaning and action compatibility.", "mandatory_blocks": [], "llm_validation": {}, "action_compatible": true, "validator_trace": {"is_valid": true, "blocker_hits": [], "missing_required": []}, "final_answer_source": "llm", "hard_deterministic_pricing": false, "hard_deterministic_service": false, "hard_locked_action": false}
pricing_flow_trace: {"active": false, "product": "", "mode": "all", "stage": "idle", "brand_mentions": [], "brand_items": [], "raw_brand_mentions": [], "requested_brand_keys": [], "recognized_brands": [], "unknown_brand_mentions": [], "priced_brands": [], "missing_price_brands": [], "pending_brand_mentions": [], "processed_brand_mentions": [], "remaining_brand_mentions": []}
product_context_trace: {"raw_query": "сколько стоит подписка", "requested_products": [], "raw_brand_mentions": [], "mentioned_brands": [], "unknown_brand_mentions": [], "brand_display": [], "asks_price": true, "asks_availability": false, "asks_comparison": false, "partial_access_requested": false, "partial_package_requested": false, "partial_epc_requested": false, "inferred_product_context": "", "unsupported_brand_group": "", "unknown_brand_query": "", "tis_price_status": "not_requested", "fallback_price_blocks": []}

TURN 1
user_query: сколько стоит подписка
agent_zero_turn_type: pricing_request
agent_zero_subtype: repeat_request
classifier_source: direct_json
topic_ids: ["epc_tariffs"]
selected_action: pricing_summary
answer_text: Здравствуйте! Подписка EPC Full доступна на 1, 3, 6 и 12 месяцев. Стоимость: 1 месяц — 6500 руб, 3 месяца — 18000 руб, 6 месяцев — 34800 руб, 12 месяцев — 62400 руб. Для TIS, пожалуйста, укажите интересующий вас бренд.
followup_trace: {"is_followup": false, "followup_type": "unknown_followup", "input": "сколько стоит подписка", "state_before": {"last_mentioned_brand": "", "last_topic_ids": [], "last_action_name": "", "last_bot_question_type": "unknown", "active_request_kind": "none", "manager_handoff_stage": "none"}, "inherited_brand": "", "suggested_topics": [], "reason": "No follow-up rule matched."}
dialog_act_trace: {}
shortlist_selected_scores: [{"topic_id": "epc_tariffs", "label_ru": "Тарифы EPC", "score": 1.941022, "lexical_score": 1.021022, "semantic_boost": 0.92, "semantic_penalty": 0.0, "continuity_boost": 0.0, "overlap": 1.0, "jaccard": 0.117647, "avoid_overlap": 1.0, "matched_tokens": ["подписк", "цена", "цене"], "score_breakdown": {"query": 0.714706, "meaning": 0.382895, "brand_boost": 0.0, "query_boost": 0.92, "final": 1.941022}}, {"topic_id": "tis_tariffs", "label_ru": "Тарифы TIS", "score": 1.586868, "lexical_score": 0.666868, "semantic_boost": 0.92, "semantic_penalty": 0.0, "continuity_boost": 0.0, "overlap": 0.5, "jaccard": 0.038462, "avoid_overlap": 0.25, "matched_tokens": ["цена", "цене"], "score_breakdown": {"query": 0.521154, "meaning": 0.182143, "brand_boost": 0.0, "query_boost": 0.92, "final": 1.586868}}, {"topic_id": "purchase_ready", "label_ru": "Готовность к покупке", "score": 0.73431, "lexical_score": 0.73431, "semantic_boost": 0.0, "semantic_penalty": 0.0, "continuity_boost": 0.0, "overlap": 0.5, "jaccard": 0.035714, "avoid_overlap": 0.0, "matched_tokens": ["подписк"], "score_breakdown": {"query": 0.519643, "meaning": 0.268333, "brand_boost": 0.0, "query_boost": 0.0, "final": 0.73431}}, {"topic_id": "subscription_renewal", "label_ru": "Продление подписки", "score": 0.713846, "lexical_score": 0.713846, "semantic_boost": 0.0, "semantic_penalty": 0.0, "continuity_boost": 0.0, "overlap": 0.5, "jaccard": 0.090909, "avoid_overlap": 0.25, "matched_tokens": ["подписк"], "score_breakdown": {"query": 0.55, "meaning": 0.204808, "brand_boost": 0.0, "query_boost": 0.0, "final": 0.713846}}, {"topic_id": "post_payment_access_timing", "label_ru": "Когда доступ после оплаты", "score": 0.52619, "lexical_score": 0.52619, "semantic_boost": 0.0, "semantic_penalty": 0.0, "continuity_boost": 0.0, "overlap": 0.5, "jaccard": 0.047619, "avoid_overlap": 0.0, "matched_tokens": ["цена"], "score_breakdown": {"query": 0.52619, "meaning": 0.0, "brand_boost": 0.0, "query_boost": 0.0, "final": 0.52619}}, {"topic_id": "free_catalog_comparison", "label_ru": "Сравнение с бесплатными каталогами", "score": 0.525, "lexical_score": 0.525, "semantic_boost": 0.0, "semantic_penalty": 0.0, "continuity_boost": 0.0, "overlap": 0.5, "jaccard": 0.045455, "avoid_overlap": 0.0, "matched_tokens": ["цена"], "score_breakdown": {"query": 0.525, "meaning": 0.0, "brand_boost": 0.0, "query_boost": 0.0, "final": 0.525}}, {"topic_id": "out_of_scope_request", "label_ru": "Вне профиля компании", "score": 0.522, "lexical_score": 0.522, "semantic_boost": 0.0, "semantic_penalty": 0.0, "continuity_boost": 0.0, "overlap": 0.5, "jaccard": 0.04, "avoid_overlap": 0.0, "matched_tokens": ["цена"], "score_breakdown": {"query": 0.522, "meaning": 0.0, "brand_boost": 0.0, "query_boost": 0.0, "final": 0.522}}, {"topic_id": "price_objection", "label_ru": "Возражение по цене", "score": 0.2599, "lexical_score": 0.2599, "semantic_boost": 0.0, "semantic_penalty": 0.0, "continuity_boost": 0.0, "overlap": 0.5, "jaccard": 0.052632, "avoid_overlap": 1.0, "matched_tokens": ["цена", "цене"], "score_breakdown": {"query": 0.178947, "meaning": 0.10119, "brand_boost": 0.0, "query_boost": 0.0, "final": 0.2599}}]
shortlist_skipped: null
shortlist_skip_reason: null
state_before: {"client_type": "unknown", "legal_entity_confirmed": false, "purchase_active": false, "purchase_stage": "unknown", "last_question_type": "unknown", "last_primary_topic": "out_of_scope_request", "last_topic_ids": [], "last_secondary_topics": [], "dialog_phase": "discovery", "conversation_closed": false, "greeted": false, "active_flow": "none", "flow_step": "idle", "last_action_name": "", "same_action_repeats": 0, "manager_handoff_stage": "none", "evidence_status": "unknown", "active_request_kind": "none", "document_contact_collected": false, "last_bot_question_type": "unknown", "last_mentioned_brand": "", "last_focus_topic": "out_of_scope_request", "last_context_gist": "", "last_context_meaning": "", "last_context_fallback_used": false, "last_context_fallback_reason": "", "active_business_flow": "none", "active_pricing_flow": "none", "pricing_requested_product": "", "requested_brands": [], "recognized_brands": [], "unknown_brand_mentions": [], "missing_price_brands": [], "priced_brands": [], "pending_brand_mentions": [], "pricing_mode": "all", "pricing_flow": {}, "service_semantic_memory": {}, "slots": {}}
state_after_classification: {"client_type": "unknown", "legal_entity_confirmed": false, "purchase_active": false, "purchase_stage": "unknown", "last_question_type": "unknown", "last_primary_topic": "epc_tariffs", "last_topic_ids": ["epc_tariffs"], "last_secondary_topics": [], "dialog_phase": "discovery", "conversation_closed": false, "greeted": false, "active_flow": "none", "flow_step": "idle", "last_action_name": "", "same_action_repeats": 0, "manager_handoff_stage": "none", "evidence_status": "unknown", "active_request_kind": "epc_tariffs", "document_contact_collected": false, "last_bot_question_type": "unknown", "last_mentioned_brand": "", "last_focus_topic": "epc_tariffs", "last_context_gist": "Клиент повторно спрашивает о стоимости подписки.", "last_context_meaning": "Клиент повторно запрашивает информацию о цене подписки.", "last_context_fallback_used": false, "last_context_fallback_reason": "", "active_business_flow": "pricing_tis", "active_pricing_flow": "tis", "pricing_requested_product": "tis", "requested_brands": [], "recognized_brands": [], "unknown_brand_mentions": [], "missing_price_brands": [], "priced_brands": [], "pending_brand_mentions": [], "pricing_mode": "all", "pricing_flow": {"active": true, "product": "tis", "mode": "all", "stage": "pricing_all", "brand_mentions": [], "brand_items": [], "raw_brand_mentions": [], "requested_brand_keys": [], "recognized_brands": [], "unknown_brand_mentions": [], "priced_brands": [], "missing_price_brands": [], "pending_brand_mentions": [], "processed_brand_mentions": [], "remaining_brand_mentions": []}, "service_semantic_memory": {}, "slots": {}}
state_after_response: {"client_type": "unknown", "legal_entity_confirmed": false, "purchase_active": false, "purchase_stage": "unknown", "last_question_type": "unknown", "last_primary_topic": "epc_tariffs", "last_topic_ids": ["epc_tariffs"], "last_secondary_topics": [], "dialog_phase": "discovery", "conversation_closed": false, "greeted": false, "active_flow": "none", "flow_step": "idle", "last_action_name": "pricing_summary", "same_action_repeats": 1, "manager_handoff_stage": "none", "evidence_status": "knowledge_context", "active_request_kind": "epc_tariffs", "document_contact_collected": false, "last_bot_question_type": "unknown", "last_mentioned_brand": "", "last_focus_topic": "epc_tariffs", "last_context_gist": "Клиент повторно спрашивает о стоимости подписки.", "last_context_meaning": "Клиент повторно запрашивает информацию о цене подписки.", "last_context_fallback_used": false, "last_context_fallback_reason": "", "active_business_flow": "pricing_tis", "active_pricing_flow": "tis", "pricing_requested_product": "tis", "requested_brands": [], "recognized_brands": [], "unknown_brand_mentions": [], "missing_price_brands": [], "priced_brands": [], "pending_brand_mentions": [], "pricing_mode": "all", "pricing_flow": {"active": true, "product": "tis", "mode": "all", "stage": "pricing_all", "brand_mentions": [], "brand_items": [], "raw_brand_mentions": [], "requested_brand_keys": [], "recognized_brands": [], "unknown_brand_mentions": [], "priced_brands": [], "missing_price_brands": [], "pending_brand_mentions": [], "processed_brand_mentions": [], "remaining_brand_mentions": []}, "service_semantic_memory": {}, "slots": {}}
answer_selection_trace: {"llm_answer": "Подписка EPC Full доступна на 1, 3, 6 и 12 месяцев. Стоимость: 1 месяц — 6500 руб, 3 месяца — 18000 руб, 6 месяцев — 34800 руб, 12 месяцев — 62400 руб. Для TIS, пожалуйста, укажите интересующий вас бренд.", "fallback_answer": "EPC Full доступен на 1, 3, 6 и 12 месяцев. Ниже сразу показываю тарифы по периодам.\nСтоимость TIS зависит от бренда. Если марка указана, сразу показываю цену из прайса; если нет, попрошу назвать бренд.", "deterministic_answer": "Тариф EPC Full: 1 месяц — 6500 руб, 3 месяца — 18000 руб, 6 месяцев — 34800 руб, 12 месяцев — 62400 руб.\nДля расчета стоимости TIS нужна конкретная марка. Напишите интересующие бренды, и я сразу покажу цену.", "validator_passed": true, "selected_source": "llm", "selection_reason": "LLM answer preserved mandatory meaning and action compatibility.", "mandatory_blocks": [], "llm_validation": {}, "action_compatible": true, "validator_trace": {"is_valid": true, "blocker_hits": [], "missing_required": []}, "final_answer_source": "llm", "hard_deterministic_pricing": false, "hard_deterministic_service": false, "hard_locked_action": false}
pricing_flow_trace: {"active": false, "product": "", "mode": "all", "stage": "idle", "brand_mentions": [], "brand_items": [], "raw_brand_mentions": [], "requested_brand_keys": [], "recognized_brands": [], "unknown_brand_mentions": [], "priced_brands": [], "missing_price_brands": [], "pending_brand_mentions": [], "processed_brand_mentions": [], "remaining_brand_mentions": []}
product_context_trace: {"raw_query": "сколько стоит подписка", "requested_products": [], "raw_brand_mentions": [], "mentioned_brands": [], "unknown_brand_mentions": [], "brand_display": [], "asks_price": true, "asks_availability": false, "asks_comparison": false, "partial_access_requested": false, "partial_package_requested": false, "partial_epc_requested": false, "inferred_product_context": "", "unsupported_brand_group": "", "unknown_brand_query": "", "tis_price_status": "not_requested", "fallback_price_blocks": []}

TURN 2
user_query: mers, ford, автоваз, Captiva и РСД-10
agent_zero_turn_type: brand_list_for_tis
agent_zero_subtype: 
classifier_source: dialog_act_router
topic_ids: ["tis_tariffs"]
selected_action: tis_tariffs
answer_text: Здравствуйте! TIS для Lada — 2500 руб.
По Ford цена TIS в текущем прайсе не указана.
Не распознал как бренды: Mers, Captiva, РСД-10. Уточните конкретные марки, и я проверю их отдельно.
Тариф EPC Full: 1 месяц — 6500 руб, 3 месяца — 18000 руб, 6 месяцев — 34800 руб, 12 месяцев — 62400 руб.
followup_trace: {"skipped": true, "reason": "dialog_act_router_applied", "followup_type": "tis_brand_list_followup"}
dialog_act_trace: {"applied": true, "reason": "tis_brand_list_pricing_flow", "topic_ids": ["tis_tariffs"], "action_name": "tis_tariffs", "turn_type": "brand_list_for_tis", "turn_subtype": "", "user_query": "mers, ford, автоваз, Captiva и РСД-10", "slot_snapshot": {"raw_brand_mentions": ["mers", "ford", "автоваз", "Captiva", "РСД-10"], "brand_mentions": [{"raw_text": "mers", "normalized_key": "mers", "recognized": false, "display_name": "Mers", "canonical_brand": ""}, {"raw_text": "ford", "normalized_key": "ford", "recognized": true, "display_name": "FORD", "canonical_brand": "ford"}, {"raw_text": "автоваз", "normalized_key": "автоваз", "recognized": true, "display_name": "LADA", "canonical_brand": "lada"}, {"raw_text": "Captiva", "normalized_key": "captiva", "recognized": false, "display_name": "Captiva", "canonical_brand": ""}, {"raw_text": "РСД-10", "normalized_key": "рсд-10", "recognized": false, "display_name": "РСД-10", "canonical_brand": ""}], "requested_brand_keys": ["mers", "ford", "автоваз", "captiva", "рсд-10"], "unknown_brand_mentions": ["Mers", "Captiva", "РСД-10"], "brands": ["ford", "lada"], "brand": "ford", "brand_display": "Ford", "brand_display_list": ["Ford", "Lada"]}, "product_context": {"raw_query": "mers, ford, автоваз, Captiva и РСД-10", "requested_products": [], "raw_brand_mentions": ["mers", "ford", "автоваз", "Captiva", "РСД-10"], "mentioned_brands": ["ford", "lada"], "unknown_brand_mentions": ["Mers", "Captiva", "РСД-10"], "brand_display": ["Ford", "Lada"], "asks_price": false, "asks_availability": false, "asks_comparison": false, "partial_access_requested": false, "partial_package_requested": false, "partial_epc_requested": false, "inferred_product_context": "tis", "unsupported_brand_group": "", "unknown_brand_query": ""}, "state_before": {"client_type": "unknown", "legal_entity_confirmed": false, "purchase_active": false, "purchase_stage": "unknown", "last_question_type": "unknown", "last_primary_topic": "epc_tariffs", "last_topic_ids": ["epc_tariffs"], "last_secondary_topics": [], "dialog_phase": "discovery", "conversation_closed": false, "greeted": false, "active_flow": "none", "flow_step": "idle", "last_action_name": "pricing_summary", "same_action_repeats": 1, "manager_handoff_stage": "none", "evidence_status": "knowledge_context", "active_request_kind": "epc_tariffs", "document_contact_collected": false, "last_bot_question_type": "unknown", "last_mentioned_brand": "", "last_focus_topic": "epc_tariffs", "last_context_gist": "Клиент повторно спрашивает о стоимости подписки.", "last_context_meaning": "Клиент повторно запрашивает информацию о цене подписки.", "last_context_fallback_used": false, "last_context_fallback_reason": "", "active_business_flow": "pricing_tis", "active_pricing_flow": "tis", "pricing_requested_product": "tis", "requested_brands": [], "recognized_brands": [], "unknown_brand_mentions": [], "missing_price_brands": [], "priced_brands": [], "pending_brand_mentions": [], "pricing_mode": "all", "pricing_flow": {"active": true, "product": "tis", "mode": "all", "stage": "pricing_all", "brand_mentions": [], "brand_items": [], "raw_brand_mentions": [], "requested_brand_keys": [], "recognized_brands": [], "unknown_brand_mentions": [], "priced_brands": [], "missing_price_brands": [], "pending_brand_mentions": [], "processed_brand_mentions": [], "remaining_brand_mentions": []}, "service_semantic_memory": {}, "slots": {}}, "extra_state_patch": {"active_pricing_flow": "tis", "pricing_requested_product": "tis", "pricing_mode": "all", "active_business_flow": "pricing_tis", "last_primary_topic": "tis_tariffs", "last_topic_ids": ["tis_tariffs"], "last_secondary_topics": [], "last_focus_topic": "tis_tariffs", "active_request_kind": "tis_tariffs"}}
shortlist_selected_scores: null
shortlist_skipped: true
shortlist_skip_reason: "tis_brand_list_pricing_flow"
state_before: {"client_type": "unknown", "legal_entity_confirmed": false, "purchase_active": false, "purchase_stage": "unknown", "last_question_type": "unknown", "last_primary_topic": "epc_tariffs", "last_topic_ids": ["epc_tariffs"], "last_secondary_topics": [], "dialog_phase": "discovery", "conversation_closed": false, "greeted": false, "active_flow": "none", "flow_step": "idle", "last_action_name": "pricing_summary", "same_action_repeats": 1, "manager_handoff_stage": "none", "evidence_status": "knowledge_context", "active_request_kind": "epc_tariffs", "document_contact_collected": false, "last_bot_question_type": "unknown", "last_mentioned_brand": "", "last_focus_topic": "epc_tariffs", "last_context_gist": "Клиент повторно спрашивает о стоимости подписки.", "last_context_meaning": "Клиент повторно запрашивает информацию о цене подписки.", "last_context_fallback_used": false, "last_context_fallback_reason": "", "active_business_flow": "pricing_tis", "active_pricing_flow": "tis", "pricing_requested_product": "tis", "requested_brands": [], "recognized_brands": [], "unknown_brand_mentions": [], "missing_price_brands": [], "priced_brands": [], "pending_brand_mentions": [], "pricing_mode": "all", "pricing_flow": {"active": true, "product": "tis", "mode": "all", "stage": "pricing_all", "brand_mentions": [], "brand_items": [], "raw_brand_mentions": [], "requested_brand_keys": [], "recognized_brands": [], "unknown_brand_mentions": [], "priced_brands": [], "missing_price_brands": [], "pending_brand_mentions": [], "processed_brand_mentions": [], "remaining_brand_mentions": []}, "service_semantic_memory": {}, "slots": {}}
state_after_classification: {"client_type": "unknown", "legal_entity_confirmed": false, "purchase_active": false, "purchase_stage": "unknown", "last_question_type": "unknown", "last_primary_topic": "tis_tariffs", "last_topic_ids": ["tis_tariffs"], "last_secondary_topics": [], "dialog_phase": "discovery", "conversation_closed": false, "greeted": false, "active_flow": "none", "flow_step": "idle", "last_action_name": "pricing_summary", "same_action_repeats": 1, "manager_handoff_stage": "none", "evidence_status": "knowledge_context", "active_request_kind": "tis_tariffs", "document_contact_collected": false, "last_bot_question_type": "unknown", "last_mentioned_brand": "", "last_focus_topic": "tis_tariffs", "last_context_gist": "Клиент перечисляет бренды для подписки TIS после запроса бота.", "last_context_meaning": "Клиент предоставляет список брендов, для которых нужна подписка TIS.", "last_context_fallback_used": false, "last_context_fallback_reason": "", "active_business_flow": "pricing_tis", "active_pricing_flow": "tis", "pricing_requested_product": "tis", "requested_brands": ["mers", "ford", "автоваз", "captiva", "рсд-10"], "recognized_brands": ["ford", "lada"], "unknown_brand_mentions": ["Mers", "Captiva", "РСД-10"], "missing_price_brands": ["ford", "lada"], "priced_brands": [], "pending_brand_mentions": ["Mers", "FORD", "LADA", "Captiva", "РСД-10"], "pricing_mode": "all", "pricing_flow": {"active": true, "product": "tis", "mode": "all", "stage": "pricing_all", "brand_mentions": [{"raw_text": "mers", "normalized_key": "mers", "recognized": false, "display_name": "Mers", "canonical_brand": ""}, {"raw_text": "ford", "normalized_key": "ford", "recognized": true, "display_name": "FORD", "canonical_brand": "ford"}, {"raw_text": "автоваз", "normalized_key": "автоваз", "recognized": true, "display_name": "LADA", "canonical_brand": "lada"}, {"raw_text": "Captiva", "normalized_key": "captiva", "recognized": false, "display_name": "Captiva", "canonical_brand": ""}, {"raw_text": "РСД-10", "normalized_key": "рсд-10", "recognized": false, "display_name": "РСД-10", "canonical_brand": ""}], "brand_items": [{"canonical_brand": "", "display_name": "Mers", "raw_surface": "mers", "recognized": false, "has_price": false, "processed": false, "status": "unresolved"}, {"canonical_brand": "ford", "display_name": "FORD", "raw_surface": "ford", "recognized": true, "has_price": false, "processed": false, "status": "missing_price"}, {"canonical_brand": "lada", "display_name": "LADA", "raw_surface": "автоваз", "recognized": true, "has_price": false, "processed": false, "status": "missing_price"}, {"canonical_brand": "", "display_name": "Captiva", "raw_surface": "Captiva", "recognized": false, "has_price": false, "processed": false, "status": "unresolved"}, {"canonical_brand": "", "display_name": "РСД-10", "raw_surface": "РСД-10", "recognized": false, "has_price": false, "processed": false, "status": "unresolved"}], "raw_brand_mentions": ["mers", "ford", "автоваз", "Captiva", "РСД-10"], "requested_brand_keys": ["mers", "ford", "автоваз", "captiva", "рсд-10"], "recognized_brands": ["ford", "lada"], "unknown_brand_mentions": ["Mers", "Captiva", "РСД-10"], "priced_brands": [], "missing_price_brands": ["ford", "lada"], "pending_brand_mentions": ["Mers", "FORD", "LADA", "Captiva", "РСД-10"], "processed_brand_mentions": [], "remaining_brand_mentions": ["Mers", "FORD", "LADA", "Captiva", "РСД-10"]}, "service_semantic_memory": {}, "slots": {"raw_brand_mentions": ["mers", "ford", "автоваз", "Captiva", "РСД-10"], "brand_mentions": [{"raw_text": "mers", "normalized_key": "mers", "recognized": false, "display_name": "Mers", "canonical_brand": ""}, {"raw_text": "ford", "normalized_key": "ford", "recognized": true, "display_name": "FORD", "canonical_brand": "ford"}, {"raw_text": "автоваз", "normalized_key": "автоваз", "recognized": true, "display_name": "LADA", "canonical_brand": "lada"}, {"raw_text": "Captiva", "normalized_key": "captiva", "recognized": false, "display_name": "Captiva", "canonical_brand": ""}, {"raw_text": "РСД-10", "normalized_key": "рсд-10", "recognized": false, "display_name": "РСД-10", "canonical_brand": ""}], "requested_brand_keys": ["mers", "ford", "автоваз", "captiva", "рсд-10"], "unknown_brand_mentions": ["Mers", "Captiva", "РСД-10"], "brands": ["ford", "lada"], "brand": "ford", "brand_display": "Ford", "brand_display_list": ["Ford", "Lada"]}}
state_after_response: {"client_type": "unknown", "legal_entity_confirmed": false, "purchase_active": false, "purchase_stage": "unknown", "last_question_type": "unknown", "last_primary_topic": "tis_tariffs", "last_topic_ids": ["tis_tariffs"], "last_secondary_topics": [], "dialog_phase": "discovery", "conversation_closed": false, "greeted": false, "active_flow": "none", "flow_step": "idle", "last_action_name": "tis_tariffs", "same_action_repeats": 1, "manager_handoff_stage": "none", "evidence_status": "knowledge_context", "active_request_kind": "tis_tariffs", "document_contact_collected": false, "last_bot_question_type": "unknown", "last_mentioned_brand": "", "last_focus_topic": "tis_tariffs", "last_context_gist": "Клиент перечисляет бренды для подписки TIS после запроса бота.", "last_context_meaning": "Клиент предоставляет список брендов, для которых нужна подписка TIS.", "last_context_fallback_used": false, "last_context_fallback_reason": "", "active_business_flow": "pricing_tis", "active_pricing_flow": "tis", "pricing_requested_product": "tis", "requested_brands": ["mers", "ford", "автоваз", "captiva", "рсд-10"], "recognized_brands": ["ford", "lada"], "unknown_brand_mentions": ["Mers", "Captiva", "РСД-10"], "missing_price_brands": ["ford"], "priced_brands": ["lada"], "pending_brand_mentions": ["Mers", "FORD", "Captiva", "РСД-10"], "pricing_mode": "all", "pricing_flow": {"active": true, "product": "tis", "mode": "all", "stage": "pricing_all", "brand_mentions": [{"raw_text": "mers", "normalized_key": "mers", "recognized": false, "display_name": "Mers", "canonical_brand": ""}, {"raw_text": "ford", "normalized_key": "ford", "recognized": true, "display_name": "FORD", "canonical_brand": "ford"}, {"raw_text": "автоваз", "normalized_key": "автоваз", "recognized": true, "display_name": "LADA", "canonical_brand": "lada"}, {"raw_text": "Captiva", "normalized_key": "captiva", "recognized": false, "display_name": "Captiva", "canonical_brand": ""}, {"raw_text": "РСД-10", "normalized_key": "рсд-10", "recognized": false, "display_name": "РСД-10", "canonical_brand": ""}], "brand_items": [{"canonical_brand": "", "display_name": "Mers", "raw_surface": "mers", "recognized": false, "has_price": false, "processed": false, "status": "unresolved"}, {"canonical_brand": "ford", "display_name": "FORD", "raw_surface": "ford", "recognized": true, "has_price": false, "processed": false, "status": "missing_price"}, {"canonical_brand": "lada", "display_name": "LADA", "raw_surface": "автоваз", "recognized": true, "has_price": true, "processed": true, "status": "priced"}, {"canonical_brand": "", "display_name": "Captiva", "raw_surface": "Captiva", "recognized": false, "has_price": false, "processed": false, "status": "unresolved"}, {"canonical_brand": "", "display_name": "РСД-10", "raw_surface": "РСД-10", "recognized": false, "has_price": false, "processed": false, "status": "unresolved"}], "raw_brand_mentions": ["mers", "ford", "автоваз", "Captiva", "РСД-10"], "requested_brand_keys": ["mers", "ford", "автоваз", "captiva", "рсд-10"], "recognized_brands": ["ford", "lada"], "unknown_brand_mentions": ["Mers", "Captiva", "РСД-10"], "priced_brands": ["lada"], "missing_price_brands": ["ford"], "pending_brand_mentions": ["Mers", "FORD", "Captiva", "РСД-10"], "processed_brand_mentions": ["LADA"], "remaining_brand_mentions": ["Mers", "FORD", "Captiva", "РСД-10"]}, "service_semantic_memory": {}, "slots": {"raw_brand_mentions": ["mers", "ford", "автоваз", "Captiva", "РСД-10"], "brand_mentions": [{"raw_text": "mers", "normalized_key": "mers", "recognized": false, "display_name": "Mers", "canonical_brand": ""}, {"raw_text": "ford", "normalized_key": "ford", "recognized": true, "display_name": "FORD", "canonical_brand": "ford"}, {"raw_text": "автоваз", "normalized_key": "автоваз", "recognized": true, "display_name": "LADA", "canonical_brand": "lada"}, {"raw_text": "Captiva", "normalized_key": "captiva", "recognized": false, "display_name": "Captiva", "canonical_brand": ""}, {"raw_text": "РСД-10", "normalized_key": "рсд-10", "recognized": false, "display_name": "РСД-10", "canonical_brand": ""}], "requested_brand_keys": ["mers", "ford", "автоваз", "captiva", "рсд-10"], "unknown_brand_mentions": ["Mers", "Captiva", "РСД-10"], "brands": ["ford", "lada"], "brand": "ford", "brand_display": "Ford", "brand_display_list": ["Ford", "Lada"]}}
answer_selection_trace: {"llm_answer": "Для Lada стоимость TIS — 2500 руб. По Ford цена TIS в текущем прайсе не указана. Не распознал как бренды: Mers, Captiva, РСД-10. Уточните конкретные марки, и я проверю их отдельно.", "fallback_answer": "ford, lada\nPRODUCT CONTEXT:", "deterministic_answer": "TIS для Lada — 2500 руб.\nПо Ford цена TIS в текущем прайсе не указана.\nНе распознал как бренды: Mers, Captiva, РСД-10. Уточните конкретные марки, и я проверю их отдельно.\nТариф EPC Full: 1 месяц — 6500 руб, 3 месяца — 18000 руб, 6 месяцев — 34800 руб, 12 месяцев — 62400 руб.", "validator_passed": true, "selected_source": "deterministic", "selection_reason": "Hard deterministic pricing policy applied for missing TIS price state.", "mandatory_blocks": [{"key": "brand_display", "required_phrases": ["Ford"], "semantic_tags": []}], "llm_validation": {"brand_display": true}, "action_compatible": true, "validator_trace": {"is_valid": true, "blocker_hits": [], "missing_required": []}, "final_answer_source": "deterministic", "hard_deterministic_pricing": true, "hard_deterministic_service": false, "hard_locked_action": false}
pricing_flow_trace: {"active": true, "product": "tis", "mode": "all", "stage": "pricing_all", "brand_mentions": [{"raw_text": "mers", "normalized_key": "mers", "recognized": false, "display_name": "Mers", "canonical_brand": ""}, {"raw_text": "ford", "normalized_key": "ford", "recognized": true, "display_name": "FORD", "canonical_brand": "ford"}, {"raw_text": "автоваз", "normalized_key": "автоваз", "recognized": true, "display_name": "LADA", "canonical_brand": "lada"}, {"raw_text": "Captiva", "normalized_key": "captiva", "recognized": false, "display_name": "Captiva", "canonical_brand": ""}, {"raw_text": "РСД-10", "normalized_key": "рсд-10", "recognized": false, "display_name": "РСД-10", "canonical_brand": ""}], "brand_items": [{"canonical_brand": "", "display_name": "Mers", "raw_surface": "mers", "recognized": false, "has_price": false, "processed": false, "status": "unresolved"}, {"canonical_brand": "ford", "display_name": "FORD", "raw_surface": "ford", "recognized": true, "has_price": false, "processed": false, "status": "missing_price"}, {"canonical_brand": "lada", "display_name": "LADA", "raw_surface": "автоваз", "recognized": true, "has_price": true, "processed": false, "status": "priced"}, {"canonical_brand": "", "display_name": "Captiva", "raw_surface": "Captiva", "recognized": false, "has_price": false, "processed": false, "status": "unresolved"}, {"canonical_brand": "", "display_name": "РСД-10", "raw_surface": "РСД-10", "recognized": false, "has_price": false, "processed": false, "status": "unresolved"}], "raw_brand_mentions": ["mers", "ford", "автоваз", "Captiva", "РСД-10"], "requested_brand_keys": ["mers", "ford", "автоваз", "captiva", "рсд-10"], "recognized_brands": ["ford", "lada"], "unknown_brand_mentions": ["Mers", "Captiva", "РСД-10"], "priced_brands": [], "missing_price_brands": ["ford", "lada"], "pending_brand_mentions": ["Mers", "FORD", "LADA", "Captiva", "РСД-10"], "processed_brand_mentions": [], "remaining_brand_mentions": ["Mers", "FORD", "LADA", "Captiva", "РСД-10"]}
product_context_trace: {"raw_query": "mers, ford, автоваз, Captiva и РСД-10", "requested_products": [], "raw_brand_mentions": ["mers", "ford", "автоваз", "Captiva", "РСД-10"], "mentioned_brands": ["ford", "lada"], "unknown_brand_mentions": ["Mers", "Captiva", "РСД-10"], "brand_display": ["Ford", "Lada"], "asks_price": false, "asks_availability": false, "asks_comparison": false, "partial_access_requested": false, "partial_package_requested": false, "partial_epc_requested": false, "inferred_product_context": "tis", "unsupported_brand_group": "", "unknown_brand_query": "", "tis_price_status": "mixed", "fallback_price_blocks": ["epc"]}

TURN 2
user_query: mers, ford, автоваз, Captiva и РСД-10
agent_zero_turn_type: brand_list_for_tis
agent_zero_subtype: 
classifier_source: dialog_act_router
topic_ids: ["tis_tariffs"]
selected_action: tis_tariffs
answer_text: Здравствуйте! TIS для Lada — 2500 руб.
По Ford цена TIS в текущем прайсе не указана.
Не распознал как бренды: Mers, Captiva, РСД-10. Уточните конкретные марки, и я проверю их отдельно.
Тариф EPC Full: 1 месяц — 6500 руб, 3 месяца — 18000 руб, 6 месяцев — 34800 руб, 12 месяцев — 62400 руб.
followup_trace: {"is_followup": true, "followup_type": "tis_brand_list_followup", "input": "mers, ford, автоваз, Captiva и РСД-10", "state_before": {"last_mentioned_brand": "", "last_topic_ids": ["epc_tariffs"], "last_action_name": "pricing_summary", "last_bot_question_type": "unknown", "active_request_kind": "epc_tariffs", "manager_handoff_stage": "none"}, "inherited_brand": "", "suggested_topics": ["tis_tariffs", "specific_brand_check"], "reason": "Brand list for TIS detected after pricing request."}
dialog_act_trace: {"applied": true, "reason": "tis_brand_list_pricing_flow", "topic_ids": ["tis_tariffs"], "action_name": "tis_tariffs", "turn_type": "brand_list_for_tis", "turn_subtype": "", "user_query": "mers, ford, автоваз, Captiva и РСД-10", "slot_snapshot": {"raw_brand_mentions": ["mers", "ford", "автоваз", "Captiva", "РСД-10"], "brand_mentions": [{"raw_text": "mers", "normalized_key": "mers", "recognized": false, "display_name": "Mers", "canonical_brand": ""}, {"raw_text": "ford", "normalized_key": "ford", "recognized": true, "display_name": "FORD", "canonical_brand": "ford"}, {"raw_text": "автоваз", "normalized_key": "автоваз", "recognized": true, "display_name": "LADA", "canonical_brand": "lada"}, {"raw_text": "Captiva", "normalized_key": "captiva", "recognized": false, "display_name": "Captiva", "canonical_brand": ""}, {"raw_text": "РСД-10", "normalized_key": "рсд-10", "recognized": false, "display_name": "РСД-10", "canonical_brand": ""}], "requested_brand_keys": ["mers", "ford", "автоваз", "captiva", "рсд-10"], "unknown_brand_mentions": ["Mers", "Captiva", "РСД-10"], "brands": ["ford", "lada"], "brand": "ford", "brand_display": "Ford", "brand_display_list": ["Ford", "Lada"]}, "product_context": {"raw_query": "mers, ford, автоваз, Captiva и РСД-10", "requested_products": [], "raw_brand_mentions": ["mers", "ford", "автоваз", "Captiva", "РСД-10"], "mentioned_brands": ["ford", "lada"], "unknown_brand_mentions": ["Mers", "Captiva", "РСД-10"], "brand_display": ["Ford", "Lada"], "asks_price": false, "asks_availability": false, "asks_comparison": false, "partial_access_requested": false, "partial_package_requested": false, "partial_epc_requested": false, "inferred_product_context": "tis", "unsupported_brand_group": "", "unknown_brand_query": ""}, "state_before": {"client_type": "unknown", "legal_entity_confirmed": false, "purchase_active": false, "purchase_stage": "unknown", "last_question_type": "unknown", "last_primary_topic": "epc_tariffs", "last_topic_ids": ["epc_tariffs"], "last_secondary_topics": [], "dialog_phase": "discovery", "conversation_closed": false, "greeted": false, "active_flow": "none", "flow_step": "idle", "last_action_name": "pricing_summary", "same_action_repeats": 1, "manager_handoff_stage": "none", "evidence_status": "knowledge_context", "active_request_kind": "epc_tariffs", "document_contact_collected": false, "last_bot_question_type": "unknown", "last_mentioned_brand": "", "last_focus_topic": "epc_tariffs", "last_context_gist": "Клиент повторно спрашивает о стоимости подписки.", "last_context_meaning": "Клиент повторно запрашивает информацию о цене подписки.", "last_context_fallback_used": false, "last_context_fallback_reason": "", "active_business_flow": "pricing_tis", "active_pricing_flow": "tis", "pricing_requested_product": "tis", "requested_brands": [], "recognized_brands": [], "unknown_brand_mentions": [], "missing_price_brands": [], "priced_brands": [], "pending_brand_mentions": [], "pricing_mode": "all", "pricing_flow": {"active": true, "product": "tis", "mode": "all", "stage": "pricing_all", "brand_mentions": [], "brand_items": [], "raw_brand_mentions": [], "requested_brand_keys": [], "recognized_brands": [], "unknown_brand_mentions": [], "priced_brands": [], "missing_price_brands": [], "pending_brand_mentions": [], "processed_brand_mentions": [], "remaining_brand_mentions": []}, "service_semantic_memory": {}, "slots": {}}, "extra_state_patch": {"active_pricing_flow": "tis", "pricing_requested_product": "tis", "pricing_mode": "all", "active_business_flow": "pricing_tis", "last_primary_topic": "tis_tariffs", "last_topic_ids": ["tis_tariffs"], "last_secondary_topics": [], "last_focus_topic": "tis_tariffs", "active_request_kind": "tis_tariffs"}}
shortlist_selected_scores: null
shortlist_skipped: true
shortlist_skip_reason: "tis_brand_list_pricing_flow"
state_before: {"client_type": "unknown", "legal_entity_confirmed": false, "purchase_active": false, "purchase_stage": "unknown", "last_question_type": "unknown", "last_primary_topic": "epc_tariffs", "last_topic_ids": ["epc_tariffs"], "last_secondary_topics": [], "dialog_phase": "discovery", "conversation_closed": false, "greeted": false, "active_flow": "none", "flow_step": "idle", "last_action_name": "pricing_summary", "same_action_repeats": 1, "manager_handoff_stage": "none", "evidence_status": "knowledge_context", "active_request_kind": "epc_tariffs", "document_contact_collected": false, "last_bot_question_type": "unknown", "last_mentioned_brand": "", "last_focus_topic": "epc_tariffs", "last_context_gist": "Клиент повторно спрашивает о стоимости подписки.", "last_context_meaning": "Клиент повторно запрашивает информацию о цене подписки.", "last_context_fallback_used": false, "last_context_fallback_reason": "", "active_business_flow": "pricing_tis", "active_pricing_flow": "tis", "pricing_requested_product": "tis", "requested_brands": [], "recognized_brands": [], "unknown_brand_mentions": [], "missing_price_brands": [], "priced_brands": [], "pending_brand_mentions": [], "pricing_mode": "all", "pricing_flow": {"active": true, "product": "tis", "mode": "all", "stage": "pricing_all", "brand_mentions": [], "brand_items": [], "raw_brand_mentions": [], "requested_brand_keys": [], "recognized_brands": [], "unknown_brand_mentions": [], "priced_brands": [], "missing_price_brands": [], "pending_brand_mentions": [], "processed_brand_mentions": [], "remaining_brand_mentions": []}, "service_semantic_memory": {}, "slots": {}}
state_after_classification: {"client_type": "unknown", "legal_entity_confirmed": false, "purchase_active": false, "purchase_stage": "unknown", "last_question_type": "unknown", "last_primary_topic": "tis_tariffs", "last_topic_ids": ["tis_tariffs"], "last_secondary_topics": [], "dialog_phase": "discovery", "conversation_closed": false, "greeted": false, "active_flow": "none", "flow_step": "idle", "last_action_name": "pricing_summary", "same_action_repeats": 1, "manager_handoff_stage": "none", "evidence_status": "knowledge_context", "active_request_kind": "tis_tariffs", "document_contact_collected": false, "last_bot_question_type": "unknown", "last_mentioned_brand": "", "last_focus_topic": "tis_tariffs", "last_context_gist": "Клиент перечисляет бренды для подписки TIS после запроса бота.", "last_context_meaning": "Клиент предоставляет список брендов, для которых нужна подписка TIS.", "last_context_fallback_used": false, "last_context_fallback_reason": "", "active_business_flow": "pricing_tis", "active_pricing_flow": "tis", "pricing_requested_product": "tis", "requested_brands": ["mers", "ford", "автоваз", "captiva", "рсд-10"], "recognized_brands": ["ford", "lada"], "unknown_brand_mentions": ["Mers", "Captiva", "РСД-10"], "missing_price_brands": ["ford", "lada"], "priced_brands": [], "pending_brand_mentions": ["Mers", "FORD", "LADA", "Captiva", "РСД-10"], "pricing_mode": "all", "pricing_flow": {"active": true, "product": "tis", "mode": "all", "stage": "pricing_all", "brand_mentions": [{"raw_text": "mers", "normalized_key": "mers", "recognized": false, "display_name": "Mers", "canonical_brand": ""}, {"raw_text": "ford", "normalized_key": "ford", "recognized": true, "display_name": "FORD", "canonical_brand": "ford"}, {"raw_text": "автоваз", "normalized_key": "автоваз", "recognized": true, "display_name": "LADA", "canonical_brand": "lada"}, {"raw_text": "Captiva", "normalized_key": "captiva", "recognized": false, "display_name": "Captiva", "canonical_brand": ""}, {"raw_text": "РСД-10", "normalized_key": "рсд-10", "recognized": false, "display_name": "РСД-10", "canonical_brand": ""}], "brand_items": [{"canonical_brand": "", "display_name": "Mers", "raw_surface": "mers", "recognized": false, "has_price": false, "processed": false, "status": "unresolved"}, {"canonical_brand": "ford", "display_name": "FORD", "raw_surface": "ford", "recognized": true, "has_price": false, "processed": false, "status": "missing_price"}, {"canonical_brand": "lada", "display_name": "LADA", "raw_surface": "автоваз", "recognized": true, "has_price": false, "processed": false, "status": "missing_price"}, {"canonical_brand": "", "display_name": "Captiva", "raw_surface": "Captiva", "recognized": false, "has_price": false, "processed": false, "status": "unresolved"}, {"canonical_brand": "", "display_name": "РСД-10", "raw_surface": "РСД-10", "recognized": false, "has_price": false, "processed": false, "status": "unresolved"}], "raw_brand_mentions": ["mers", "ford", "автоваз", "Captiva", "РСД-10"], "requested_brand_keys": ["mers", "ford", "автоваз", "captiva", "рсд-10"], "recognized_brands": ["ford", "lada"], "unknown_brand_mentions": ["Mers", "Captiva", "РСД-10"], "priced_brands": [], "missing_price_brands": ["ford", "lada"], "pending_brand_mentions": ["Mers", "FORD", "LADA", "Captiva", "РСД-10"], "processed_brand_mentions": [], "remaining_brand_mentions": ["Mers", "FORD", "LADA", "Captiva", "РСД-10"]}, "service_semantic_memory": {}, "slots": {"raw_brand_mentions": ["mers", "ford", "автоваз", "Captiva", "РСД-10"], "brand_mentions": [{"raw_text": "mers", "normalized_key": "mers", "recognized": false, "display_name": "Mers", "canonical_brand": ""}, {"raw_text": "ford", "normalized_key": "ford", "recognized": true, "display_name": "FORD", "canonical_brand": "ford"}, {"raw_text": "автоваз", "normalized_key": "автоваз", "recognized": true, "display_name": "LADA", "canonical_brand": "lada"}, {"raw_text": "Captiva", "normalized_key": "captiva", "recognized": false, "display_name": "Captiva", "canonical_brand": ""}, {"raw_text": "РСД-10", "normalized_key": "рсд-10", "recognized": false, "display_name": "РСД-10", "canonical_brand": ""}], "requested_brand_keys": ["mers", "ford", "автоваз", "captiva", "рсд-10"], "unknown_brand_mentions": ["Mers", "Captiva", "РСД-10"], "brands": ["ford", "lada"], "brand": "ford", "brand_display": "Ford", "brand_display_list": ["Ford", "Lada"]}}
state_after_response: {"client_type": "unknown", "legal_entity_confirmed": false, "purchase_active": false, "purchase_stage": "unknown", "last_question_type": "unknown", "last_primary_topic": "tis_tariffs", "last_topic_ids": ["tis_tariffs"], "last_secondary_topics": [], "dialog_phase": "discovery", "conversation_closed": false, "greeted": false, "active_flow": "none", "flow_step": "idle", "last_action_name": "tis_tariffs", "same_action_repeats": 1, "manager_handoff_stage": "none", "evidence_status": "knowledge_context", "active_request_kind": "tis_tariffs", "document_contact_collected": false, "last_bot_question_type": "unknown", "last_mentioned_brand": "", "last_focus_topic": "tis_tariffs", "last_context_gist": "Клиент перечисляет бренды для подписки TIS после запроса бота.", "last_context_meaning": "Клиент предоставляет список брендов, для которых нужна подписка TIS.", "last_context_fallback_used": false, "last_context_fallback_reason": "", "active_business_flow": "pricing_tis", "active_pricing_flow": "tis", "pricing_requested_product": "tis", "requested_brands": ["mers", "ford", "автоваз", "captiva", "рсд-10"], "recognized_brands": ["ford", "lada"], "unknown_brand_mentions": ["Mers", "Captiva", "РСД-10"], "missing_price_brands": ["ford"], "priced_brands": ["lada"], "pending_brand_mentions": ["Mers", "FORD", "Captiva", "РСД-10"], "pricing_mode": "all", "pricing_flow": {"active": true, "product": "tis", "mode": "all", "stage": "pricing_all", "brand_mentions": [{"raw_text": "mers", "normalized_key": "mers", "recognized": false, "display_name": "Mers", "canonical_brand": ""}, {"raw_text": "ford", "normalized_key": "ford", "recognized": true, "display_name": "FORD", "canonical_brand": "ford"}, {"raw_text": "автоваз", "normalized_key": "автоваз", "recognized": true, "display_name": "LADA", "canonical_brand": "lada"}, {"raw_text": "Captiva", "normalized_key": "captiva", "recognized": false, "display_name": "Captiva", "canonical_brand": ""}, {"raw_text": "РСД-10", "normalized_key": "рсд-10", "recognized": false, "display_name": "РСД-10", "canonical_brand": ""}], "brand_items": [{"canonical_brand": "", "display_name": "Mers", "raw_surface": "mers", "recognized": false, "has_price": false, "processed": false, "status": "unresolved"}, {"canonical_brand": "ford", "display_name": "FORD", "raw_surface": "ford", "recognized": true, "has_price": false, "processed": true, "status": "missing_price"}, {"canonical_brand": "lada", "display_name": "LADA", "raw_surface": "автоваз", "recognized": true, "has_price": true, "processed": true, "status": "priced"}, {"canonical_brand": "", "display_name": "Captiva", "raw_surface": "Captiva", "recognized": false, "has_price": false, "processed": false, "status": "unresolved"}, {"canonical_brand": "", "display_name": "РСД-10", "raw_surface": "РСД-10", "recognized": false, "has_price": false, "processed": false, "status": "unresolved"}], "raw_brand_mentions": ["mers", "ford", "автоваз", "Captiva", "РСД-10"], "requested_brand_keys": ["mers", "ford", "автоваз", "captiva", "рсд-10"], "recognized_brands": ["ford", "lada"], "unknown_brand_mentions": ["Mers", "Captiva", "РСД-10"], "priced_brands": ["lada"], "missing_price_brands": ["ford"], "pending_brand_mentions": ["Mers", "FORD", "Captiva", "РСД-10"], "processed_brand_mentions": ["FORD", "LADA"], "remaining_brand_mentions": ["Mers", "Captiva", "РСД-10"]}, "service_semantic_memory": {}, "slots": {"raw_brand_mentions": ["mers", "ford", "автоваз", "Captiva", "РСД-10"], "brand_mentions": [{"raw_text": "mers", "normalized_key": "mers", "recognized": false, "display_name": "Mers", "canonical_brand": ""}, {"raw_text": "ford", "normalized_key": "ford", "recognized": true, "display_name": "FORD", "canonical_brand": "ford"}, {"raw_text": "автоваз", "normalized_key": "автоваз", "recognized": true, "display_name": "LADA", "canonical_brand": "lada"}, {"raw_text": "Captiva", "normalized_key": "captiva", "recognized": false, "display_name": "Captiva", "canonical_brand": ""}, {"raw_text": "РСД-10", "normalized_key": "рсд-10", "recognized": false, "display_name": "РСД-10", "canonical_brand": ""}], "requested_brand_keys": ["mers", "ford", "автоваз", "captiva", "рсд-10"], "unknown_brand_mentions": ["Mers", "Captiva", "РСД-10"], "brands": ["ford", "lada"], "brand": "ford", "brand_display": "Ford", "brand_display_list": ["Ford", "Lada"]}}
answer_selection_trace: {"llm_answer": "Для Lada стоимость TIS — 2500 руб. По Ford цена TIS в текущем прайсе не указана. Не распознал как бренды: Mers, Captiva, РСД-10. Уточните конкретные марки, и я проверю их отдельно.", "fallback_answer": "ford, lada\nPRODUCT CONTEXT:", "deterministic_answer": "TIS для Lada — 2500 руб.\nПо Ford цена TIS в текущем прайсе не указана.\nНе распознал как бренды: Mers, Captiva, РСД-10. Уточните конкретные марки, и я проверю их отдельно.\nТариф EPC Full: 1 месяц — 6500 руб, 3 месяца — 18000 руб, 6 месяцев — 34800 руб, 12 месяцев — 62400 руб.", "validator_passed": true, "selected_source": "deterministic", "selection_reason": "Hard deterministic pricing policy applied for missing TIS price state.", "mandatory_blocks": [{"key": "brand_display", "required_phrases": ["Ford"], "semantic_tags": []}], "llm_validation": {"brand_display": true}, "action_compatible": true, "validator_trace": {"is_valid": true, "blocker_hits": [], "missing_required": []}, "final_answer_source": "deterministic", "hard_deterministic_pricing": true, "hard_deterministic_service": false, "hard_locked_action": false}
pricing_flow_trace: {"active": true, "product": "tis", "mode": "all", "stage": "pricing_all", "brand_mentions": [{"raw_text": "mers", "normalized_key": "mers", "recognized": false, "display_name": "Mers", "canonical_brand": ""}, {"raw_text": "ford", "normalized_key": "ford", "recognized": true, "display_name": "FORD", "canonical_brand": "ford"}, {"raw_text": "автоваз", "normalized_key": "автоваз", "recognized": true, "display_name": "LADA", "canonical_brand": "lada"}, {"raw_text": "Captiva", "normalized_key": "captiva", "recognized": false, "display_name": "Captiva", "canonical_brand": ""}, {"raw_text": "РСД-10", "normalized_key": "рсд-10", "recognized": false, "display_name": "РСД-10", "canonical_brand": ""}], "brand_items": [{"canonical_brand": "", "display_name": "Mers", "raw_surface": "mers", "recognized": false, "has_price": false, "processed": false, "status": "unresolved"}, {"canonical_brand": "ford", "display_name": "FORD", "raw_surface": "ford", "recognized": true, "has_price": false, "processed": false, "status": "missing_price"}, {"canonical_brand": "lada", "display_name": "LADA", "raw_surface": "автоваз", "recognized": true, "has_price": false, "processed": false, "status": "missing_price"}, {"canonical_brand": "", "display_name": "Captiva", "raw_surface": "Captiva", "recognized": false, "has_price": false, "processed": false, "status": "unresolved"}, {"canonical_brand": "", "display_name": "РСД-10", "raw_surface": "РСД-10", "recognized": false, "has_price": false, "processed": false, "status": "unresolved"}], "raw_brand_mentions": ["mers", "ford", "автоваз", "Captiva", "РСД-10"], "requested_brand_keys": ["mers", "ford", "автоваз", "captiva", "рсд-10"], "recognized_brands": ["ford", "lada"], "unknown_brand_mentions": ["Mers", "Captiva", "РСД-10"], "priced_brands": [], "missing_price_brands": ["ford", "lada"], "pending_brand_mentions": ["Mers", "FORD", "LADA", "Captiva", "РСД-10"], "processed_brand_mentions": [], "remaining_brand_mentions": ["Mers", "FORD", "LADA", "Captiva", "РСД-10"]}
product_context_trace: {"raw_query": "mers, ford, автоваз, Captiva и РСД-10", "requested_products": [], "raw_brand_mentions": ["mers", "ford", "автоваз", "Captiva", "РСД-10"], "mentioned_brands": ["ford", "lada"], "unknown_brand_mentions": ["Mers", "Captiva", "РСД-10"], "brand_display": ["Ford", "Lada"], "asks_price": false, "asks_availability": false, "asks_comparison": false, "partial_access_requested": false, "partial_package_requested": false, "partial_epc_requested": false, "inferred_product_context": "tis", "unsupported_brand_group": "", "unknown_brand_query": "", "tis_price_status": "mixed", "fallback_price_blocks": ["epc"]}

TURN 2
user_query: mers, ford, автоваз, Captiva и РСД-10
agent_zero_turn_type: brand_list_for_tis
agent_zero_subtype: 
classifier_source: dialog_act_router
topic_ids: ["tis_tariffs"]
selected_action: tis_tariffs
answer_text: Здравствуйте! TIS для Lada — 2500 руб.
По Ford цена TIS в текущем прайсе не указана.
Тариф EPC Full: 1 месяц — 6500 руб, 3 месяца — 18000 руб, 6 месяцев — 34800 руб, 12 месяцев — 62400 руб.
followup_trace: {"is_followup": true, "followup_type": "tis_brand_list_followup", "input": "mers, ford, автоваз, Captiva и РСД-10", "state_before": {"last_mentioned_brand": "", "last_topic_ids": ["epc_tariffs"], "last_action_name": "pricing_summary", "last_bot_question_type": "unknown", "active_request_kind": "epc_tariffs", "manager_handoff_stage": "none"}, "inherited_brand": "", "suggested_topics": ["tis_tariffs", "specific_brand_check"], "reason": "Brand list for TIS detected after pricing request."}
dialog_act_trace: {"applied": true, "reason": "tis_brand_list_pricing_flow", "topic_ids": ["tis_tariffs"], "action_name": "tis_tariffs", "turn_type": "brand_list_for_tis", "turn_subtype": "", "user_query": "mers, ford, автоваз, Captiva и РСД-10", "slot_snapshot": {"raw_brand_mentions": ["ford", "автоваз"], "brand_mentions": [{"raw_text": "ford", "normalized_key": "ford", "recognized": true, "display_name": "FORD", "canonical_brand": "ford"}, {"raw_text": "автоваз", "normalized_key": "автоваз", "recognized": true, "display_name": "LADA", "canonical_brand": "lada"}], "requested_brand_keys": ["ford", "автоваз"], "brands": ["ford", "lada"], "brand": "ford", "brand_display": "Ford", "brand_display_list": ["Ford", "Lada"]}, "product_context": {"raw_query": "mers, ford, автоваз, Captiva и РСД-10", "requested_products": [], "raw_brand_mentions": ["ford", "автоваз"], "mentioned_brands": ["ford", "lada"], "unknown_brand_mentions": [], "brand_display": ["Ford", "Lada"], "asks_price": false, "asks_availability": false, "asks_comparison": false, "partial_access_requested": false, "partial_package_requested": false, "partial_epc_requested": false, "inferred_product_context": "tis", "unsupported_brand_group": "", "unknown_brand_query": ""}, "state_before": {"client_type": "unknown", "legal_entity_confirmed": false, "purchase_active": false, "purchase_stage": "unknown", "last_question_type": "unknown", "last_primary_topic": "epc_tariffs", "last_topic_ids": ["epc_tariffs"], "last_secondary_topics": [], "dialog_phase": "discovery", "conversation_closed": false, "greeted": false, "active_flow": "none", "flow_step": "idle", "last_action_name": "pricing_summary", "same_action_repeats": 1, "manager_handoff_stage": "none", "evidence_status": "knowledge_context", "active_request_kind": "epc_tariffs", "document_contact_collected": false, "last_bot_question_type": "unknown", "last_mentioned_brand": "", "last_focus_topic": "epc_tariffs", "last_context_gist": "Клиент повторно спрашивает о стоимости подписки.", "last_context_meaning": "Клиент повторно запрашивает информацию о цене подписки.", "last_context_fallback_used": false, "last_context_fallback_reason": "", "active_business_flow": "pricing_tis", "active_pricing_flow": "tis", "pricing_requested_product": "tis", "requested_brands": [], "recognized_brands": [], "unknown_brand_mentions": [], "missing_price_brands": [], "priced_brands": [], "pending_brand_mentions": [], "pricing_mode": "all", "pricing_flow": {"active": true, "product": "tis", "mode": "all", "stage": "pricing_all", "brand_mentions": [], "brand_items": [], "raw_brand_mentions": [], "requested_brand_keys": [], "recognized_brands": [], "unknown_brand_mentions": [], "priced_brands": [], "missing_price_brands": [], "pending_brand_mentions": [], "processed_brand_mentions": [], "remaining_brand_mentions": []}, "service_semantic_memory": {}, "slots": {}}, "extra_state_patch": {"active_pricing_flow": "tis", "pricing_requested_product": "tis", "pricing_mode": "all", "active_business_flow": "pricing_tis", "last_primary_topic": "tis_tariffs", "last_topic_ids": ["tis_tariffs"], "last_secondary_topics": [], "last_focus_topic": "tis_tariffs", "active_request_kind": "tis_tariffs"}}
shortlist_selected_scores: null
shortlist_skipped: true
shortlist_skip_reason: "tis_brand_list_pricing_flow"
state_before: {"client_type": "unknown", "legal_entity_confirmed": false, "purchase_active": false, "purchase_stage": "unknown", "last_question_type": "unknown", "last_primary_topic": "epc_tariffs", "last_topic_ids": ["epc_tariffs"], "last_secondary_topics": [], "dialog_phase": "discovery", "conversation_closed": false, "greeted": false, "active_flow": "none", "flow_step": "idle", "last_action_name": "pricing_summary", "same_action_repeats": 1, "manager_handoff_stage": "none", "evidence_status": "knowledge_context", "active_request_kind": "epc_tariffs", "document_contact_collected": false, "last_bot_question_type": "unknown", "last_mentioned_brand": "", "last_focus_topic": "epc_tariffs", "last_context_gist": "Клиент повторно спрашивает о стоимости подписки.", "last_context_meaning": "Клиент повторно запрашивает информацию о цене подписки.", "last_context_fallback_used": false, "last_context_fallback_reason": "", "active_business_flow": "pricing_tis", "active_pricing_flow": "tis", "pricing_requested_product": "tis", "requested_brands": [], "recognized_brands": [], "unknown_brand_mentions": [], "missing_price_brands": [], "priced_brands": [], "pending_brand_mentions": [], "pricing_mode": "all", "pricing_flow": {"active": true, "product": "tis", "mode": "all", "stage": "pricing_all", "brand_mentions": [], "brand_items": [], "raw_brand_mentions": [], "requested_brand_keys": [], "recognized_brands": [], "unknown_brand_mentions": [], "priced_brands": [], "missing_price_brands": [], "pending_brand_mentions": [], "processed_brand_mentions": [], "remaining_brand_mentions": []}, "service_semantic_memory": {}, "slots": {}}
state_after_classification: {"client_type": "unknown", "legal_entity_confirmed": false, "purchase_active": false, "purchase_stage": "unknown", "last_question_type": "unknown", "last_primary_topic": "tis_tariffs", "last_topic_ids": ["tis_tariffs"], "last_secondary_topics": [], "dialog_phase": "discovery", "conversation_closed": false, "greeted": false, "active_flow": "none", "flow_step": "idle", "last_action_name": "pricing_summary", "same_action_repeats": 1, "manager_handoff_stage": "none", "evidence_status": "knowledge_context", "active_request_kind": "tis_tariffs", "document_contact_collected": false, "last_bot_question_type": "unknown", "last_mentioned_brand": "", "last_focus_topic": "tis_tariffs", "last_context_gist": "Клиент перечисляет бренды для подписки TIS после запроса бота.", "last_context_meaning": "Клиент предоставляет список брендов, для которых нужна подписка TIS.", "last_context_fallback_used": false, "last_context_fallback_reason": "", "active_business_flow": "pricing_tis", "active_pricing_flow": "tis", "pricing_requested_product": "tis", "requested_brands": ["ford", "автоваз"], "recognized_brands": ["ford", "lada"], "unknown_brand_mentions": [], "missing_price_brands": ["ford", "lada"], "priced_brands": [], "pending_brand_mentions": ["FORD", "LADA"], "pricing_mode": "all", "pricing_flow": {"active": true, "product": "tis", "mode": "all", "stage": "pricing_all", "brand_mentions": [{"raw_text": "ford", "normalized_key": "ford", "recognized": true, "display_name": "FORD", "canonical_brand": "ford"}, {"raw_text": "автоваз", "normalized_key": "автоваз", "recognized": true, "display_name": "LADA", "canonical_brand": "lada"}], "brand_items": [{"canonical_brand": "ford", "display_name": "FORD", "raw_surface": "ford", "recognized": true, "has_price": false, "processed": false, "status": "missing_price"}, {"canonical_brand": "lada", "display_name": "LADA", "raw_surface": "автоваз", "recognized": true, "has_price": false, "processed": false, "status": "missing_price"}], "raw_brand_mentions": ["ford", "автоваз"], "requested_brand_keys": ["ford", "автоваз"], "recognized_brands": ["ford", "lada"], "unknown_brand_mentions": [], "priced_brands": [], "missing_price_brands": ["ford", "lada"], "pending_brand_mentions": ["FORD", "LADA"], "processed_brand_mentions": [], "remaining_brand_mentions": ["FORD", "LADA"]}, "service_semantic_memory": {}, "slots": {"raw_brand_mentions": ["ford", "автоваз"], "brand_mentions": [{"raw_text": "ford", "normalized_key": "ford", "recognized": true, "display_name": "FORD", "canonical_brand": "ford"}, {"raw_text": "автоваз", "normalized_key": "автоваз", "recognized": true, "display_name": "LADA", "canonical_brand": "lada"}], "requested_brand_keys": ["ford", "автоваз"], "brands": ["ford", "lada"], "brand": "ford", "brand_display": "Ford", "brand_display_list": ["Ford", "Lada"]}}
state_after_response: {"client_type": "unknown", "legal_entity_confirmed": false, "purchase_active": false, "purchase_stage": "unknown", "last_question_type": "unknown", "last_primary_topic": "tis_tariffs", "last_topic_ids": ["tis_tariffs"], "last_secondary_topics": [], "dialog_phase": "discovery", "conversation_closed": false, "greeted": false, "active_flow": "none", "flow_step": "idle", "last_action_name": "tis_tariffs", "same_action_repeats": 1, "manager_handoff_stage": "none", "evidence_status": "knowledge_context", "active_request_kind": "tis_tariffs", "document_contact_collected": false, "last_bot_question_type": "unknown", "last_mentioned_brand": "", "last_focus_topic": "tis_tariffs", "last_context_gist": "Клиент перечисляет бренды для подписки TIS после запроса бота.", "last_context_meaning": "Клиент предоставляет список брендов, для которых нужна подписка TIS.", "last_context_fallback_used": false, "last_context_fallback_reason": "", "active_business_flow": "pricing_tis", "active_pricing_flow": "tis", "pricing_requested_product": "tis", "requested_brands": ["ford", "автоваз"], "recognized_brands": ["ford", "lada"], "unknown_brand_mentions": [], "missing_price_brands": ["ford"], "priced_brands": ["lada"], "pending_brand_mentions": ["FORD"], "pricing_mode": "all", "pricing_flow": {"active": true, "product": "tis", "mode": "all", "stage": "pricing_all", "brand_mentions": [{"raw_text": "ford", "normalized_key": "ford", "recognized": true, "display_name": "FORD", "canonical_brand": "ford"}, {"raw_text": "автоваз", "normalized_key": "автоваз", "recognized": true, "display_name": "LADA", "canonical_brand": "lada"}], "brand_items": [{"canonical_brand": "ford", "display_name": "FORD", "raw_surface": "ford", "recognized": true, "has_price": false, "processed": true, "status": "missing_price"}, {"canonical_brand": "lada", "display_name": "LADA", "raw_surface": "автоваз", "recognized": true, "has_price": true, "processed": true, "status": "priced"}], "raw_brand_mentions": ["ford", "автоваз"], "requested_brand_keys": ["ford", "автоваз"], "recognized_brands": ["ford", "lada"], "unknown_brand_mentions": [], "priced_brands": ["lada"], "missing_price_brands": ["ford"], "pending_brand_mentions": ["FORD"], "processed_brand_mentions": ["FORD", "LADA"], "remaining_brand_mentions": []}, "service_semantic_memory": {}, "slots": {"raw_brand_mentions": ["ford", "автоваз"], "brand_mentions": [{"raw_text": "ford", "normalized_key": "ford", "recognized": true, "display_name": "FORD", "canonical_brand": "ford"}, {"raw_text": "автоваз", "normalized_key": "автоваз", "recognized": true, "display_name": "LADA", "canonical_brand": "lada"}], "requested_brand_keys": ["ford", "автоваз"], "brands": ["ford", "lada"], "brand": "ford", "brand_display": "Ford", "brand_display_list": ["Ford", "Lada"]}}
answer_selection_trace: {"llm_answer": "По Ford цена TIS в текущем прайсе не указана. Стоимость TIS для Lada — 2500 руб. Тариф EPC Full: 1 месяц — 6500 руб, 3 месяца — 18000 руб, 6 месяцев — 34800 руб, 12 месяцев — 62400 руб.", "fallback_answer": "ford, lada\nPRODUCT CONTEXT:", "deterministic_answer": "TIS для Lada — 2500 руб.\nПо Ford цена TIS в текущем прайсе не указана.\nТариф EPC Full: 1 месяц — 6500 руб, 3 месяца — 18000 руб, 6 месяцев — 34800 руб, 12 месяцев — 62400 руб.", "validator_passed": true, "selected_source": "deterministic", "selection_reason": "Hard deterministic pricing policy applied for missing TIS price state.", "mandatory_blocks": [{"key": "brand_display", "required_phrases": ["Ford"], "semantic_tags": []}], "llm_validation": {"brand_display": true}, "action_compatible": true, "validator_trace": {"is_valid": true, "blocker_hits": [], "missing_required": []}, "final_answer_source": "deterministic", "hard_deterministic_pricing": true, "hard_deterministic_service": false, "hard_locked_action": false}
pricing_flow_trace: {"active": true, "product": "tis", "mode": "all", "stage": "pricing_all", "brand_mentions": [{"raw_text": "ford", "normalized_key": "ford", "recognized": true, "display_name": "FORD", "canonical_brand": "ford"}, {"raw_text": "автоваз", "normalized_key": "автоваз", "recognized": true, "display_name": "LADA", "canonical_brand": "lada"}], "brand_items": [{"canonical_brand": "ford", "display_name": "FORD", "raw_surface": "ford", "recognized": true, "has_price": false, "processed": false, "status": "missing_price"}, {"canonical_brand": "lada", "display_name": "LADA", "raw_surface": "автоваз", "recognized": true, "has_price": false, "processed": false, "status": "missing_price"}], "raw_brand_mentions": ["ford", "автоваз"], "requested_brand_keys": ["ford", "автоваз"], "recognized_brands": ["ford", "lada"], "unknown_brand_mentions": [], "priced_brands": [], "missing_price_brands": ["ford", "lada"], "pending_brand_mentions": ["FORD", "LADA"], "processed_brand_mentions": [], "remaining_brand_mentions": ["FORD", "LADA"]}
product_context_trace: {"raw_query": "mers, ford, автоваз, Captiva и РСД-10", "requested_products": [], "raw_brand_mentions": ["ford", "автоваз"], "mentioned_brands": ["ford", "lada"], "unknown_brand_mentions": [], "brand_display": ["Ford", "Lada"], "asks_price": false, "asks_availability": false, "asks_comparison": false, "partial_access_requested": false, "partial_package_requested": false, "partial_epc_requested": false, "inferred_product_context": "tis", "unsupported_brand_group": "", "unknown_brand_query": "", "tis_price_status": "mixed", "fallback_price_blocks": ["epc"]}


НЕ НАЙДЕНО В ЛОГАХ
--------------------------------------------------------------------------------
Прошу рассказать подробнее
Будет доступ, если нет инета
Когда свяжется менеджер?
